mvn : SLF4J(W): Class path contains multiple SLF4J providers.
At line:1 char:64
+ ... ntentBase'; mvn test -Dtest="*IntegrationTest" -q 2>&1 > test_output. ...
+                 ~~~~~~~~~~~~~~~~~~~~~~~~~~~~~~~~~~~~~~~~~~~~~~~~~~~~~~~~~
    + CategoryInfo          : NotSpecified: (SLF4J(W): Class...LF4J providers.:String) [], Remote 
   Exception
    + FullyQualifiedErrorId : NativeCommandError
 
SLF4J(W): Found provider [ch.qos.logback.classic.spi.LogbackServiceProvider@49c7b90e]
SLF4J(W): Found provider [org.slf4j.reload4j.Reload4jServiceProvider@10d307f1]
SLF4J(W): Found provider [org.slf4j.simple.SimpleServiceProvider@4d5b6aac]
SLF4J(W): See https://www.slf4j.org/codes.html#multiple_bindings for an explanation.
SLF4J(I): Actual provider is of type [ch.qos.logback.classic.spi.LogbackServiceProvider@49c7b90e]
22:57:45.245 [main] INFO org.springframework.test.context.support.AnnotationConfigContextLoaderUtils -- Could not detect default configuration classes for test class [com.ryanlab.contentbase.integration.controller.admin.article.CreateArticleIntegrationTest]: CreateArticleIntegrationTest does not declare any static, non-private, non-final, nested classes annotated with @Configuration.
22:57:45.727 [main] INFO org.springframework.boot.test.context.SpringBootTestContextBootstrapper -- Found @SpringBootConfiguration com.ryanlab.contentbase.ContentBaseApplication for test class com.ryanlab.contentbase.integration.controller.admin.article.CreateArticleIntegrationTest
22:57:46.146 [main] INFO org.springframework.boot.devtools.restart.RestartApplicationListener -- Restart disabled due to context in which it is running

  .   ____          _            __ _ _
 /\\ / ___'_ __ _ _(_)_ __  __ _ \ \ \ \
( ( )\___ | '_ | '_| | '_ \/ _` | \ \ \ \
 \\/  ___)| |_)| | | | | || (_| |  ) ) ) )
  '  |____| .__|_| |_|_| |_\__, | / / / /
 =========|_|==============|___/=/_/_/_/

 :: Spring Boot ::                (v3.4.1)

2025-12-01T22:57:46.983+07:00  INFO 18960 --- [ContentBase-Test] [           main] r.c.i.c.a.a.CreateArticleIntegrationTest : Starting CreateArticleIntegrationTest using Java 21.0.4 with PID 18960 (started by rianta9 in E:\SourcesCode\SourcesJava\Projects\CodeBase\ContentBase)
2025-12-01T22:57:46.999+07:00  INFO 18960 --- [ContentBase-Test] [           main] r.c.i.c.a.a.CreateArticleIntegrationTest : The following 1 profile is active: "test"
2025-12-01T22:57:49.678+07:00  INFO 18960 --- [ContentBase-Test] [           main] .s.d.r.c.RepositoryConfigurationDelegate : Multiple Spring Data modules found, entering strict repository configuration mode
2025-12-01T22:57:49.694+07:00  INFO 18960 --- [ContentBase-Test] [           main] .s.d.r.c.RepositoryConfigurationDelegate : Bootstrapping Spring Data JPA repositories in DEFAULT mode.
2025-12-01T22:57:50.050+07:00  INFO 18960 --- [ContentBase-Test] [           main] .s.d.r.c.RepositoryConfigurationDelegate : Finished Spring Data repository scanning in 331 ms. Found 9 JPA repository interfaces.
2025-12-01T22:57:52.023+07:00  INFO 18960 --- [ContentBase-Test] [           main] o.s.b.w.embedded.tomcat.TomcatWebServer  : Tomcat initialized with port 0 (http)
2025-12-01T22:57:52.054+07:00  INFO 18960 --- [ContentBase-Test] [           main] o.apache.catalina.core.StandardService   : Starting service [Tomcat]
2025-12-01T22:57:52.054+07:00  INFO 18960 --- [ContentBase-Test] [           main] o.apache.catalina.core.StandardEngine    : Starting Servlet engine: [Apache Tomcat/10.1.34]
2025-12-01T22:57:52.248+07:00  INFO 18960 --- [ContentBase-Test] [           main] o.a.c.c.C.[.[localhost].[/api/v1]        : Initializing Spring embedded WebApplicationContext
2025-12-01T22:57:52.248+07:00  INFO 18960 --- [ContentBase-Test] [           main] w.s.c.ServletWebServerApplicationContext : Root WebApplicationContext: initialization completed in 5212 ms
2025-12-01T22:57:52.538+07:00  INFO 18960 --- [ContentBase-Test] [           main] com.zaxxer.hikari.HikariDataSource       : HikariPool-1 - Starting...
2025-12-01T22:57:53.084+07:00  INFO 18960 --- [ContentBase-Test] [           main] com.zaxxer.hikari.pool.HikariPool        : HikariPool-1 - Added connection conn0: url=jdbc:h2:mem:testdb user=SA
2025-12-01T22:57:53.084+07:00  INFO 18960 --- [ContentBase-Test] [           main] com.zaxxer.hikari.HikariDataSource       : HikariPool-1 - Start completed.
2025-12-01T22:57:54.723+07:00  INFO 18960 --- [ContentBase-Test] [           main] o.s.o.j.p.SpringPersistenceUnitInfo      : No LoadTimeWeaver setup: ignoring JPA class transformer
2025-12-01T22:57:54.832+07:00  WARN 18960 --- [ContentBase-Test] [           main] org.hibernate.orm.deprecation            : HHH90000025: H2Dialect does not need to be specified explicitly using 'hibernate.dialect' (remove the property setting and it will be selected by default)
2025-12-01T22:57:56.946+07:00  INFO 18960 --- [ContentBase-Test] [           main] j.LocalContainerEntityManagerFactoryBean : Initialized JPA EntityManagerFactory for persistence unit 'default'
2025-12-01T22:57:57.800+07:00  INFO 18960 --- [ContentBase-Test] [           main] o.s.d.j.r.query.QueryEnhancerFactory     : Hibernate is in classpath; If applicable, HQL parser will be used.
Mockito is currently self-attaching to enable the inline-mock-maker. This will no longer work in 
future releases of the JDK. Please add Mockito as an agent to your build what is described in 
Mockito's documentation: 
https://javadoc.io/doc/org.mockito/mockito-core/latest/org/mockito/Mockito.html#0.3
Java HotSpot(TM) 64-Bit Server VM warning: Sharing is only supported for boot loader classes 
because bootstrap classpath has been appended
WARNING: A Java agent has been loaded dynamically (C:\Users\Admin\.m2\repository\net\bytebuddy\byt
e-buddy-agent\1.15.11\byte-buddy-agent-1.15.11.jar)
WARNING: If a serviceability tool is in use, please run with -XX:+EnableDynamicAgentLoading to 
hide this warning
WARNING: If a serviceability tool is not in use, please run with -Djdk.instrument.traceUsage for 
more information
WARNING: Dynamic loading of agents will be disallowed by default in a future release
2025-12-01T22:58:04.116+07:00  WARN 18960 --- [ContentBase-Test] [           main] JpaBaseConfiguration$JpaWebConfiguration : spring.jpa.open-in-view is enabled by default. Therefore, database queries may be performed during view rendering. Explicitly configure spring.jpa.open-in-view to disable this warning
2025-12-01T22:58:04.209+07:00  WARN 18960 --- [ContentBase-Test] [           main] .s.s.UserDetailsServiceAutoConfiguration : 

Using generated security password: 9954f15c-d68e-4587-b143-3676a8872f7b

This generated password is for development use only. Your security configuration must be updated before running your application in production.

2025-12-01T22:58:04.397+07:00  INFO 18960 --- [ContentBase-Test] [           main] r$InitializeUserDetailsManagerConfigurer : Global AuthenticationManager configured with UserDetailsService bean with name inMemoryUserDetailsManager
2025-12-01T22:58:06.155+07:00  WARN 18960 --- [ContentBase-Test] [           main] ion$DefaultTemplateResolverConfiguration : Cannot find template location: classpath:/templates/ (please add some templates, check your Thymeleaf configuration, or set spring.thymeleaf.check-template-location=false)
2025-12-01T22:58:06.877+07:00  INFO 18960 --- [ContentBase-Test] [           main] o.a.c.c.C.[.[localhost].[/api/v1]        : Initializing Spring TestDispatcherServlet ''
2025-12-01T22:58:06.877+07:00  INFO 18960 --- [ContentBase-Test] [           main] o.s.t.web.servlet.TestDispatcherServlet  : Initializing Servlet ''
2025-12-01T22:58:06.877+07:00  INFO 18960 --- [ContentBase-Test] [           main] o.s.t.web.servlet.TestDispatcherServlet  : Completed initialization in 0 ms
2025-12-01T22:58:07.427+07:00  INFO 18960 --- [ContentBase-Test] [           main] o.s.b.w.embedded.tomcat.TomcatWebServer  : Tomcat started on port 57931 (http) with context path '/api/v1'
2025-12-01T22:58:07.467+07:00  INFO 18960 --- [ContentBase-Test] [           main] r.c.i.c.a.a.CreateArticleIntegrationTest : Started CreateArticleIntegrationTest in 21.328 seconds (process running for 25.204)
2025-12-01T22:58:08.899+07:00 ERROR 18960 --- [ContentBase-Test] [           main] c.r.c.core.api.ResponseMessageId         : Not found ResponseMessageId with name: Row was updated or deleted by another transaction (or unsaved-value mapping was incorrect): [com.ryanlab.contentbase.model.entity.Article#0798a31e-9706-44fb-9cae-8c2b31b348b6]
2025-12-01T22:58:08.899+07:00 ERROR 18960 --- [ContentBase-Test] [           main] c.r.c.c.e.GlobalExceptionHandler         : Not found ResponseMessage with ID = E_NO_CATEGORY_MESSAGE
2025-12-01T22:58:08.914+07:00 ERROR 18960 --- [ContentBase-Test] [           main] c.r.c.c.e.GlobalExceptionHandler         : Not found ResponseMessage with ID = E_NO_CATEGORY_MESSAGE

MockHttpServletRequest:
      HTTP Method = POST
      Request URI = /api/admin/articles
       Parameters = {}
          Headers = [Content-Type:"application/json;charset=UTF-8", Content-Length:"9165"]
             Body = {"title":"Test Article Title","slug":"test-article-slug","content":"Very long content Very long content Very long content Very long content Very long content Very long content Very long content Very long content Very long content Very long content Very long content Very long content Very long content Very long content Very long content Very long content Very long content Very long content Very long content Very long content Very long content Very long content Very long content Very long content Very long content Very long content Very long content Very long content Very long content Very long content Very long content Very long content Very long content Very long content Very long content Very long content Very long content Very long content Very long content Very long content Very long content Very long content Very long content Very long content Very long content Very long content Very long content Very long content Very long content Very long content Very long content Very long content Very long content Very long content Very long content Very long content Very long content Very long content Very long content Very long content Very long content Very long content Very long content Very long content Very long content Very long content Very long content Very long content Very long content Very long content Very long content Very long content Very long content Very long content Very long content Very long content Very long content Very long content Very long content Very long content Very long content Very long content Very long content Very long content Very long content Very long content Very long content Very long content Very long content Very long content Very long content Very long content Very long content Very long content Very long content Very long content Very long content Very long content Very long content Very long content Very long content Very long content Very long content Very long content Very long content Very long content Very long content Very long content Very long content Very long content Very long content Very long content Very long content Very long content Very long content Very long content Very long content Very long content Very long content Very long content Very long content Very long content Very long content Very long content Very long content Very long content Very long content Very long content Very long content Very long content Very long content Very long content Very long content Very long content Very long content Very long content Very long content Very long content Very long content Very long content Very long content Very long content Very long content Very long content Very long content Very long content Very long content Very long content Very long content Very long content Very long content Very long content Very long content Very long content Very long content Very long content Very long content Very long content Very long content Very long content Very long content Very long content Very long content Very long content Very long content Very long content Very long content Very long content Very long content Very long content Very long content Very long content Very long content Very long content Very long content Very long content Very long content Very long content Very long content Very long content Very long content Very long content Very long content Very long content Very long content Very long content Very long content Very long content Very long content Very long content Very long content Very long content Very long content Very long content Very long content Very long content Very long content Very long content Very long content Very long content Very long content Very long content Very long content Very long content Very long content Very long content Very long content Very long content Very long content Very long content Very long content Very long content Very long content Very long content Very long content Very long content Very long content Very long content Very long content Very long content Very long content Very long content Very long content Very long content Very long content Very long content Very long content Very long content Very long content Very long content Very long content Very long content Very long content Very long content Very long content Very long content Very long content Very long content Very long content Very long content Very long content Very long content Very long content Very long content Very long content Very long content Very long content Very long content Very long content Very long content Very long content Very long content Very long content Very long content Very long content Very long content Very long content Very long content Very long content Very long content Very long content Very long content Very long content Very long content Very long content Very long content Very long content Very long content Very long content Very long content Very long content Very long content Very long content Very long content Very long content Very long content Very long content Very long content Very long content Very long content Very long content Very long content Very long content Very long content Very long content Very long content Very long content Very long content Very long content Very long content Very long content Very long content Very long content Very long content Very long content Very long content Very long content Very long content Very long content Very long content Very long content Very long content Very long content Very long content Very long content Very long content Very long content Very long content Very long content Very long content Very long content Very long content Very long content Very long content Very long content Very long content Very long content Very long content Very long content Very long content Very long content Very long content Very long content Very long content Very long content Very long content Very long content Very long content Very long content Very long content Very long content Very long content Very long content Very long content Very long content Very long content Very long content Very long content Very long content Very long content Very long content Very long content Very long content Very long content Very long content Very long content Very long content Very long content Very long content Very long content Very long content Very long content Very long content Very long content Very long content Very long content Very long content Very long content Very long content Very long content Very long content Very long content Very long content Very long content Very long content Very long content Very long content Very long content Very long content Very long content Very long content Very long content Very long content Very long content Very long content Very long content Very long content Very long content Very long content Very long content Very long content Very long content Very long content Very long content Very long content Very long content Very long content Very long content Very long content Very long content Very long content Very long content Very long content Very long content Very long content Very long content Very long content Very long content Very long content Very long content Very long content Very long content Very long content Very long content Very long content Very long content Very long content Very long content Very long content Very long content Very long content Very long content Very long content Very long content Very long content Very long content Very long content Very long content Very long content Very long content Very long content Very long content Very long content Very long content Very long content Very long content Very long content Very long content Very long content Very long content Very long content Very long content Very long content Very long content Very long content Very long content Very long content Very long content Very long content Very long content Very long content Very long content Very long content Very long content Very long content Very long content Very long content Very long content Very long content Very long content Very long content Very long content Very long content Very long content Very long content Very long content Very long content Very long content Very long content Very long content Very long content Very long content Very long content Very long content Very long content Very long content Very long content Very long content Very long content Very long content Very long content Very long content Very long content Very long content Very long content Very long content Very long content Very long content Very long content Very long content Very long content Very long content Very long content Very long content Very long content Very long content Very long content Very long content Very long content Very long content Very long content Very long content Very long content Very long content Very long content Very long content Very long content Very long content Very long content Very long content ","description":"Brief description","thumbnail":"https://example.com/image.jpg","status":"DRAFT"}
    Session Attrs = {SPRING_SECURITY_CONTEXT=SecurityContextImpl [Authentication=UsernamePasswordAuthenticationToken [Principal=org.springframework.security.core.userdetails.User [Username=admin, Password=[PROTECTED], Enabled=true, AccountNonExpired=true, CredentialsNonExpired=true, AccountNonLocked=true, Granted Authorities=[ROLE_ADMIN]], Credentials=[PROTECTED], Authenticated=true, Details=null, Granted Authorities=[ROLE_ADMIN]]]}

Handler:
             Type = com.ryanlab.contentbase.controller.admin.article.AdminArticleController
           Method = com.ryanlab.contentbase.controller.admin.article.AdminArticleController#createArticle(ArticleCreationRequest, Authentication)

Async:
    Async started = false
     Async result = null

Resolved Exception:
             Type = org.springframework.orm.ObjectOptimisticLockingFailureException

ModelAndView:
        View name = null
             View = null
            Model = null

FlashMap:
       Attributes = null

MockHttpServletResponse:
           Status = 500
    Error message = null
          Headers = [Content-Type:"application/json", X-Content-Type-Options:"nosniff", X-XSS-Protection:"0", Cache-Control:"no-cache, no-store, max-age=0, must-revalidate", Pragma:"no-cache", Expires:"0", X-Frame-Options:"DENY"]
     Content type = application/json
             Body = {"code":500,"body":{"responseType":"UNKNOW","statusCode":500,"messageSummary":"Internal Server Error","messageDetail":"Internal Server Error"}}
    Forwarded URL = null
   Redirected URL = null
          Cookies = []
2025-12-01T22:58:09.364+07:00 ERROR 18960 --- [ContentBase-Test] [           main] c.r.c.core.api.ResponseMessageId         : Not found ResponseMessageId with name: Row was updated or deleted by another transaction (or unsaved-value mapping was incorrect): [com.ryanlab.contentbase.model.entity.Article#08ea7bd6-bc84-474d-ba86-55102300985c]
2025-12-01T22:58:09.364+07:00 ERROR 18960 --- [ContentBase-Test] [           main] c.r.c.c.e.GlobalExceptionHandler         : Not found ResponseMessage with ID = E_NO_CATEGORY_MESSAGE
2025-12-01T22:58:09.364+07:00 ERROR 18960 --- [ContentBase-Test] [           main] c.r.c.c.e.GlobalExceptionHandler         : Not found ResponseMessage with ID = E_NO_CATEGORY_MESSAGE

MockHttpServletRequest:
      HTTP Method = POST
      Request URI = /api/admin/articles
       Parameters = {}
          Headers = [Content-Type:"application/json;charset=UTF-8", Content-Length:"191"]
             Body = {"title":"Test Article Title","slug":"","content":"Test article content with sufficient length","description":"Brief description","thumbnail":"https://example.com/image.jpg","status":"DRAFT"}
    Session Attrs = {SPRING_SECURITY_CONTEXT=SecurityContextImpl [Authentication=UsernamePasswordAuthenticationToken [Principal=org.springframework.security.core.userdetails.User [Username=admin, Password=[PROTECTED], Enabled=true, AccountNonExpired=true, CredentialsNonExpired=true, AccountNonLocked=true, Granted Authorities=[ROLE_ADMIN]], Credentials=[PROTECTED], Authenticated=true, Details=null, Granted Authorities=[ROLE_ADMIN]]]}

Handler:
             Type = com.ryanlab.contentbase.controller.admin.article.AdminArticleController
           Method = com.ryanlab.contentbase.controller.admin.article.AdminArticleController#createArticle(ArticleCreationRequest, Authentication)

Async:
    Async started = false
     Async result = null

Resolved Exception:
             Type = org.springframework.orm.ObjectOptimisticLockingFailureException

ModelAndView:
        View name = null
             View = null
            Model = null

FlashMap:
       Attributes = null

MockHttpServletResponse:
           Status = 500
    Error message = null
          Headers = [Content-Type:"application/json", X-Content-Type-Options:"nosniff", X-XSS-Protection:"0", Cache-Control:"no-cache, no-store, max-age=0, must-revalidate", Pragma:"no-cache", Expires:"0", X-Frame-Options:"DENY"]
     Content type = application/json
             Body = {"code":500,"body":{"responseType":"UNKNOW","statusCode":500,"messageSummary":"Internal Server Error","messageDetail":"Internal Server Error"}}
    Forwarded URL = null
   Redirected URL = null
          Cookies = []
2025-12-01T22:58:09.426+07:00 ERROR 18960 --- [ContentBase-Test] [           main] c.r.c.core.api.ResponseMessageId         : Not found ResponseMessageId with name: Access Denied
2025-12-01T22:58:09.442+07:00 ERROR 18960 --- [ContentBase-Test] [           main] c.r.c.c.e.GlobalExceptionHandler         : Not found ResponseMessage with ID = E_NO_CATEGORY_MESSAGE
2025-12-01T22:58:09.442+07:00 ERROR 18960 --- [ContentBase-Test] [           main] c.r.c.c.e.GlobalExceptionHandler         : Not found ResponseMessage with ID = E_NO_CATEGORY_MESSAGE

MockHttpServletRequest:
      HTTP Method = POST
      Request URI = /api/admin/articles
       Parameters = {}
          Headers = [Content-Type:"application/json;charset=UTF-8", Content-Length:"208"]
             Body = {"title":"Test Article Title","slug":"test-article-slug","content":"Test article content with sufficient length","description":"Brief description","thumbnail":"https://example.com/image.jpg","status":"DRAFT"}
    Session Attrs = {}

Handler:
             Type = com.ryanlab.contentbase.controller.admin.article.AdminArticleController
           Method = com.ryanlab.contentbase.controller.admin.article.AdminArticleController#createArticle(ArticleCreationRequest, Authentication)

Async:
    Async started = false
     Async result = null

Resolved Exception:
             Type = org.springframework.security.authorization.AuthorizationDeniedException

ModelAndView:
        View name = null
             View = null
            Model = null

FlashMap:
       Attributes = null

MockHttpServletResponse:
           Status = 500
    Error message = null
          Headers = [Content-Type:"application/json", X-Content-Type-Options:"nosniff", X-XSS-Protection:"0", Cache-Control:"no-cache, no-store, max-age=0, must-revalidate", Pragma:"no-cache", Expires:"0", X-Frame-Options:"DENY"]
     Content type = application/json
             Body = {"code":500,"body":{"responseType":"UNKNOW","statusCode":500,"messageSummary":"Internal Server Error","messageDetail":"Internal Server Error"}}
    Forwarded URL = null
   Redirected URL = null
          Cookies = []
2025-12-01T22:58:09.524+07:00 ERROR 18960 --- [ContentBase-Test] [           main] c.r.c.core.api.ResponseMessageId         : Not found ResponseMessageId with name: Row was updated or deleted by another transaction (or unsaved-value mapping was incorrect): [com.ryanlab.contentbase.model.entity.Article#9c2b73f8-3178-42ca-9dc4-1f492a1063f1]
2025-12-01T22:58:09.524+07:00 ERROR 18960 --- [ContentBase-Test] [           main] c.r.c.c.e.GlobalExceptionHandler         : Not found ResponseMessage with ID = E_NO_CATEGORY_MESSAGE
2025-12-01T22:58:09.524+07:00 ERROR 18960 --- [ContentBase-Test] [           main] c.r.c.c.e.GlobalExceptionHandler         : Not found ResponseMessage with ID = E_NO_CATEGORY_MESSAGE

MockHttpServletRequest:
      HTTP Method = POST
      Request URI = /api/admin/articles
       Parameters = {}
          Headers = [Content-Type:"application/json;charset=UTF-8", Content-Length:"208"]
             Body = {"title":"Test Article Title","slug":"test-article-slug","content":"Test article content with sufficient length","description":"Brief description","thumbnail":"https://example.com/image.jpg","status":"DRAFT"}
    Session Attrs = {SPRING_SECURITY_CONTEXT=SecurityContextImpl [Authentication=UsernamePasswordAuthenticationToken [Principal=org.springframework.security.core.userdetails.User [Username=admin, Password=[PROTECTED], Enabled=true, AccountNonExpired=true, CredentialsNonExpired=true, AccountNonLocked=true, Granted Authorities=[ROLE_ADMIN]], Credentials=[PROTECTED], Authenticated=true, Details=null, Granted Authorities=[ROLE_ADMIN]]]}

Handler:
             Type = com.ryanlab.contentbase.controller.admin.article.AdminArticleController
           Method = com.ryanlab.contentbase.controller.admin.article.AdminArticleController#createArticle(ArticleCreationRequest, Authentication)

Async:
    Async started = false
     Async result = null

Resolved Exception:
             Type = org.springframework.orm.ObjectOptimisticLockingFailureException

ModelAndView:
        View name = null
             View = null
            Model = null

FlashMap:
       Attributes = null

MockHttpServletResponse:
           Status = 500
    Error message = null
          Headers = [Content-Type:"application/json", X-Content-Type-Options:"nosniff", X-XSS-Protection:"0", Cache-Control:"no-cache, no-store, max-age=0, must-revalidate", Pragma:"no-cache", Expires:"0", X-Frame-Options:"DENY"]
     Content type = application/json
             Body = {"code":500,"body":{"responseType":"UNKNOW","statusCode":500,"messageSummary":"Internal Server Error","messageDetail":"Internal Server Error"}}
    Forwarded URL = null
   Redirected URL = null
          Cookies = []
2025-12-01T22:58:09.602+07:00 ERROR 18960 --- [ContentBase-Test] [           main] c.r.c.core.api.ResponseMessageId         : Not found ResponseMessageId with name: Validation failed for argument [0] in public org.springframework.http.ResponseEntity<com.ryanlab.contentbase.model.dto.response.content.CreateArticleResponse> com.ryanlab.contentbase.controller.admin.article.AdminArticleController.createArticle(com.ryanlab.contentbase.model.dto.request.ArticleCreationRequest,org.springframework.security.core.Authentication): [Field error in object 'articleCreationRequest' on field 'content': rejected value []; codes [NotBlank.articleCreationRequest.content,NotBlank.content,NotBlank.java.lang.String,NotBlank]; arguments [org.springframework.context.support.DefaultMessageSourceResolvable: codes [articleCreationRequest.content,content]; arguments []; default message [content]]; default message [must not be blank]] 
2025-12-01T22:58:09.602+07:00 ERROR 18960 --- [ContentBase-Test] [           main] c.r.c.c.e.GlobalExceptionHandler         : Not found ResponseMessage with ID = E_NO_CATEGORY_MESSAGE
2025-12-01T22:58:09.602+07:00 ERROR 18960 --- [ContentBase-Test] [           main] c.r.c.c.e.GlobalExceptionHandler         : Not found ResponseMessage with ID = E_NO_CATEGORY_MESSAGE

MockHttpServletRequest:
      HTTP Method = POST
      Request URI = /api/admin/articles
       Parameters = {}
          Headers = [Content-Type:"application/json;charset=UTF-8", Content-Length:"165"]
             Body = {"title":"Test Article Title","slug":"test-article-slug","content":"","description":"Brief description","thumbnail":"https://example.com/image.jpg","status":"DRAFT"}
    Session Attrs = {SPRING_SECURITY_CONTEXT=SecurityContextImpl [Authentication=UsernamePasswordAuthenticationToken [Principal=org.springframework.security.core.userdetails.User [Username=admin, Password=[PROTECTED], Enabled=true, AccountNonExpired=true, CredentialsNonExpired=true, AccountNonLocked=true, Granted Authorities=[ROLE_ADMIN]], Credentials=[PROTECTED], Authenticated=true, Details=null, Granted Authorities=[ROLE_ADMIN]]]}

Handler:
             Type = com.ryanlab.contentbase.controller.admin.article.AdminArticleController
           Method = com.ryanlab.contentbase.controller.admin.article.AdminArticleController#createArticle(ArticleCreationRequest, Authentication)

Async:
    Async started = false
     Async result = null

Resolved Exception:
             Type = org.springframework.web.bind.MethodArgumentNotValidException

ModelAndView:
        View name = null
             View = null
            Model = null

FlashMap:
       Attributes = null

MockHttpServletResponse:
           Status = 500
    Error message = null
          Headers = [Content-Type:"application/json", X-Content-Type-Options:"nosniff", X-XSS-Protection:"0", Cache-Control:"no-cache, no-store, max-age=0, must-revalidate", Pragma:"no-cache", Expires:"0", X-Frame-Options:"DENY"]
     Content type = application/json
             Body = {"code":500,"body":{"responseType":"UNKNOW","statusCode":500,"messageSummary":"Internal Server Error","messageDetail":"Internal Server Error"}}
    Forwarded URL = null
   Redirected URL = null
          Cookies = []
2025-12-01T22:58:09.700+07:00 ERROR 18960 --- [ContentBase-Test] [           main] c.r.c.core.api.ResponseMessageId         : Not found ResponseMessageId with name: Row was updated or deleted by another transaction (or unsaved-value mapping was incorrect): [com.ryanlab.contentbase.model.entity.Article#231492a8-5958-4fec-a1e4-c71cb9fc5565]
2025-12-01T22:58:09.705+07:00 ERROR 18960 --- [ContentBase-Test] [           main] c.r.c.c.e.GlobalExceptionHandler         : Not found ResponseMessage with ID = E_NO_CATEGORY_MESSAGE
2025-12-01T22:58:09.709+07:00 ERROR 18960 --- [ContentBase-Test] [           main] c.r.c.c.e.GlobalExceptionHandler         : Not found ResponseMessage with ID = E_NO_CATEGORY_MESSAGE

MockHttpServletRequest:
      HTTP Method = POST
      Request URI = /api/admin/articles
       Parameters = {}
          Headers = [Content-Type:"application/json;charset=UTF-8", Content-Length:"130"]
             Body = {"title":"Test Article","slug":"test-article","content":"Test content","description":"Description","thumbnail":null,"status":null}
    Session Attrs = {SPRING_SECURITY_CONTEXT=SecurityContextImpl [Authentication=UsernamePasswordAuthenticationToken [Principal=org.springframework.security.core.userdetails.User [Username=admin, Password=[PROTECTED], Enabled=true, AccountNonExpired=true, CredentialsNonExpired=true, AccountNonLocked=true, Granted Authorities=[ROLE_ADMIN]], Credentials=[PROTECTED], Authenticated=true, Details=null, Granted Authorities=[ROLE_ADMIN]]]}

Handler:
             Type = com.ryanlab.contentbase.controller.admin.article.AdminArticleController
           Method = com.ryanlab.contentbase.controller.admin.article.AdminArticleController#createArticle(ArticleCreationRequest, Authentication)

Async:
    Async started = false
     Async result = null

Resolved Exception:
             Type = org.springframework.orm.ObjectOptimisticLockingFailureException

ModelAndView:
        View name = null
             View = null
            Model = null

FlashMap:
       Attributes = null

MockHttpServletResponse:
           Status = 500
    Error message = null
          Headers = [Content-Type:"application/json", X-Content-Type-Options:"nosniff", X-XSS-Protection:"0", Cache-Control:"no-cache, no-store, max-age=0, must-revalidate", Pragma:"no-cache", Expires:"0", X-Frame-Options:"DENY"]
     Content type = application/json
             Body = {"code":500,"body":{"responseType":"UNKNOW","statusCode":500,"messageSummary":"Internal Server Error","messageDetail":"Internal Server Error"}}
    Forwarded URL = null
   Redirected URL = null
          Cookies = []
2025-12-01T22:58:09.868+07:00 ERROR 18960 --- [ContentBase-Test] [           main] c.r.c.core.api.ResponseMessageId         : Not found ResponseMessageId with name: Validation failed for argument [0] in public org.springframework.http.ResponseEntity<com.ryanlab.contentbase.model.dto.response.content.CreateArticleResponse> com.ryanlab.contentbase.controller.admin.article.AdminArticleController.createArticle(com.ryanlab.contentbase.model.dto.request.ArticleCreationRequest,org.springframework.security.core.Authentication): [Field error in object 'articleCreationRequest' on field 'title': rejected value []; codes [Size.articleCreationRequest.title,Size.title,Size.java.lang.String,Size]; arguments [org.springframework.context.support.DefaultMessageSourceResolvable: codes [articleCreationRequest.title,title]; arguments []; default message [title],255,10]; default message [E_INVALID_INPUT_FIELD]] 
2025-12-01T22:58:09.886+07:00 ERROR 18960 --- [ContentBase-Test] [           main] c.r.c.c.e.GlobalExceptionHandler         : Not found ResponseMessage with ID = E_NO_CATEGORY_MESSAGE
2025-12-01T22:58:09.886+07:00 ERROR 18960 --- [ContentBase-Test] [           main] c.r.c.c.e.GlobalExceptionHandler         : Not found ResponseMessage with ID = E_NO_CATEGORY_MESSAGE

MockHttpServletRequest:
      HTTP Method = POST
      Request URI = /api/admin/articles
       Parameters = {}
          Headers = [Content-Type:"application/json;charset=UTF-8", Content-Length:"190"]
             Body = {"title":"","slug":"test-article-slug","content":"Test article content with sufficient length","description":"Brief description","thumbnail":"https://example.com/image.jpg","status":"DRAFT"}
    Session Attrs = {SPRING_SECURITY_CONTEXT=SecurityContextImpl [Authentication=UsernamePasswordAuthenticationToken [Principal=org.springframework.security.core.userdetails.User [Username=admin, Password=[PROTECTED], Enabled=true, AccountNonExpired=true, CredentialsNonExpired=true, AccountNonLocked=true, Granted Authorities=[ROLE_ADMIN]], Credentials=[PROTECTED], Authenticated=true, Details=null, Granted Authorities=[ROLE_ADMIN]]]}

Handler:
             Type = com.ryanlab.contentbase.controller.admin.article.AdminArticleController
           Method = com.ryanlab.contentbase.controller.admin.article.AdminArticleController#createArticle(ArticleCreationRequest, Authentication)

Async:
    Async started = false
     Async result = null

Resolved Exception:
             Type = org.springframework.web.bind.MethodArgumentNotValidException

ModelAndView:
        View name = null
             View = null
            Model = null

FlashMap:
       Attributes = null

MockHttpServletResponse:
           Status = 500
    Error message = null
          Headers = [Content-Type:"application/json", X-Content-Type-Options:"nosniff", X-XSS-Protection:"0", Cache-Control:"no-cache, no-store, max-age=0, must-revalidate", Pragma:"no-cache", Expires:"0", X-Frame-Options:"DENY"]
     Content type = application/json
             Body = {"code":500,"body":{"responseType":"UNKNOW","statusCode":500,"messageSummary":"Internal Server Error","messageDetail":"Internal Server Error"}}
    Forwarded URL = null
   Redirected URL = null
          Cookies = []
2025-12-01T22:58:09.989+07:00 ERROR 18960 --- [ContentBase-Test] [           main] c.r.c.core.api.ResponseMessageId         : Not found ResponseMessageId with name: Row was updated or deleted by another transaction (or unsaved-value mapping was incorrect): [com.ryanlab.contentbase.model.entity.Article#ef152d43-602c-4f48-865f-c7d30e6ebb83]
2025-12-01T22:58:09.993+07:00 ERROR 18960 --- [ContentBase-Test] [           main] c.r.c.c.e.GlobalExceptionHandler         : Not found ResponseMessage with ID = E_NO_CATEGORY_MESSAGE
2025-12-01T22:58:09.993+07:00 ERROR 18960 --- [ContentBase-Test] [           main] c.r.c.c.e.GlobalExceptionHandler         : Not found ResponseMessage with ID = E_NO_CATEGORY_MESSAGE

MockHttpServletRequest:
      HTTP Method = POST
      Request URI = /api/admin/articles
       Parameters = {}
          Headers = [Content-Type:"application/json;charset=UTF-8", Content-Length:"212"]
             Body = {"title":"  Test Article Title  ","slug":"test-article-slug","content":"Test article content with sufficient length","description":"Brief description","thumbnail":"https://example.com/image.jpg","status":"DRAFT"}
    Session Attrs = {SPRING_SECURITY_CONTEXT=SecurityContextImpl [Authentication=UsernamePasswordAuthenticationToken [Principal=org.springframework.security.core.userdetails.User [Username=admin, Password=[PROTECTED], Enabled=true, AccountNonExpired=true, CredentialsNonExpired=true, AccountNonLocked=true, Granted Authorities=[ROLE_ADMIN]], Credentials=[PROTECTED], Authenticated=true, Details=null, Granted Authorities=[ROLE_ADMIN]]]}

Handler:
             Type = com.ryanlab.contentbase.controller.admin.article.AdminArticleController
           Method = com.ryanlab.contentbase.controller.admin.article.AdminArticleController#createArticle(ArticleCreationRequest, Authentication)

Async:
    Async started = false
     Async result = null

Resolved Exception:
             Type = org.springframework.orm.ObjectOptimisticLockingFailureException

ModelAndView:
        View name = null
             View = null
            Model = null

FlashMap:
       Attributes = null

MockHttpServletResponse:
           Status = 500
    Error message = null
          Headers = [Content-Type:"application/json", X-Content-Type-Options:"nosniff", X-XSS-Protection:"0", Cache-Control:"no-cache, no-store, max-age=0, must-revalidate", Pragma:"no-cache", Expires:"0", X-Frame-Options:"DENY"]
     Content type = application/json
             Body = {"code":500,"body":{"responseType":"UNKNOW","statusCode":500,"messageSummary":"Internal Server Error","messageDetail":"Internal Server Error"}}
    Forwarded URL = null
   Redirected URL = null
          Cookies = []
2025-12-01T22:58:10.050+07:00 ERROR 18960 --- [ContentBase-Test] [           main] c.r.c.core.api.ResponseMessageId         : Not found ResponseMessageId with name: Validation failed for argument [0] in public org.springframework.http.ResponseEntity<com.ryanlab.contentbase.model.dto.response.content.CreateArticleResponse> com.ryanlab.contentbase.controller.admin.article.AdminArticleController.createArticle(com.ryanlab.contentbase.model.dto.request.ArticleCreationRequest,org.springframework.security.core.Authentication): [Field error in object 'articleCreationRequest' on field 'content': rejected value [null]; codes [NotBlank.articleCreationRequest.content,NotBlank.content,NotBlank.java.lang.String,NotBlank]; arguments [org.springframework.context.support.DefaultMessageSourceResolvable: codes [articleCreationRequest.content,content]; arguments []; default message [content]]; default message [must not be blank]] 
2025-12-01T22:58:10.066+07:00 ERROR 18960 --- [ContentBase-Test] [           main] c.r.c.c.e.GlobalExceptionHandler         : Not found ResponseMessage with ID = E_NO_CATEGORY_MESSAGE
2025-12-01T22:58:10.066+07:00 ERROR 18960 --- [ContentBase-Test] [           main] c.r.c.c.e.GlobalExceptionHandler         : Not found ResponseMessage with ID = E_NO_CATEGORY_MESSAGE

MockHttpServletRequest:
      HTTP Method = POST
      Request URI = /api/admin/articles
       Parameters = {}
          Headers = [Content-Type:"application/json;charset=UTF-8", Content-Length:"167"]
             Body = {"title":"Test Article Title","slug":"test-article-slug","content":null,"description":"Brief description","thumbnail":"https://example.com/image.jpg","status":"DRAFT"}
    Session Attrs = {SPRING_SECURITY_CONTEXT=SecurityContextImpl [Authentication=UsernamePasswordAuthenticationToken [Principal=org.springframework.security.core.userdetails.User [Username=admin, Password=[PROTECTED], Enabled=true, AccountNonExpired=true, CredentialsNonExpired=true, AccountNonLocked=true, Granted Authorities=[ROLE_ADMIN]], Credentials=[PROTECTED], Authenticated=true, Details=null, Granted Authorities=[ROLE_ADMIN]]]}

Handler:
             Type = com.ryanlab.contentbase.controller.admin.article.AdminArticleController
           Method = com.ryanlab.contentbase.controller.admin.article.AdminArticleController#createArticle(ArticleCreationRequest, Authentication)

Async:
    Async started = false
     Async result = null

Resolved Exception:
             Type = org.springframework.web.bind.MethodArgumentNotValidException

ModelAndView:
        View name = null
             View = null
            Model = null

FlashMap:
       Attributes = null

MockHttpServletResponse:
           Status = 500
    Error message = null
          Headers = [Content-Type:"application/json", X-Content-Type-Options:"nosniff", X-XSS-Protection:"0", Cache-Control:"no-cache, no-store, max-age=0, must-revalidate", Pragma:"no-cache", Expires:"0", X-Frame-Options:"DENY"]
     Content type = application/json
             Body = {"code":500,"body":{"responseType":"UNKNOW","statusCode":500,"messageSummary":"Internal Server Error","messageDetail":"Internal Server Error"}}
    Forwarded URL = null
   Redirected URL = null
          Cookies = []
2025-12-01T22:58:10.113+07:00 ERROR 18960 --- [ContentBase-Test] [           main] c.r.c.core.api.ResponseMessageId         : Not found ResponseMessageId with name: Row was updated or deleted by another transaction (or unsaved-value mapping was incorrect): [com.ryanlab.contentbase.model.entity.Article#c32ceff6-ae04-4da2-97f5-b8a3b5592909]
2025-12-01T22:58:10.113+07:00 ERROR 18960 --- [ContentBase-Test] [           main] c.r.c.c.e.GlobalExceptionHandler         : Not found ResponseMessage with ID = E_NO_CATEGORY_MESSAGE
2025-12-01T22:58:10.128+07:00 ERROR 18960 --- [ContentBase-Test] [           main] c.r.c.c.e.GlobalExceptionHandler         : Not found ResponseMessage with ID = E_NO_CATEGORY_MESSAGE

MockHttpServletRequest:
      HTTP Method = POST
      Request URI = /api/admin/articles
       Parameters = {}
          Headers = [Content-Type:"application/json;charset=UTF-8", Content-Length:"208"]
             Body = {"title":"Test Article Title","slug":"test-article-slug","content":"Test article content with sufficient length","description":"Brief description","thumbnail":"https://example.com/image.jpg","status":"DRAFT"}
    Session Attrs = {SPRING_SECURITY_CONTEXT=SecurityContextImpl [Authentication=UsernamePasswordAuthenticationToken [Principal=org.springframework.security.core.userdetails.User [Username=admin, Password=[PROTECTED], Enabled=true, AccountNonExpired=true, CredentialsNonExpired=true, AccountNonLocked=true, Granted Authorities=[ROLE_ADMIN]], Credentials=[PROTECTED], Authenticated=true, Details=null, Granted Authorities=[ROLE_ADMIN]]]}

Handler:
             Type = com.ryanlab.contentbase.controller.admin.article.AdminArticleController
           Method = com.ryanlab.contentbase.controller.admin.article.AdminArticleController#createArticle(ArticleCreationRequest, Authentication)

Async:
    Async started = false
     Async result = null

Resolved Exception:
             Type = org.springframework.orm.ObjectOptimisticLockingFailureException

ModelAndView:
        View name = null
             View = null
            Model = null

FlashMap:
       Attributes = null

MockHttpServletResponse:
           Status = 500
    Error message = null
          Headers = [Content-Type:"application/json", X-Content-Type-Options:"nosniff", X-XSS-Protection:"0", Cache-Control:"no-cache, no-store, max-age=0, must-revalidate", Pragma:"no-cache", Expires:"0", X-Frame-Options:"DENY"]
     Content type = application/json
             Body = {"code":500,"body":{"responseType":"UNKNOW","statusCode":500,"messageSummary":"Internal Server Error","messageDetail":"Internal Server Error"}}
    Forwarded URL = null
   Redirected URL = null
          Cookies = []
2025-12-01T22:58:10.175+07:00 ERROR 18960 --- [ContentBase-Test] [           main] c.r.c.core.api.ResponseMessageId         : Not found ResponseMessageId with name: Row was updated or deleted by another transaction (or unsaved-value mapping was incorrect): [com.ryanlab.contentbase.model.entity.Article#f32529d7-afbd-41e6-8ff5-07591ab66494]
2025-12-01T22:58:10.175+07:00 ERROR 18960 --- [ContentBase-Test] [           main] c.r.c.c.e.GlobalExceptionHandler         : Not found ResponseMessage with ID = E_NO_CATEGORY_MESSAGE
2025-12-01T22:58:10.175+07:00 ERROR 18960 --- [ContentBase-Test] [           main] c.r.c.c.e.GlobalExceptionHandler         : Not found ResponseMessage with ID = E_NO_CATEGORY_MESSAGE

MockHttpServletRequest:
      HTTP Method = POST
      Request URI = /api/admin/articles
       Parameters = {}
          Headers = [Content-Type:"application/json;charset=UTF-8", Content-Length:"193"]
             Body = {"title":"Test Article Title","slug":null,"content":"Test article content with sufficient length","description":"Brief description","thumbnail":"https://example.com/image.jpg","status":"DRAFT"}
    Session Attrs = {SPRING_SECURITY_CONTEXT=SecurityContextImpl [Authentication=UsernamePasswordAuthenticationToken [Principal=org.springframework.security.core.userdetails.User [Username=admin, Password=[PROTECTED], Enabled=true, AccountNonExpired=true, CredentialsNonExpired=true, AccountNonLocked=true, Granted Authorities=[ROLE_ADMIN]], Credentials=[PROTECTED], Authenticated=true, Details=null, Granted Authorities=[ROLE_ADMIN]]]}

Handler:
             Type = com.ryanlab.contentbase.controller.admin.article.AdminArticleController
           Method = com.ryanlab.contentbase.controller.admin.article.AdminArticleController#createArticle(ArticleCreationRequest, Authentication)

Async:
    Async started = false
     Async result = null

Resolved Exception:
             Type = org.springframework.orm.ObjectOptimisticLockingFailureException

ModelAndView:
        View name = null
             View = null
            Model = null

FlashMap:
       Attributes = null

MockHttpServletResponse:
           Status = 500
    Error message = null
          Headers = [Content-Type:"application/json", X-Content-Type-Options:"nosniff", X-XSS-Protection:"0", Cache-Control:"no-cache, no-store, max-age=0, must-revalidate", Pragma:"no-cache", Expires:"0", X-Frame-Options:"DENY"]
     Content type = application/json
             Body = {"code":500,"body":{"responseType":"UNKNOW","statusCode":500,"messageSummary":"Internal Server Error","messageDetail":"Internal Server Error"}}
    Forwarded URL = null
   Redirected URL = null
          Cookies = []
2025-12-01T22:58:10.222+07:00 ERROR 18960 --- [ContentBase-Test] [           main] c.r.c.core.api.ResponseMessageId         : Not found ResponseMessageId with name: Row was updated or deleted by another transaction (or unsaved-value mapping was incorrect): [com.ryanlab.contentbase.model.entity.Article#39347c9b-2457-4657-9c58-3ebdfa20042b]
2025-12-01T22:58:10.222+07:00 ERROR 18960 --- [ContentBase-Test] [           main] c.r.c.c.e.GlobalExceptionHandler         : Not found ResponseMessage with ID = E_NO_CATEGORY_MESSAGE
2025-12-01T22:58:10.222+07:00 ERROR 18960 --- [ContentBase-Test] [           main] c.r.c.c.e.GlobalExceptionHandler         : Not found ResponseMessage with ID = E_NO_CATEGORY_MESSAGE

MockHttpServletRequest:
      HTTP Method = POST
      Request URI = /api/admin/articles
       Parameters = {}
          Headers = [Content-Type:"application/json;charset=UTF-8", Content-Length:"232"]
             Body = {"title":"Test Article: \"Special & Characters\" <>&","slug":"test-article-slug","content":"Test article content with sufficient length","description":"Brief description","thumbnail":"https://example.com/image.jpg","status":"DRAFT"}
    Session Attrs = {SPRING_SECURITY_CONTEXT=SecurityContextImpl [Authentication=UsernamePasswordAuthenticationToken [Principal=org.springframework.security.core.userdetails.User [Username=admin, Password=[PROTECTED], Enabled=true, AccountNonExpired=true, CredentialsNonExpired=true, AccountNonLocked=true, Granted Authorities=[ROLE_ADMIN]], Credentials=[PROTECTED], Authenticated=true, Details=null, Granted Authorities=[ROLE_ADMIN]]]}

Handler:
             Type = com.ryanlab.contentbase.controller.admin.article.AdminArticleController
           Method = com.ryanlab.contentbase.controller.admin.article.AdminArticleController#createArticle(ArticleCreationRequest, Authentication)

Async:
    Async started = false
     Async result = null

Resolved Exception:
             Type = org.springframework.orm.ObjectOptimisticLockingFailureException

ModelAndView:
        View name = null
             View = null
            Model = null

FlashMap:
       Attributes = null

MockHttpServletResponse:
           Status = 500
    Error message = null
          Headers = [Content-Type:"application/json", X-Content-Type-Options:"nosniff", X-XSS-Protection:"0", Cache-Control:"no-cache, no-store, max-age=0, must-revalidate", Pragma:"no-cache", Expires:"0", X-Frame-Options:"DENY"]
     Content type = application/json
             Body = {"code":500,"body":{"responseType":"UNKNOW","statusCode":500,"messageSummary":"Internal Server Error","messageDetail":"Internal Server Error"}}
    Forwarded URL = null
   Redirected URL = null
          Cookies = []
2025-12-01T22:58:10.269+07:00 ERROR 18960 --- [ContentBase-Test] [           main] c.r.c.core.api.ResponseMessageId         : Not found ResponseMessageId with name: Row was updated or deleted by another transaction (or unsaved-value mapping was incorrect): [com.ryanlab.contentbase.model.entity.Article#97e7f0e9-863a-4095-b1e4-e6274ffe37e0]
2025-12-01T22:58:10.285+07:00 ERROR 18960 --- [ContentBase-Test] [           main] c.r.c.c.e.GlobalExceptionHandler         : Not found ResponseMessage with ID = E_NO_CATEGORY_MESSAGE
2025-12-01T22:58:10.285+07:00 ERROR 18960 --- [ContentBase-Test] [           main] c.r.c.c.e.GlobalExceptionHandler         : Not found ResponseMessage with ID = E_NO_CATEGORY_MESSAGE

MockHttpServletRequest:
      HTTP Method = POST
      Request URI = /api/admin/articles
       Parameters = {}
          Headers = [Content-Type:"application/json;charset=UTF-8", Content-Length:"192"]
             Body = {"title":null,"slug":"test-article-slug","content":"Test article content with sufficient length","description":"Brief description","thumbnail":"https://example.com/image.jpg","status":"DRAFT"}
    Session Attrs = {SPRING_SECURITY_CONTEXT=SecurityContextImpl [Authentication=UsernamePasswordAuthenticationToken [Principal=org.springframework.security.core.userdetails.User [Username=admin, Password=[PROTECTED], Enabled=true, AccountNonExpired=true, CredentialsNonExpired=true, AccountNonLocked=true, Granted Authorities=[ROLE_ADMIN]], Credentials=[PROTECTED], Authenticated=true, Details=null, Granted Authorities=[ROLE_ADMIN]]]}

Handler:
             Type = com.ryanlab.contentbase.controller.admin.article.AdminArticleController
           Method = com.ryanlab.contentbase.controller.admin.article.AdminArticleController#createArticle(ArticleCreationRequest, Authentication)

Async:
    Async started = false
     Async result = null

Resolved Exception:
             Type = org.springframework.orm.ObjectOptimisticLockingFailureException

ModelAndView:
        View name = null
             View = null
            Model = null

FlashMap:
       Attributes = null

MockHttpServletResponse:
           Status = 500
    Error message = null
          Headers = [Content-Type:"application/json", X-Content-Type-Options:"nosniff", X-XSS-Protection:"0", Cache-Control:"no-cache, no-store, max-age=0, must-revalidate", Pragma:"no-cache", Expires:"0", X-Frame-Options:"DENY"]
     Content type = application/json
             Body = {"code":500,"body":{"responseType":"UNKNOW","statusCode":500,"messageSummary":"Internal Server Error","messageDetail":"Internal Server Error"}}
    Forwarded URL = null
   Redirected URL = null
          Cookies = []
2025-12-01T22:58:10.316+07:00 ERROR 18960 --- [ContentBase-Test] [           main] c.r.c.core.api.ResponseMessageId         : Not found ResponseMessageId with name: Row was updated or deleted by another transaction (or unsaved-value mapping was incorrect): [com.ryanlab.contentbase.model.entity.Article#5acd0fb4-9b09-447e-89e1-963612c5cff2]
2025-12-01T22:58:10.316+07:00 ERROR 18960 --- [ContentBase-Test] [           main] c.r.c.c.e.GlobalExceptionHandler         : Not found ResponseMessage with ID = E_NO_CATEGORY_MESSAGE
2025-12-01T22:58:10.332+07:00 ERROR 18960 --- [ContentBase-Test] [           main] c.r.c.c.e.GlobalExceptionHandler         : Not found ResponseMessage with ID = E_NO_CATEGORY_MESSAGE

MockHttpServletRequest:
      HTTP Method = POST
      Request URI = /api/admin/articles
       Parameters = {}
          Headers = [Content-Type:"application/json;charset=UTF-8", Content-Length:"208"]
             Body = {"title":"Test Article Title","slug":"test-article-slug","content":"Test article content with sufficient length","description":"Brief description","thumbnail":"https://example.com/image.jpg","status":"DRAFT"}
    Session Attrs = {SPRING_SECURITY_CONTEXT=SecurityContextImpl [Authentication=UsernamePasswordAuthenticationToken [Principal=org.springframework.security.core.userdetails.User [Username=admin, Password=[PROTECTED], Enabled=true, AccountNonExpired=true, CredentialsNonExpired=true, AccountNonLocked=true, Granted Authorities=[ROLE_ADMIN]], Credentials=[PROTECTED], Authenticated=true, Details=null, Granted Authorities=[ROLE_ADMIN]]]}

Handler:
             Type = com.ryanlab.contentbase.controller.admin.article.AdminArticleController
           Method = com.ryanlab.contentbase.controller.admin.article.AdminArticleController#createArticle(ArticleCreationRequest, Authentication)

Async:
    Async started = false
     Async result = null

Resolved Exception:
             Type = org.springframework.orm.ObjectOptimisticLockingFailureException

ModelAndView:
        View name = null
             View = null
            Model = null

FlashMap:
       Attributes = null

MockHttpServletResponse:
           Status = 500
    Error message = null
          Headers = [Content-Type:"application/json", X-Content-Type-Options:"nosniff", X-XSS-Protection:"0", Cache-Control:"no-cache, no-store, max-age=0, must-revalidate", Pragma:"no-cache", Expires:"0", X-Frame-Options:"DENY"]
     Content type = application/json
             Body = {"code":500,"body":{"responseType":"UNKNOW","statusCode":500,"messageSummary":"Internal Server Error","messageDetail":"Internal Server Error"}}
    Forwarded URL = null
   Redirected URL = null
          Cookies = []
2025-12-01T22:58:10.363+07:00 ERROR 18960 --- [ContentBase-Test] [           main] c.r.c.core.api.ResponseMessageId         : Not found ResponseMessageId with name: Row was updated or deleted by another transaction (or unsaved-value mapping was incorrect): [com.ryanlab.contentbase.model.entity.Article#e624c796-2b8a-4845-a41c-2d4f7fcca9cd]
2025-12-01T22:58:10.363+07:00 ERROR 18960 --- [ContentBase-Test] [           main] c.r.c.c.e.GlobalExceptionHandler         : Not found ResponseMessage with ID = E_NO_CATEGORY_MESSAGE
2025-12-01T22:58:10.363+07:00 ERROR 18960 --- [ContentBase-Test] [           main] c.r.c.c.e.GlobalExceptionHandler         : Not found ResponseMessage with ID = E_NO_CATEGORY_MESSAGE

MockHttpServletRequest:
      HTTP Method = POST
      Request URI = /api/admin/articles
       Parameters = {}
          Headers = [Content-Type:"application/json;charset=UTF-8", Content-Length:"217"]
             Body = {"title":"Test Article Title","slug":"test-article-slug","content":"Test article content with sufficient length","description":"Brief description","thumbnail":"https://example.com/image.jpg","status":"INVALID_STATUS"}
    Session Attrs = {SPRING_SECURITY_CONTEXT=SecurityContextImpl [Authentication=UsernamePasswordAuthenticationToken [Principal=org.springframework.security.core.userdetails.User [Username=admin, Password=[PROTECTED], Enabled=true, AccountNonExpired=true, CredentialsNonExpired=true, AccountNonLocked=true, Granted Authorities=[ROLE_ADMIN]], Credentials=[PROTECTED], Authenticated=true, Details=null, Granted Authorities=[ROLE_ADMIN]]]}

Handler:
             Type = com.ryanlab.contentbase.controller.admin.article.AdminArticleController
           Method = com.ryanlab.contentbase.controller.admin.article.AdminArticleController#createArticle(ArticleCreationRequest, Authentication)

Async:
    Async started = false
     Async result = null

Resolved Exception:
             Type = org.springframework.orm.ObjectOptimisticLockingFailureException

ModelAndView:
        View name = null
             View = null
            Model = null

FlashMap:
       Attributes = null

MockHttpServletResponse:
           Status = 500
    Error message = null
          Headers = [Content-Type:"application/json", X-Content-Type-Options:"nosniff", X-XSS-Protection:"0", Cache-Control:"no-cache, no-store, max-age=0, must-revalidate", Pragma:"no-cache", Expires:"0", X-Frame-Options:"DENY"]
     Content type = application/json
             Body = {"code":500,"body":{"responseType":"UNKNOW","statusCode":500,"messageSummary":"Internal Server Error","messageDetail":"Internal Server Error"}}
    Forwarded URL = null
   Redirected URL = null
          Cookies = []
2025-12-01T22:58:10.410+07:00 ERROR 18960 --- [ContentBase-Test] [           main] c.r.c.core.api.ResponseMessageId         : Not found ResponseMessageId with name: Row was updated or deleted by another transaction (or unsaved-value mapping was incorrect): [com.ryanlab.contentbase.model.entity.Article#122c8799-44c7-41c3-a3cf-0edc34e7f206]
2025-12-01T22:58:10.410+07:00 ERROR 18960 --- [ContentBase-Test] [           main] c.r.c.c.e.GlobalExceptionHandler         : Not found ResponseMessage with ID = E_NO_CATEGORY_MESSAGE
2025-12-01T22:58:10.410+07:00 ERROR 18960 --- [ContentBase-Test] [           main] c.r.c.c.e.GlobalExceptionHandler         : Not found ResponseMessage with ID = E_NO_CATEGORY_MESSAGE

MockHttpServletRequest:
      HTTP Method = POST
      Request URI = /api/admin/articles
       Parameters = {}
          Headers = [Content-Type:"application/json;charset=UTF-8", Content-Length:"211"]
             Body = {"title":"Test Article Title","slug":"test-article-slug","content":"Test article content with sufficient length","description":"Optional description","thumbnail":"https://example.com/image.jpg","status":"DRAFT"}
    Session Attrs = {SPRING_SECURITY_CONTEXT=SecurityContextImpl [Authentication=UsernamePasswordAuthenticationToken [Principal=org.springframework.security.core.userdetails.User [Username=admin, Password=[PROTECTED], Enabled=true, AccountNonExpired=true, CredentialsNonExpired=true, AccountNonLocked=true, Granted Authorities=[ROLE_ADMIN]], Credentials=[PROTECTED], Authenticated=true, Details=null, Granted Authorities=[ROLE_ADMIN]]]}

Handler:
             Type = com.ryanlab.contentbase.controller.admin.article.AdminArticleController
           Method = com.ryanlab.contentbase.controller.admin.article.AdminArticleController#createArticle(ArticleCreationRequest, Authentication)

Async:
    Async started = false
     Async result = null

Resolved Exception:
             Type = org.springframework.orm.ObjectOptimisticLockingFailureException

ModelAndView:
        View name = null
             View = null
            Model = null

FlashMap:
       Attributes = null

MockHttpServletResponse:
           Status = 500
    Error message = null
          Headers = [Content-Type:"application/json", X-Content-Type-Options:"nosniff", X-XSS-Protection:"0", Cache-Control:"no-cache, no-store, max-age=0, must-revalidate", Pragma:"no-cache", Expires:"0", X-Frame-Options:"DENY"]
     Content type = application/json
             Body = {"code":500,"body":{"responseType":"UNKNOW","statusCode":500,"messageSummary":"Internal Server Error","messageDetail":"Internal Server Error"}}
    Forwarded URL = null
   Redirected URL = null
          Cookies = []
2025-12-01T22:58:10.505+07:00 ERROR 18960 --- [ContentBase-Test] [           main] c.r.c.core.api.ResponseMessageId         : Not found ResponseMessageId with name: Row was updated or deleted by another transaction (or unsaved-value mapping was incorrect): [com.ryanlab.contentbase.model.entity.Article#9fe5cbd0-74af-42be-b5a4-3b8209bedf30]
2025-12-01T22:58:10.505+07:00 ERROR 18960 --- [ContentBase-Test] [           main] c.r.c.c.e.GlobalExceptionHandler         : Not found ResponseMessage with ID = E_NO_CATEGORY_MESSAGE
2025-12-01T22:58:10.521+07:00 ERROR 18960 --- [ContentBase-Test] [           main] c.r.c.c.e.GlobalExceptionHandler         : Not found ResponseMessage with ID = E_NO_CATEGORY_MESSAGE

MockHttpServletRequest:
      HTTP Method = POST
      Request URI = /api/admin/articles
       Parameters = {}
          Headers = [Content-Type:"application/json;charset=UTF-8", Content-Length:"208"]
             Body = {"title":"Test Article Title","slug":"test-article-slug","content":"Test article content with sufficient length","description":"Brief description","thumbnail":"https://example.com/image.jpg","status":"DRAFT"}
    Session Attrs = {SPRING_SECURITY_CONTEXT=SecurityContextImpl [Authentication=UsernamePasswordAuthenticationToken [Principal=org.springframework.security.core.userdetails.User [Username=admin, Password=[PROTECTED], Enabled=true, AccountNonExpired=true, CredentialsNonExpired=true, AccountNonLocked=true, Granted Authorities=[ROLE_ADMIN]], Credentials=[PROTECTED], Authenticated=true, Details=null, Granted Authorities=[ROLE_ADMIN]]]}

Handler:
             Type = com.ryanlab.contentbase.controller.admin.article.AdminArticleController
           Method = com.ryanlab.contentbase.controller.admin.article.AdminArticleController#createArticle(ArticleCreationRequest, Authentication)

Async:
    Async started = false
     Async result = null

Resolved Exception:
             Type = org.springframework.orm.ObjectOptimisticLockingFailureException

ModelAndView:
        View name = null
             View = null
            Model = null

FlashMap:
       Attributes = null

MockHttpServletResponse:
           Status = 500
    Error message = null
          Headers = [Content-Type:"application/json", X-Content-Type-Options:"nosniff", X-XSS-Protection:"0", Cache-Control:"no-cache, no-store, max-age=0, must-revalidate", Pragma:"no-cache", Expires:"0", X-Frame-Options:"DENY"]
     Content type = application/json
             Body = {"code":500,"body":{"responseType":"UNKNOW","statusCode":500,"messageSummary":"Internal Server Error","messageDetail":"Internal Server Error"}}
    Forwarded URL = null
   Redirected URL = null
          Cookies = []
2025-12-01T22:58:10.568+07:00 ERROR 18960 --- [ContentBase-Test] [           main] c.r.c.core.api.ResponseMessageId         : Not found ResponseMessageId with name: Row was updated or deleted by another transaction (or unsaved-value mapping was incorrect): [com.ryanlab.contentbase.model.entity.Article#c4ed4fc5-d39f-4a68-bd1f-bc9c30939d1e]
2025-12-01T22:58:10.568+07:00 ERROR 18960 --- [ContentBase-Test] [           main] c.r.c.c.e.GlobalExceptionHandler         : Not found ResponseMessage with ID = E_NO_CATEGORY_MESSAGE
2025-12-01T22:58:10.568+07:00 ERROR 18960 --- [ContentBase-Test] [           main] c.r.c.c.e.GlobalExceptionHandler         : Not found ResponseMessage with ID = E_NO_CATEGORY_MESSAGE

MockHttpServletRequest:
      HTTP Method = POST
      Request URI = /api/admin/articles
       Parameters = {}
          Headers = [Content-Type:"application/json;charset=UTF-8", Content-Length:"223"]
             Body = {"title":"Test Article Title","slug":"test-slug-with-special-chars-123","content":"Test article content with sufficient length","description":"Brief description","thumbnail":"https://example.com/image.jpg","status":"DRAFT"}
    Session Attrs = {SPRING_SECURITY_CONTEXT=SecurityContextImpl [Authentication=UsernamePasswordAuthenticationToken [Principal=org.springframework.security.core.userdetails.User [Username=admin, Password=[PROTECTED], Enabled=true, AccountNonExpired=true, CredentialsNonExpired=true, AccountNonLocked=true, Granted Authorities=[ROLE_ADMIN]], Credentials=[PROTECTED], Authenticated=true, Details=null, Granted Authorities=[ROLE_ADMIN]]]}

Handler:
             Type = com.ryanlab.contentbase.controller.admin.article.AdminArticleController
           Method = com.ryanlab.contentbase.controller.admin.article.AdminArticleController#createArticle(ArticleCreationRequest, Authentication)

Async:
    Async started = false
     Async result = null

Resolved Exception:
             Type = org.springframework.orm.ObjectOptimisticLockingFailureException

ModelAndView:
        View name = null
             View = null
            Model = null

FlashMap:
       Attributes = null

MockHttpServletResponse:
           Status = 500
    Error message = null
          Headers = [Content-Type:"application/json", X-Content-Type-Options:"nosniff", X-XSS-Protection:"0", Cache-Control:"no-cache, no-store, max-age=0, must-revalidate", Pragma:"no-cache", Expires:"0", X-Frame-Options:"DENY"]
     Content type = application/json
             Body = {"code":500,"body":{"responseType":"UNKNOW","statusCode":500,"messageSummary":"Internal Server Error","messageDetail":"Internal Server Error"}}
    Forwarded URL = null
   Redirected URL = null
          Cookies = []
2025-12-01T22:58:10.646+07:00  WARN 18960 --- [ContentBase-Test] [           main] .w.s.m.s.DefaultHandlerExceptionResolver : Resolved [org.springframework.web.HttpMediaTypeNotSupportedException: Content-Type 'text/plain;charset=UTF-8' is not supported]
2025-12-01T22:58:10.677+07:00 ERROR 18960 --- [ContentBase-Test] [           main] c.r.c.core.api.ResponseMessageId         : Not found ResponseMessageId with name: Access Denied
2025-12-01T22:58:10.677+07:00 ERROR 18960 --- [ContentBase-Test] [           main] c.r.c.c.e.GlobalExceptionHandler         : Not found ResponseMessage with ID = E_NO_CATEGORY_MESSAGE
2025-12-01T22:58:10.693+07:00 ERROR 18960 --- [ContentBase-Test] [           main] c.r.c.c.e.GlobalExceptionHandler         : Not found ResponseMessage with ID = E_NO_CATEGORY_MESSAGE

MockHttpServletRequest:
      HTTP Method = POST
      Request URI = /api/admin/articles
       Parameters = {}
          Headers = [Content-Type:"application/json;charset=UTF-8", Content-Length:"208"]
             Body = {"title":"Test Article Title","slug":"test-article-slug","content":"Test article content with sufficient length","description":"Brief description","thumbnail":"https://example.com/image.jpg","status":"DRAFT"}
    Session Attrs = {SPRING_SECURITY_CONTEXT=SecurityContextImpl [Authentication=UsernamePasswordAuthenticationToken [Principal=org.springframework.security.core.userdetails.User [Username=user, Password=[PROTECTED], Enabled=true, AccountNonExpired=true, CredentialsNonExpired=true, AccountNonLocked=true, Granted Authorities=[ROLE_USER]], Credentials=[PROTECTED], Authenticated=true, Details=null, Granted Authorities=[ROLE_USER]]]}

Handler:
             Type = com.ryanlab.contentbase.controller.admin.article.AdminArticleController
           Method = com.ryanlab.contentbase.controller.admin.article.AdminArticleController#createArticle(ArticleCreationRequest, Authentication)

Async:
    Async started = false
     Async result = null

Resolved Exception:
             Type = org.springframework.security.authorization.AuthorizationDeniedException

ModelAndView:
        View name = null
             View = null
            Model = null

FlashMap:
       Attributes = null

MockHttpServletResponse:
           Status = 500
    Error message = null
          Headers = [Content-Type:"application/json", X-Content-Type-Options:"nosniff", X-XSS-Protection:"0", Cache-Control:"no-cache, no-store, max-age=0, must-revalidate", Pragma:"no-cache", Expires:"0", X-Frame-Options:"DENY"]
     Content type = application/json
             Body = {"code":500,"body":{"responseType":"UNKNOW","statusCode":500,"messageSummary":"Internal Server Error","messageDetail":"Internal Server Error"}}
    Forwarded URL = null
   Redirected URL = null
          Cookies = []
[ERROR] Tests run: 20, Failures: 19, Errors: 0, Skipped: 0, Time elapsed: 26.19 s <<< FAILURE! -- in com.ryanlab.contentbase.integration.controller.admin.article.CreateArticleIntegrationTest
[ERROR] com.ryanlab.contentbase.integration.controller.admin.article.CreateArticleIntegrationTest.testCreateArticleLongContent -- Time elapsed: 1.812 s <<< FAILURE!
java.lang.AssertionError: Status expected:<201> but was:<500>
	at org.springframework.test.util.AssertionErrors.fail(AssertionErrors.java:61)
	at org.springframework.test.util.AssertionErrors.assertEquals(AssertionErrors.java:128)
	at org.springframework.test.web.servlet.result.StatusResultMatchers.lambda$matcher$9(StatusResultMatchers.java:640)
	at org.springframework.test.web.servlet.MockMvc$1.andExpect(MockMvc.java:214)
	at com.ryanlab.contentbase.integration.controller.admin.article.CreateArticleIntegrationTest.testCreateArticleLongContent(CreateArticleIntegrationTest.java:160)
	at java.base/java.lang.reflect.Method.invoke(Method.java:580)
	at java.base/java.util.ArrayList.forEach(ArrayList.java:1596)
	at java.base/java.util.ArrayList.forEach(ArrayList.java:1596)

[ERROR] com.ryanlab.contentbase.integration.controller.admin.article.CreateArticleIntegrationTest.testCreateArticleEmptySlug -- Time elapsed: 0.062 s <<< FAILURE!
java.lang.AssertionError: Status expected:<400> but was:<500>
	at org.springframework.test.util.AssertionErrors.fail(AssertionErrors.java:61)
	at org.springframework.test.util.AssertionErrors.assertEquals(AssertionErrors.java:128)
	at org.springframework.test.web.servlet.result.StatusResultMatchers.lambda$matcher$9(StatusResultMatchers.java:640)
	at org.springframework.test.web.servlet.MockMvc$1.andExpect(MockMvc.java:214)
	at com.ryanlab.contentbase.integration.controller.admin.article.CreateArticleIntegrationTest.testCreateArticleEmptySlug(CreateArticleIntegrationTest.java:121)
	at java.base/java.lang.reflect.Method.invoke(Method.java:580)
	at java.base/java.util.ArrayList.forEach(ArrayList.java:1596)
	at java.base/java.util.ArrayList.forEach(ArrayList.java:1596)

[ERROR] com.ryanlab.contentbase.integration.controller.admin.article.CreateArticleIntegrationTest.testCreateArticleUnauthorized -- Time elapsed: 0.076 s <<< FAILURE!
java.lang.AssertionError: Status expected:<401> but was:<500>
	at org.springframework.test.util.AssertionErrors.fail(AssertionErrors.java:61)
	at org.springframework.test.util.AssertionErrors.assertEquals(AssertionErrors.java:128)
	at org.springframework.test.web.servlet.result.StatusResultMatchers.lambda$matcher$9(StatusResultMatchers.java:640)
	at org.springframework.test.web.servlet.MockMvc$1.andExpect(MockMvc.java:214)
	at com.ryanlab.contentbase.integration.controller.admin.article.CreateArticleIntegrationTest.testCreateArticleUnauthorized(CreateArticleIntegrationTest.java:278)
	at java.base/java.lang.reflect.Method.invoke(Method.java:580)
	at java.base/java.util.ArrayList.forEach(ArrayList.java:1596)
	at java.base/java.util.ArrayList.forEach(ArrayList.java:1596)

[ERROR] com.ryanlab.contentbase.integration.controller.admin.article.CreateArticleIntegrationTest.testCreateArticleSuccess -- Time elapsed: 0.062 s <<< FAILURE!
java.lang.AssertionError: Status expected:<201> but was:<500>
	at org.springframework.test.util.AssertionErrors.fail(AssertionErrors.java:61)
	at org.springframework.test.util.AssertionErrors.assertEquals(AssertionErrors.java:128)
	at org.springframework.test.web.servlet.result.StatusResultMatchers.lambda$matcher$9(StatusResultMatchers.java:640)
	at org.springframework.test.web.servlet.MockMvc$1.andExpect(MockMvc.java:214)
	at com.ryanlab.contentbase.integration.controller.admin.article.CreateArticleIntegrationTest.testCreateArticleSuccess(CreateArticleIntegrationTest.java:64)
	at java.base/java.lang.reflect.Method.invoke(Method.java:580)
	at java.base/java.util.ArrayList.forEach(ArrayList.java:1596)
	at java.base/java.util.ArrayList.forEach(ArrayList.java:1596)

[ERROR] com.ryanlab.contentbase.integration.controller.admin.article.CreateArticleIntegrationTest.testCreateArticleEmptyContent -- Time elapsed: 0.079 s <<< FAILURE!
java.lang.AssertionError: Status expected:<400> but was:<500>
	at org.springframework.test.util.AssertionErrors.fail(AssertionErrors.java:61)
	at org.springframework.test.util.AssertionErrors.assertEquals(AssertionErrors.java:128)
	at org.springframework.test.web.servlet.result.StatusResultMatchers.lambda$matcher$9(StatusResultMatchers.java:640)
	at org.springframework.test.web.servlet.MockMvc$1.andExpect(MockMvc.java:214)
	at com.ryanlab.contentbase.integration.controller.admin.article.CreateArticleIntegrationTest.testCreateArticleEmptyContent(CreateArticleIntegrationTest.java:147)
	at java.base/java.lang.reflect.Method.invoke(Method.java:580)
	at java.base/java.util.ArrayList.forEach(ArrayList.java:1596)
	at java.base/java.util.ArrayList.forEach(ArrayList.java:1596)

[ERROR] com.ryanlab.contentbase.integration.controller.admin.article.CreateArticleIntegrationTest.testCreateArticleDefaultStatusDraft -- Time elapsed: 0.122 s <<< FAILURE!
java.lang.AssertionError: Status expected:<201> but was:<500>
	at org.springframework.test.util.AssertionErrors.fail(AssertionErrors.java:61)
	at org.springframework.test.util.AssertionErrors.assertEquals(AssertionErrors.java:128)
	at org.springframework.test.web.servlet.result.StatusResultMatchers.lambda$matcher$9(StatusResultMatchers.java:640)
	at org.springframework.test.web.servlet.MockMvc$1.andExpect(MockMvc.java:214)
	at com.ryanlab.contentbase.integration.controller.admin.article.CreateArticleIntegrationTest.testCreateArticleDefaultStatusDraft(CreateArticleIntegrationTest.java:205)
	at java.base/java.lang.reflect.Method.invoke(Method.java:580)
	at java.base/java.util.ArrayList.forEach(ArrayList.java:1596)
	at java.base/java.util.ArrayList.forEach(ArrayList.java:1596)

[ERROR] com.ryanlab.contentbase.integration.controller.admin.article.CreateArticleIntegrationTest.testCreateArticleEmptyTitle -- Time elapsed: 0.126 s <<< FAILURE!
java.lang.AssertionError: Status expected:<400> but was:<500>
	at org.springframework.test.util.AssertionErrors.fail(AssertionErrors.java:61)
	at org.springframework.test.util.AssertionErrors.assertEquals(AssertionErrors.java:128)
	at org.springframework.test.web.servlet.result.StatusResultMatchers.lambda$matcher$9(StatusResultMatchers.java:640)
	at org.springframework.test.web.servlet.MockMvc$1.andExpect(MockMvc.java:214)
	at com.ryanlab.contentbase.integration.controller.admin.article.CreateArticleIntegrationTest.testCreateArticleEmptyTitle(CreateArticleIntegrationTest.java:95)
	at java.base/java.lang.reflect.Method.invoke(Method.java:580)
	at java.base/java.util.ArrayList.forEach(ArrayList.java:1596)
	at java.base/java.util.ArrayList.forEach(ArrayList.java:1596)

[ERROR] com.ryanlab.contentbase.integration.controller.admin.article.CreateArticleIntegrationTest.testCreateArticleTrimTitle -- Time elapsed: 0.082 s <<< FAILURE!
java.lang.AssertionError: Status expected:<201> but was:<500>
	at org.springframework.test.util.AssertionErrors.fail(AssertionErrors.java:61)
	at org.springframework.test.util.AssertionErrors.assertEquals(AssertionErrors.java:128)
	at org.springframework.test.web.servlet.result.StatusResultMatchers.lambda$matcher$9(StatusResultMatchers.java:640)
	at org.springframework.test.web.servlet.MockMvc$1.andExpect(MockMvc.java:214)
	at com.ryanlab.contentbase.integration.controller.admin.article.CreateArticleIntegrationTest.testCreateArticleTrimTitle(CreateArticleIntegrationTest.java:339)
	at java.base/java.lang.reflect.Method.invoke(Method.java:580)
	at java.base/java.util.ArrayList.forEach(ArrayList.java:1596)
	at java.base/java.util.ArrayList.forEach(ArrayList.java:1596)

[ERROR] com.ryanlab.contentbase.integration.controller.admin.article.CreateArticleIntegrationTest.testCreateArticleMissingContent -- Time elapsed: 0.047 s <<< FAILURE!
java.lang.AssertionError: Status expected:<400> but was:<500>
	at org.springframework.test.util.AssertionErrors.fail(AssertionErrors.java:61)
	at org.springframework.test.util.AssertionErrors.assertEquals(AssertionErrors.java:128)
	at org.springframework.test.web.servlet.result.StatusResultMatchers.lambda$matcher$9(StatusResultMatchers.java:640)
	at org.springframework.test.web.servlet.MockMvc$1.andExpect(MockMvc.java:214)
	at com.ryanlab.contentbase.integration.controller.admin.article.CreateArticleIntegrationTest.testCreateArticleMissingContent(CreateArticleIntegrationTest.java:134)
	at java.base/java.lang.reflect.Method.invoke(Method.java:580)
	at java.base/java.util.ArrayList.forEach(ArrayList.java:1596)
	at java.base/java.util.ArrayList.forEach(ArrayList.java:1596)

[ERROR] com.ryanlab.contentbase.integration.controller.admin.article.CreateArticleIntegrationTest.testCreateArticleReturnAllFields -- Time elapsed: 0.046 s <<< FAILURE!
java.lang.AssertionError: Status expected:<201> but was:<500>
	at org.springframework.test.util.AssertionErrors.fail(AssertionErrors.java:61)
	at org.springframework.test.util.AssertionErrors.assertEquals(AssertionErrors.java:128)
	at org.springframework.test.web.servlet.result.StatusResultMatchers.lambda$matcher$9(StatusResultMatchers.java:640)
	at org.springframework.test.web.servlet.MockMvc$1.andExpect(MockMvc.java:214)
	at com.ryanlab.contentbase.integration.controller.admin.article.CreateArticleIntegrationTest.testCreateArticleReturnAllFields(CreateArticleIntegrationTest.java:302)
	at java.base/java.lang.reflect.Method.invoke(Method.java:580)
	at java.base/java.util.ArrayList.forEach(ArrayList.java:1596)
	at java.base/java.util.ArrayList.forEach(ArrayList.java:1596)

[ERROR] com.ryanlab.contentbase.integration.controller.admin.article.CreateArticleIntegrationTest.testCreateArticleMissingSlug -- Time elapsed: 0.047 s <<< FAILURE!
java.lang.AssertionError: Status expected:<400> but was:<500>
	at org.springframework.test.util.AssertionErrors.fail(AssertionErrors.java:61)
	at org.springframework.test.util.AssertionErrors.assertEquals(AssertionErrors.java:128)
	at org.springframework.test.web.servlet.result.StatusResultMatchers.lambda$matcher$9(StatusResultMatchers.java:640)
	at org.springframework.test.web.servlet.MockMvc$1.andExpect(MockMvc.java:214)
	at com.ryanlab.contentbase.integration.controller.admin.article.CreateArticleIntegrationTest.testCreateArticleMissingSlug(CreateArticleIntegrationTest.java:108)
	at java.base/java.lang.reflect.Method.invoke(Method.java:580)
	at java.base/java.util.ArrayList.forEach(ArrayList.java:1596)
	at java.base/java.util.ArrayList.forEach(ArrayList.java:1596)

[ERROR] com.ryanlab.contentbase.integration.controller.admin.article.CreateArticleIntegrationTest.testCreateArticleSpecialCharactersTitle -- Time elapsed: 0.047 s <<< FAILURE!
java.lang.AssertionError: Status expected:<201> but was:<500>
	at org.springframework.test.util.AssertionErrors.fail(AssertionErrors.java:61)
	at org.springframework.test.util.AssertionErrors.assertEquals(AssertionErrors.java:128)
	at org.springframework.test.web.servlet.result.StatusResultMatchers.lambda$matcher$9(StatusResultMatchers.java:640)
	at org.springframework.test.web.servlet.MockMvc$1.andExpect(MockMvc.java:214)
	at com.ryanlab.contentbase.integration.controller.admin.article.CreateArticleIntegrationTest.testCreateArticleSpecialCharactersTitle(CreateArticleIntegrationTest.java:174)
	at java.base/java.lang.reflect.Method.invoke(Method.java:580)
	at java.base/java.util.ArrayList.forEach(ArrayList.java:1596)
	at java.base/java.util.ArrayList.forEach(ArrayList.java:1596)

[ERROR] com.ryanlab.contentbase.integration.controller.admin.article.CreateArticleIntegrationTest.testCreateArticleMissingTitle -- Time elapsed: 0.047 s <<< FAILURE!
java.lang.AssertionError: Status expected:<400> but was:<500>
	at org.springframework.test.util.AssertionErrors.fail(AssertionErrors.java:61)
	at org.springframework.test.util.AssertionErrors.assertEquals(AssertionErrors.java:128)
	at org.springframework.test.web.servlet.result.StatusResultMatchers.lambda$matcher$9(StatusResultMatchers.java:640)
	at org.springframework.test.web.servlet.MockMvc$1.andExpect(MockMvc.java:214)
	at com.ryanlab.contentbase.integration.controller.admin.article.CreateArticleIntegrationTest.testCreateArticleMissingTitle(CreateArticleIntegrationTest.java:82)
	at java.base/java.lang.reflect.Method.invoke(Method.java:580)
	at java.base/java.util.ArrayList.forEach(ArrayList.java:1596)
	at java.base/java.util.ArrayList.forEach(ArrayList.java:1596)

[ERROR] com.ryanlab.contentbase.integration.controller.admin.article.CreateArticleIntegrationTest.testCreateArticleDuplicateSlug -- Time elapsed: 0.032 s <<< FAILURE!
java.lang.AssertionError: Status expected:<201> but was:<500>
	at org.springframework.test.util.AssertionErrors.fail(AssertionErrors.java:61)
	at org.springframework.test.util.AssertionErrors.assertEquals(AssertionErrors.java:128)
	at org.springframework.test.web.servlet.result.StatusResultMatchers.lambda$matcher$9(StatusResultMatchers.java:640)
	at org.springframework.test.web.servlet.MockMvc$1.andExpect(MockMvc.java:214)
	at com.ryanlab.contentbase.integration.controller.admin.article.CreateArticleIntegrationTest.testCreateArticleDuplicateSlug(CreateArticleIntegrationTest.java:234)
	at java.base/java.lang.reflect.Method.invoke(Method.java:580)
	at java.base/java.util.ArrayList.forEach(ArrayList.java:1596)
	at java.base/java.util.ArrayList.forEach(ArrayList.java:1596)

[ERROR] com.ryanlab.contentbase.integration.controller.admin.article.CreateArticleIntegrationTest.testCreateArticleInvalidStatus -- Time elapsed: 0.031 s <<< FAILURE!
java.lang.AssertionError: Status expected:<400> but was:<500>
	at org.springframework.test.util.AssertionErrors.fail(AssertionErrors.java:61)
	at org.springframework.test.util.AssertionErrors.assertEquals(AssertionErrors.java:128)
	at org.springframework.test.web.servlet.result.StatusResultMatchers.lambda$matcher$9(StatusResultMatchers.java:640)
	at org.springframework.test.web.servlet.MockMvc$1.andExpect(MockMvc.java:214)
	at com.ryanlab.contentbase.integration.controller.admin.article.CreateArticleIntegrationTest.testCreateArticleInvalidStatus(CreateArticleIntegrationTest.java:255)
	at java.base/java.lang.reflect.Method.invoke(Method.java:580)
	at java.base/java.util.ArrayList.forEach(ArrayList.java:1596)
	at java.base/java.util.ArrayList.forEach(ArrayList.java:1596)

[ERROR] com.ryanlab.contentbase.integration.controller.admin.article.CreateArticleIntegrationTest.testCreateArticleWithOptionalFields -- Time elapsed: 0.047 s <<< FAILURE!
java.lang.AssertionError: Status expected:<201> but was:<500>
	at org.springframework.test.util.AssertionErrors.fail(AssertionErrors.java:61)
	at org.springframework.test.util.AssertionErrors.assertEquals(AssertionErrors.java:128)
	at org.springframework.test.web.servlet.result.StatusResultMatchers.lambda$matcher$9(StatusResultMatchers.java:640)
	at org.springframework.test.web.servlet.MockMvc$1.andExpect(MockMvc.java:214)
	at com.ryanlab.contentbase.integration.controller.admin.article.CreateArticleIntegrationTest.testCreateArticleWithOptionalFields(CreateArticleIntegrationTest.java:220)
	at java.base/java.lang.reflect.Method.invoke(Method.java:580)
	at java.base/java.util.ArrayList.forEach(ArrayList.java:1596)
	at java.base/java.util.ArrayList.forEach(ArrayList.java:1596)

[ERROR] com.ryanlab.contentbase.integration.controller.admin.article.CreateArticleIntegrationTest.testCreateArticleCountIncrement -- Time elapsed: 0.096 s <<< FAILURE!
java.lang.AssertionError: Status expected:<201> but was:<500>
	at org.springframework.test.util.AssertionErrors.fail(AssertionErrors.java:61)
	at org.springframework.test.util.AssertionErrors.assertEquals(AssertionErrors.java:128)
	at org.springframework.test.web.servlet.result.StatusResultMatchers.lambda$matcher$9(StatusResultMatchers.java:640)
	at org.springframework.test.web.servlet.MockMvc$1.andExpect(MockMvc.java:214)
	at com.ryanlab.contentbase.integration.controller.admin.article.CreateArticleIntegrationTest.testCreateArticleCountIncrement(CreateArticleIntegrationTest.java:323)
	at java.base/java.lang.reflect.Method.invoke(Method.java:580)
	at java.base/java.util.ArrayList.forEach(ArrayList.java:1596)
	at java.base/java.util.ArrayList.forEach(ArrayList.java:1596)

[ERROR] com.ryanlab.contentbase.integration.controller.admin.article.CreateArticleIntegrationTest.testCreateArticleSpecialCharactersSlug -- Time elapsed: 0.063 s <<< FAILURE!
java.lang.AssertionError: Status expected:<201> but was:<500>
	at org.springframework.test.util.AssertionErrors.fail(AssertionErrors.java:61)
	at org.springframework.test.util.AssertionErrors.assertEquals(AssertionErrors.java:128)
	at org.springframework.test.web.servlet.result.StatusResultMatchers.lambda$matcher$9(StatusResultMatchers.java:640)
	at org.springframework.test.web.servlet.MockMvc$1.andExpect(MockMvc.java:214)
	at com.ryanlab.contentbase.integration.controller.admin.article.CreateArticleIntegrationTest.testCreateArticleSpecialCharactersSlug(CreateArticleIntegrationTest.java:188)
	at java.base/java.lang.reflect.Method.invoke(Method.java:580)
	at java.base/java.util.ArrayList.forEach(ArrayList.java:1596)
	at java.base/java.util.ArrayList.forEach(ArrayList.java:1596)

[ERROR] com.ryanlab.contentbase.integration.controller.admin.article.CreateArticleIntegrationTest.testCreateArticleForbiddenUser -- Time elapsed: 0.031 s <<< FAILURE!
java.lang.AssertionError: Status expected:<403> but was:<500>
	at org.springframework.test.util.AssertionErrors.fail(AssertionErrors.java:61)
	at org.springframework.test.util.AssertionErrors.assertEquals(AssertionErrors.java:128)
	at org.springframework.test.web.servlet.result.StatusResultMatchers.lambda$matcher$9(StatusResultMatchers.java:640)
	at org.springframework.test.web.servlet.MockMvc$1.andExpect(MockMvc.java:214)
	at com.ryanlab.contentbase.integration.controller.admin.article.CreateArticleIntegrationTest.testCreateArticleForbiddenUser(CreateArticleIntegrationTest.java:267)
	at java.base/java.lang.reflect.Method.invoke(Method.java:580)
	at java.base/java.util.ArrayList.forEach(ArrayList.java:1596)
	at java.base/java.util.ArrayList.forEach(ArrayList.java:1596)

2025-12-01T22:58:10.709+07:00  INFO 18960 --- [ContentBase-Test] [           main] t.c.s.AnnotationConfigContextLoaderUtils : Could not detect default configuration classes for test class [com.ryanlab.contentbase.integration.controller.admin.article.UpdateArticleStatusIntegrationTest]: UpdateArticleStatusIntegrationTest does not declare any static, non-private, non-final, nested classes annotated with @Configuration.
2025-12-01T22:58:10.799+07:00  INFO 18960 --- [ContentBase-Test] [           main] .b.t.c.SpringBootTestContextBootstrapper : Found @SpringBootConfiguration com.ryanlab.contentbase.ContentBaseApplication for test class com.ryanlab.contentbase.integration.controller.admin.article.UpdateArticleStatusIntegrationTest
2025-12-01T22:58:11.133+07:00 ERROR 18960 --- [ContentBase-Test] [           main] c.r.c.core.api.ResponseMessageId         : Not found ResponseMessageId with name: Validation failed for argument [1] in public org.springframework.http.ResponseEntity<com.ryanlab.contentbase.model.dto.response.content.ArticleResponse> com.ryanlab.contentbase.controller.admin.article.AdminArticleController.updateArticleStatus(java.lang.String,com.ryanlab.contentbase.model.dto.request.article.UpdateArticleStatusRequest,org.springframework.security.core.Authentication): [Field error in object 'updateArticleStatusRequest' on field 'status': rejected value [null]; codes [NotBlank.updateArticleStatusRequest.status,NotBlank.status,NotBlank.java.lang.String,NotBlank]; arguments [org.springframework.context.support.DefaultMessageSourceResolvable: codes [updateArticleStatusRequest.status,status]; arguments []; default message [status]]; default message [E_INVALID_INPUT_FIELD]] 
2025-12-01T22:58:11.133+07:00 ERROR 18960 --- [ContentBase-Test] [           main] c.r.c.c.e.GlobalExceptionHandler         : Not found ResponseMessage with ID = E_NO_CATEGORY_MESSAGE
2025-12-01T22:58:11.133+07:00 ERROR 18960 --- [ContentBase-Test] [           main] c.r.c.c.e.GlobalExceptionHandler         : Not found ResponseMessage with ID = E_NO_CATEGORY_MESSAGE

MockHttpServletRequest:
      HTTP Method = PUT
      Request URI = /api/admin/articles/15346bdf-102c-4bfc-a37c-466b963f9cd3/status
       Parameters = {}
          Headers = [Content-Type:"application/json;charset=UTF-8", Content-Length:"15"]
             Body = {"status":null}
    Session Attrs = {SPRING_SECURITY_CONTEXT=SecurityContextImpl [Authentication=UsernamePasswordAuthenticationToken [Principal=org.springframework.security.core.userdetails.User [Username=admin, Password=[PROTECTED], Enabled=true, AccountNonExpired=true, CredentialsNonExpired=true, AccountNonLocked=true, Granted Authorities=[ROLE_ADMIN]], Credentials=[PROTECTED], Authenticated=true, Details=null, Granted Authorities=[ROLE_ADMIN]]]}

Handler:
             Type = com.ryanlab.contentbase.controller.admin.article.AdminArticleController
           Method = com.ryanlab.contentbase.controller.admin.article.AdminArticleController#updateArticleStatus(String, UpdateArticleStatusRequest, Authentication)

Async:
    Async started = false
     Async result = null

Resolved Exception:
             Type = org.springframework.web.bind.MethodArgumentNotValidException

ModelAndView:
        View name = null
             View = null
            Model = null

FlashMap:
       Attributes = null

MockHttpServletResponse:
           Status = 500
    Error message = null
          Headers = [Content-Type:"application/json", X-Content-Type-Options:"nosniff", X-XSS-Protection:"0", Cache-Control:"no-cache, no-store, max-age=0, must-revalidate", Pragma:"no-cache", Expires:"0", X-Frame-Options:"DENY"]
     Content type = application/json
             Body = {"code":500,"body":{"responseType":"UNKNOW","statusCode":500,"messageSummary":"Internal Server Error","messageDetail":"Internal Server Error"}}
    Forwarded URL = null
   Redirected URL = null
          Cookies = []
2025-12-01T22:58:11.331+07:00  INFO 18960 --- [ContentBase-Test] [           main] c.r.c.s.a.a.UpdateArticleStatusService   : Article status updated: 8d784948-722b-419e-9479-42c776454b5b -> PENDING
2025-12-01T22:58:11.503+07:00 ERROR 18960 --- [ContentBase-Test] [           main] c.r.c.core.api.ResponseMessageId         : Not found ResponseMessageId with name: Invalid article status: INVALID_STATUS
2025-12-01T22:58:11.516+07:00 ERROR 18960 --- [ContentBase-Test] [           main] c.r.c.c.e.GlobalExceptionHandler         : Not found ResponseMessage with ID = E_NO_CATEGORY_MESSAGE
2025-12-01T22:58:11.519+07:00 ERROR 18960 --- [ContentBase-Test] [           main] c.r.c.c.e.GlobalExceptionHandler         : Not found ResponseMessage with ID = E_NO_CATEGORY_MESSAGE

MockHttpServletRequest:
      HTTP Method = PUT
      Request URI = /api/admin/articles/aa8ddb98-bf7c-478b-ab35-44e855d557a4/status
       Parameters = {}
          Headers = [Content-Type:"application/json;charset=UTF-8", Content-Length:"27"]
             Body = {"status":"INVALID_STATUS"}
    Session Attrs = {SPRING_SECURITY_CONTEXT=SecurityContextImpl [Authentication=UsernamePasswordAuthenticationToken [Principal=org.springframework.security.core.userdetails.User [Username=admin, Password=[PROTECTED], Enabled=true, AccountNonExpired=true, CredentialsNonExpired=true, AccountNonLocked=true, Granted Authorities=[ROLE_ADMIN]], Credentials=[PROTECTED], Authenticated=true, Details=null, Granted Authorities=[ROLE_ADMIN]]]}

Handler:
             Type = com.ryanlab.contentbase.controller.admin.article.AdminArticleController
           Method = com.ryanlab.contentbase.controller.admin.article.AdminArticleController#updateArticleStatus(String, UpdateArticleStatusRequest, Authentication)

Async:
    Async started = false
     Async result = null

Resolved Exception:
             Type = java.lang.IllegalArgumentException

ModelAndView:
        View name = null
             View = null
            Model = null

FlashMap:
       Attributes = null

MockHttpServletResponse:
           Status = 500
    Error message = null
          Headers = [Content-Type:"application/json", X-Content-Type-Options:"nosniff", X-XSS-Protection:"0", Cache-Control:"no-cache, no-store, max-age=0, must-revalidate", Pragma:"no-cache", Expires:"0", X-Frame-Options:"DENY"]
     Content type = application/json
             Body = {"code":500,"body":{"responseType":"UNKNOW","statusCode":500,"messageSummary":"Internal Server Error","messageDetail":"Internal Server Error"}}
    Forwarded URL = null
   Redirected URL = null
          Cookies = []
2025-12-01T22:58:11.598+07:00 ERROR 18960 --- [ContentBase-Test] [           main] c.r.c.core.api.ResponseMessageId         : Not found ResponseMessageId with name: Access Denied
2025-12-01T22:58:11.601+07:00 ERROR 18960 --- [ContentBase-Test] [           main] c.r.c.c.e.GlobalExceptionHandler         : Not found ResponseMessage with ID = E_NO_CATEGORY_MESSAGE
2025-12-01T22:58:11.601+07:00 ERROR 18960 --- [ContentBase-Test] [           main] c.r.c.c.e.GlobalExceptionHandler         : Not found ResponseMessage with ID = E_NO_CATEGORY_MESSAGE

MockHttpServletRequest:
      HTTP Method = PUT
      Request URI = /api/admin/articles/f420ca69-118c-4c97-9aa1-c01853da28e6/status
       Parameters = {}
          Headers = [Content-Type:"application/json;charset=UTF-8", Content-Length:"22"]
             Body = {"status":"PUBLISHED"}
    Session Attrs = {SPRING_SECURITY_CONTEXT=SecurityContextImpl [Authentication=UsernamePasswordAuthenticationToken [Principal=org.springframework.security.core.userdetails.User [Username=user, Password=[PROTECTED], Enabled=true, AccountNonExpired=true, CredentialsNonExpired=true, AccountNonLocked=true, Granted Authorities=[ROLE_USER]], Credentials=[PROTECTED], Authenticated=true, Details=null, Granted Authorities=[ROLE_USER]]]}

Handler:
             Type = com.ryanlab.contentbase.controller.admin.article.AdminArticleController
           Method = com.ryanlab.contentbase.controller.admin.article.AdminArticleController#updateArticleStatus(String, UpdateArticleStatusRequest, Authentication)

Async:
    Async started = false
     Async result = null

Resolved Exception:
             Type = org.springframework.security.authorization.AuthorizationDeniedException

ModelAndView:
        View name = null
             View = null
            Model = null

FlashMap:
       Attributes = null

MockHttpServletResponse:
           Status = 500
    Error message = null
          Headers = [Content-Type:"application/json", X-Content-Type-Options:"nosniff", X-XSS-Protection:"0", Cache-Control:"no-cache, no-store, max-age=0, must-revalidate", Pragma:"no-cache", Expires:"0", X-Frame-Options:"DENY"]
     Content type = application/json
             Body = {"code":500,"body":{"responseType":"UNKNOW","statusCode":500,"messageSummary":"Internal Server Error","messageDetail":"Internal Server Error"}}
    Forwarded URL = null
   Redirected URL = null
          Cookies = []
2025-12-01T22:58:11.685+07:00  INFO 18960 --- [ContentBase-Test] [           main] c.r.c.s.a.a.UpdateArticleStatusService   : Article status updated: 98cc51c0-46d1-4bd1-9b3d-63bd3621d838 -> DRAFT
2025-12-01T22:58:11.751+07:00  INFO 18960 --- [ContentBase-Test] [           main] c.r.c.s.a.a.UpdateArticleStatusService   : Article status updated: 9a01809c-df80-42b8-92bd-7206073c1482 -> HIDDEN
2025-12-01T22:58:11.803+07:00 ERROR 18960 --- [ContentBase-Test] [           main] c.r.c.core.api.ResponseMessageId         : Not found ResponseMessageId with name: Validation failed for argument [1] in public org.springframework.http.ResponseEntity<com.ryanlab.contentbase.model.dto.response.content.ArticleResponse> com.ryanlab.contentbase.controller.admin.article.AdminArticleController.updateArticleStatus(java.lang.String,com.ryanlab.contentbase.model.dto.request.article.UpdateArticleStatusRequest,org.springframework.security.core.Authentication): [Field error in object 'updateArticleStatusRequest' on field 'status': rejected value []; codes [NotBlank.updateArticleStatusRequest.status,NotBlank.status,NotBlank.java.lang.String,NotBlank]; arguments [org.springframework.context.support.DefaultMessageSourceResolvable: codes [updateArticleStatusRequest.status,status]; arguments []; default message [status]]; default message [E_INVALID_INPUT_FIELD]] 
2025-12-01T22:58:11.803+07:00 ERROR 18960 --- [ContentBase-Test] [           main] c.r.c.c.e.GlobalExceptionHandler         : Not found ResponseMessage with ID = E_NO_CATEGORY_MESSAGE
2025-12-01T22:58:11.803+07:00 ERROR 18960 --- [ContentBase-Test] [           main] c.r.c.c.e.GlobalExceptionHandler         : Not found ResponseMessage with ID = E_NO_CATEGORY_MESSAGE

MockHttpServletRequest:
      HTTP Method = PUT
      Request URI = /api/admin/articles/c71b4aaa-80c7-4deb-8dec-3aeb4e0ff929/status
       Parameters = {}
          Headers = [Content-Type:"application/json;charset=UTF-8", Content-Length:"13"]
             Body = {"status":""}
    Session Attrs = {SPRING_SECURITY_CONTEXT=SecurityContextImpl [Authentication=UsernamePasswordAuthenticationToken [Principal=org.springframework.security.core.userdetails.User [Username=admin, Password=[PROTECTED], Enabled=true, AccountNonExpired=true, CredentialsNonExpired=true, AccountNonLocked=true, Granted Authorities=[ROLE_ADMIN]], Credentials=[PROTECTED], Authenticated=true, Details=null, Granted Authorities=[ROLE_ADMIN]]]}

Handler:
             Type = com.ryanlab.contentbase.controller.admin.article.AdminArticleController
           Method = com.ryanlab.contentbase.controller.admin.article.AdminArticleController#updateArticleStatus(String, UpdateArticleStatusRequest, Authentication)

Async:
    Async started = false
     Async result = null

Resolved Exception:
             Type = org.springframework.web.bind.MethodArgumentNotValidException

ModelAndView:
        View name = null
             View = null
            Model = null

FlashMap:
       Attributes = null

MockHttpServletResponse:
           Status = 500
    Error message = null
          Headers = [Content-Type:"application/json", X-Content-Type-Options:"nosniff", X-XSS-Protection:"0", Cache-Control:"no-cache, no-store, max-age=0, must-revalidate", Pragma:"no-cache", Expires:"0", X-Frame-Options:"DENY"]
     Content type = application/json
             Body = {"code":500,"body":{"responseType":"UNKNOW","statusCode":500,"messageSummary":"Internal Server Error","messageDetail":"Internal Server Error"}}
    Forwarded URL = null
   Redirected URL = null
          Cookies = []
2025-12-01T22:58:11.868+07:00  INFO 18960 --- [ContentBase-Test] [           main] c.r.c.s.a.a.UpdateArticleStatusService   : Article status updated: 1563272d-a68d-4885-a2c8-6f29e7fa4081 -> PUBLISHED
2025-12-01T22:58:11.919+07:00 ERROR 18960 --- [ContentBase-Test] [           main] c.r.c.core.api.ResponseMessageId         : Not found ResponseMessageId with name: Access Denied
2025-12-01T22:58:11.919+07:00 ERROR 18960 --- [ContentBase-Test] [           main] c.r.c.c.e.GlobalExceptionHandler         : Not found ResponseMessage with ID = E_NO_CATEGORY_MESSAGE
2025-12-01T22:58:11.931+07:00 ERROR 18960 --- [ContentBase-Test] [           main] c.r.c.c.e.GlobalExceptionHandler         : Not found ResponseMessage with ID = E_NO_CATEGORY_MESSAGE

MockHttpServletRequest:
      HTTP Method = PUT
      Request URI = /api/admin/articles/52073485-cb5d-408c-a66f-2492c02192b4/status
       Parameters = {}
          Headers = [Content-Type:"application/json;charset=UTF-8", Content-Length:"22"]
             Body = {"status":"PUBLISHED"}
    Session Attrs = {}

Handler:
             Type = com.ryanlab.contentbase.controller.admin.article.AdminArticleController
           Method = com.ryanlab.contentbase.controller.admin.article.AdminArticleController#updateArticleStatus(String, UpdateArticleStatusRequest, Authentication)

Async:
    Async started = false
     Async result = null

Resolved Exception:
             Type = org.springframework.security.authorization.AuthorizationDeniedException

ModelAndView:
        View name = null
             View = null
            Model = null

FlashMap:
       Attributes = null

MockHttpServletResponse:
           Status = 500
    Error message = null
          Headers = [Content-Type:"application/json", X-Content-Type-Options:"nosniff", X-XSS-Protection:"0", Cache-Control:"no-cache, no-store, max-age=0, must-revalidate", Pragma:"no-cache", Expires:"0", X-Frame-Options:"DENY"]
     Content type = application/json
             Body = {"code":500,"body":{"responseType":"UNKNOW","statusCode":500,"messageSummary":"Internal Server Error","messageDetail":"Internal Server Error"}}
    Forwarded URL = null
   Redirected URL = null
          Cookies = []
2025-12-01T22:58:12.002+07:00  INFO 18960 --- [ContentBase-Test] [           main] c.r.c.s.a.a.UpdateArticleStatusService   : Article status updated: c8b48a05-4546-4a9f-88a1-c3b20611e918 -> PUBLISHED

MockHttpServletRequest:
      HTTP Method = PUT
      Request URI = /api/admin/articles/c8b48a05-4546-4a9f-88a1-c3b20611e918/status
       Parameters = {}
          Headers = [Content-Type:"application/json;charset=UTF-8", Content-Length:"22"]
             Body = {"status":"published"}
    Session Attrs = {SPRING_SECURITY_CONTEXT=SecurityContextImpl [Authentication=UsernamePasswordAuthenticationToken [Principal=org.springframework.security.core.userdetails.User [Username=admin, Password=[PROTECTED], Enabled=true, AccountNonExpired=true, CredentialsNonExpired=true, AccountNonLocked=true, Granted Authorities=[ROLE_ADMIN]], Credentials=[PROTECTED], Authenticated=true, Details=null, Granted Authorities=[ROLE_ADMIN]]]}

Handler:
             Type = com.ryanlab.contentbase.controller.admin.article.AdminArticleController
           Method = com.ryanlab.contentbase.controller.admin.article.AdminArticleController#updateArticleStatus(String, UpdateArticleStatusRequest, Authentication)

Async:
    Async started = false
     Async result = null

Resolved Exception:
             Type = null

ModelAndView:
        View name = null
             View = null
            Model = null

FlashMap:
       Attributes = null

MockHttpServletResponse:
           Status = 200
    Error message = null
          Headers = [Content-Type:"application/json", X-Content-Type-Options:"nosniff", X-XSS-Protection:"0", Cache-Control:"no-cache, no-store, max-age=0, must-revalidate", Pragma:"no-cache", Expires:"0", X-Frame-Options:"DENY"]
     Content type = application/json
             Body = {"contentId":"c8b48a05-4546-4a9f-88a1-c3b20611e918","title":"Draft Article 1fa10cd2","dateCreated":null,"content":"Draft content","categoryId":null,"categoryName":null}
    Forwarded URL = null
   Redirected URL = null
          Cookies = []
2025-12-01T22:58:12.069+07:00  INFO 18960 --- [ContentBase-Test] [           main] c.r.c.s.a.a.UpdateArticleStatusService   : Article status updated: 0e069c9b-4478-44cd-8add-c32ae8eaeb5a -> PUBLISHED

MockHttpServletRequest:
      HTTP Method = PUT
      Request URI = /api/admin/articles/0e069c9b-4478-44cd-8add-c32ae8eaeb5a/status
       Parameters = {}
          Headers = [Content-Type:"application/json;charset=UTF-8", Content-Length:"22"]
             Body = {"status":"PUBLISHED"}
    Session Attrs = {SPRING_SECURITY_CONTEXT=SecurityContextImpl [Authentication=UsernamePasswordAuthenticationToken [Principal=org.springframework.security.core.userdetails.User [Username=admin, Password=[PROTECTED], Enabled=true, AccountNonExpired=true, CredentialsNonExpired=true, AccountNonLocked=true, Granted Authorities=[ROLE_ADMIN]], Credentials=[PROTECTED], Authenticated=true, Details=null, Granted Authorities=[ROLE_ADMIN]]]}

Handler:
             Type = com.ryanlab.contentbase.controller.admin.article.AdminArticleController
           Method = com.ryanlab.contentbase.controller.admin.article.AdminArticleController#updateArticleStatus(String, UpdateArticleStatusRequest, Authentication)

Async:
    Async started = false
     Async result = null

Resolved Exception:
             Type = null

ModelAndView:
        View name = null
             View = null
            Model = null

FlashMap:
       Attributes = null

MockHttpServletResponse:
           Status = 200
    Error message = null
          Headers = [Content-Type:"application/json", X-Content-Type-Options:"nosniff", X-XSS-Protection:"0", Cache-Control:"no-cache, no-store, max-age=0, must-revalidate", Pragma:"no-cache", Expires:"0", X-Frame-Options:"DENY"]
     Content type = application/json
             Body = {"contentId":"0e069c9b-4478-44cd-8add-c32ae8eaeb5a","title":"Draft Article 34ac86ca","dateCreated":null,"content":"Draft content","categoryId":null,"categoryName":null}
    Forwarded URL = null
   Redirected URL = null
          Cookies = []
2025-12-01T22:58:12.113+07:00  INFO 18960 --- [ContentBase-Test] [           main] c.r.c.s.a.a.UpdateArticleStatusService   : Article status updated: d3ed7c90-dd1b-418c-be51-ae3330ea6016 -> PUBLISHED

MockHttpServletRequest:
      HTTP Method = PUT
      Request URI = /api/admin/articles/d3ed7c90-dd1b-418c-be51-ae3330ea6016/status
       Parameters = {}
          Headers = [Content-Type:"application/json;charset=UTF-8", Content-Length:"22"]
             Body = {"status":"PUBLISHED"}
    Session Attrs = {SPRING_SECURITY_CONTEXT=SecurityContextImpl [Authentication=UsernamePasswordAuthenticationToken [Principal=org.springframework.security.core.userdetails.User [Username=admin, Password=[PROTECTED], Enabled=true, AccountNonExpired=true, CredentialsNonExpired=true, AccountNonLocked=true, Granted Authorities=[ROLE_ADMIN]], Credentials=[PROTECTED], Authenticated=true, Details=null, Granted Authorities=[ROLE_ADMIN]]]}

Handler:
             Type = com.ryanlab.contentbase.controller.admin.article.AdminArticleController
           Method = com.ryanlab.contentbase.controller.admin.article.AdminArticleController#updateArticleStatus(String, UpdateArticleStatusRequest, Authentication)

Async:
    Async started = false
     Async result = null

Resolved Exception:
             Type = null

ModelAndView:
        View name = null
             View = null
            Model = null

FlashMap:
       Attributes = null

MockHttpServletResponse:
           Status = 200
    Error message = null
          Headers = [Content-Type:"application/json", X-Content-Type-Options:"nosniff", X-XSS-Protection:"0", Cache-Control:"no-cache, no-store, max-age=0, must-revalidate", Pragma:"no-cache", Expires:"0", X-Frame-Options:"DENY"]
     Content type = application/json
             Body = {"contentId":"d3ed7c90-dd1b-418c-be51-ae3330ea6016","title":"Draft Article 9e56fee0","dateCreated":null,"content":"Draft content","categoryId":null,"categoryName":null}
    Forwarded URL = null
   Redirected URL = null
          Cookies = []
2025-12-01T22:58:12.182+07:00  INFO 18960 --- [ContentBase-Test] [           main] c.r.c.s.a.a.UpdateArticleStatusService   : Article status updated: 708ffe48-9674-4dae-9236-7804356e83b0 -> DRAFT
2025-12-01T22:58:12.291+07:00 ERROR 18960 --- [ContentBase-Test] [           main] c.r.c.core.api.ResponseMessageId         : Not found ResponseMessageId with name: Article Not Found: non-existent-id
2025-12-01T22:58:12.298+07:00 ERROR 18960 --- [ContentBase-Test] [           main] c.r.c.c.e.GlobalExceptionHandler         : Not found ResponseMessage with ID = E_NO_CATEGORY_MESSAGE
2025-12-01T22:58:12.300+07:00 ERROR 18960 --- [ContentBase-Test] [           main] c.r.c.c.e.GlobalExceptionHandler         : Not found ResponseMessage with ID = E_NO_CATEGORY_MESSAGE

MockHttpServletRequest:
      HTTP Method = PUT
      Request URI = /api/admin/articles/non-existent-id/status
       Parameters = {}
          Headers = [Content-Type:"application/json;charset=UTF-8", Content-Length:"22"]
             Body = {"status":"PUBLISHED"}
    Session Attrs = {SPRING_SECURITY_CONTEXT=SecurityContextImpl [Authentication=UsernamePasswordAuthenticationToken [Principal=org.springframework.security.core.userdetails.User [Username=admin, Password=[PROTECTED], Enabled=true, AccountNonExpired=true, CredentialsNonExpired=true, AccountNonLocked=true, Granted Authorities=[ROLE_ADMIN]], Credentials=[PROTECTED], Authenticated=true, Details=null, Granted Authorities=[ROLE_ADMIN]]]}

Handler:
             Type = com.ryanlab.contentbase.controller.admin.article.AdminArticleController
           Method = com.ryanlab.contentbase.controller.admin.article.AdminArticleController#updateArticleStatus(String, UpdateArticleStatusRequest, Authentication)

Async:
    Async started = false
     Async result = null

Resolved Exception:
             Type = com.ryanlab.contentbase.core.exception.ResourceNotFoundException

ModelAndView:
        View name = null
             View = null
            Model = null

FlashMap:
       Attributes = null

MockHttpServletResponse:
           Status = 500
    Error message = null
          Headers = [Content-Type:"application/json", X-Content-Type-Options:"nosniff", X-XSS-Protection:"0", Cache-Control:"no-cache, no-store, max-age=0, must-revalidate", Pragma:"no-cache", Expires:"0", X-Frame-Options:"DENY"]
     Content type = application/json
             Body = {"code":500,"body":{"responseType":"UNKNOW","statusCode":500,"messageSummary":"Internal Server Error","messageDetail":"Internal Server Error"}}
    Forwarded URL = null
   Redirected URL = null
          Cookies = []
[ERROR] Tests run: 14, Failures: 9, Errors: 0, Skipped: 0, Time elapsed: 1.621 s <<< FAILURE! -- in com.ryanlab.contentbase.integration.controller.admin.article.UpdateArticleStatusIntegrationTest
[ERROR] com.ryanlab.contentbase.integration.controller.admin.article.UpdateArticleStatusIntegrationTest.testUpdateStatusNull -- Time elapsed: 0.334 s <<< FAILURE!
java.lang.AssertionError: Status expected:<400> but was:<500>
	at org.springframework.test.util.AssertionErrors.fail(AssertionErrors.java:61)
	at org.springframework.test.util.AssertionErrors.assertEquals(AssertionErrors.java:128)
	at org.springframework.test.web.servlet.result.StatusResultMatchers.lambda$matcher$9(StatusResultMatchers.java:640)
	at org.springframework.test.web.servlet.MockMvc$1.andExpect(MockMvc.java:214)
	at com.ryanlab.contentbase.integration.controller.admin.article.UpdateArticleStatusIntegrationTest.testUpdateStatusNull(UpdateArticleStatusIntegrationTest.java:142)
	at java.base/java.lang.reflect.Method.invoke(Method.java:580)
	at java.base/java.util.ArrayList.forEach(ArrayList.java:1596)
	at java.base/java.util.ArrayList.forEach(ArrayList.java:1596)

[ERROR] com.ryanlab.contentbase.integration.controller.admin.article.UpdateArticleStatusIntegrationTest.testUpdateStatusInvalid -- Time elapsed: 0.088 s <<< FAILURE!
java.lang.AssertionError: Status expected:<400> but was:<500>
	at org.springframework.test.util.AssertionErrors.fail(AssertionErrors.java:61)
	at org.springframework.test.util.AssertionErrors.assertEquals(AssertionErrors.java:128)
	at org.springframework.test.web.servlet.result.StatusResultMatchers.lambda$matcher$9(StatusResultMatchers.java:640)
	at org.springframework.test.web.servlet.MockMvc$1.andExpect(MockMvc.java:214)
	at com.ryanlab.contentbase.integration.controller.admin.article.UpdateArticleStatusIntegrationTest.testUpdateStatusInvalid(UpdateArticleStatusIntegrationTest.java:116)
	at java.base/java.lang.reflect.Method.invoke(Method.java:580)
	at java.base/java.util.ArrayList.forEach(ArrayList.java:1596)
	at java.base/java.util.ArrayList.forEach(ArrayList.java:1596)

[ERROR] com.ryanlab.contentbase.integration.controller.admin.article.UpdateArticleStatusIntegrationTest.testUpdateStatusForbiddenUser -- Time elapsed: 0.066 s <<< FAILURE!
java.lang.AssertionError: Status expected:<403> but was:<500>
	at org.springframework.test.util.AssertionErrors.fail(AssertionErrors.java:61)
	at org.springframework.test.util.AssertionErrors.assertEquals(AssertionErrors.java:128)
	at org.springframework.test.web.servlet.result.StatusResultMatchers.lambda$matcher$9(StatusResultMatchers.java:640)
	at org.springframework.test.web.servlet.MockMvc$1.andExpect(MockMvc.java:214)
	at com.ryanlab.contentbase.integration.controller.admin.article.UpdateArticleStatusIntegrationTest.testUpdateStatusForbiddenUser(UpdateArticleStatusIntegrationTest.java:168)
	at java.base/java.lang.reflect.Method.invoke(Method.java:580)
	at java.base/java.util.ArrayList.forEach(ArrayList.java:1596)
	at java.base/java.util.ArrayList.forEach(ArrayList.java:1596)

[ERROR] com.ryanlab.contentbase.integration.controller.admin.article.UpdateArticleStatusIntegrationTest.testUpdateStatusEmpty -- Time elapsed: 0.050 s <<< FAILURE!
java.lang.AssertionError: Status expected:<400> but was:<500>
	at org.springframework.test.util.AssertionErrors.fail(AssertionErrors.java:61)
	at org.springframework.test.util.AssertionErrors.assertEquals(AssertionErrors.java:128)
	at org.springframework.test.web.servlet.result.StatusResultMatchers.lambda$matcher$9(StatusResultMatchers.java:640)
	at org.springframework.test.web.servlet.MockMvc$1.andExpect(MockMvc.java:214)
	at com.ryanlab.contentbase.integration.controller.admin.article.UpdateArticleStatusIntegrationTest.testUpdateStatusEmpty(UpdateArticleStatusIntegrationTest.java:129)
	at java.base/java.lang.reflect.Method.invoke(Method.java:580)
	at java.base/java.util.ArrayList.forEach(ArrayList.java:1596)
	at java.base/java.util.ArrayList.forEach(ArrayList.java:1596)

[ERROR] com.ryanlab.contentbase.integration.controller.admin.article.UpdateArticleStatusIntegrationTest.testUpdateStatusUnauthorized -- Time elapsed: 0.049 s <<< FAILURE!
java.lang.AssertionError: Status expected:<401> but was:<500>
	at org.springframework.test.util.AssertionErrors.fail(AssertionErrors.java:61)
	at org.springframework.test.util.AssertionErrors.assertEquals(AssertionErrors.java:128)
	at org.springframework.test.web.servlet.result.StatusResultMatchers.lambda$matcher$9(StatusResultMatchers.java:640)
	at org.springframework.test.web.servlet.MockMvc$1.andExpect(MockMvc.java:214)
	at com.ryanlab.contentbase.integration.controller.admin.article.UpdateArticleStatusIntegrationTest.testUpdateStatusUnauthorized(UpdateArticleStatusIntegrationTest.java:180)
	at java.base/java.lang.reflect.Method.invoke(Method.java:580)
	at java.base/java.util.ArrayList.forEach(ArrayList.java:1596)
	at java.base/java.util.ArrayList.forEach(ArrayList.java:1596)

[ERROR] com.ryanlab.contentbase.integration.controller.admin.article.UpdateArticleStatusIntegrationTest.testUpdateStatusCaseInsensitive -- Time elapsed: 0.102 s <<< FAILURE!
java.lang.AssertionError: No value at JSON path "$.statusCode"
	at org.springframework.test.util.JsonPathExpectationsHelper.evaluateJsonPath(JsonPathExpectationsHelper.java:351)
	at org.springframework.test.util.JsonPathExpectationsHelper.assertValue(JsonPathExpectationsHelper.java:148)
	at org.springframework.test.web.servlet.result.JsonPathResultMatchers.lambda$value$2(JsonPathResultMatchers.java:112)
	at org.springframework.test.web.servlet.MockMvc$1.andExpect(MockMvc.java:214)
	at com.ryanlab.contentbase.integration.controller.admin.article.UpdateArticleStatusIntegrationTest.testUpdateStatusCaseInsensitive(UpdateArticleStatusIntegrationTest.java:230)
	at java.base/java.lang.reflect.Method.invoke(Method.java:580)
	at java.base/java.util.ArrayList.forEach(ArrayList.java:1596)
	at java.base/java.util.ArrayList.forEach(ArrayList.java:1596)
Caused by: com.jayway.jsonpath.PathNotFoundException: No results for path: $['statusCode']

[ERROR] com.ryanlab.contentbase.integration.controller.admin.article.UpdateArticleStatusIntegrationTest.testUpdateStatusReturnAllFields -- Time elapsed: 0.044 s <<< FAILURE!
java.lang.AssertionError: No value at JSON path "$.id"
	at org.springframework.test.util.JsonPathExpectationsHelper.evaluateJsonPath(JsonPathExpectationsHelper.java:351)
	at org.springframework.test.util.JsonPathExpectationsHelper.assertExistsAndReturn(JsonPathExpectationsHelper.java:388)
	at org.springframework.test.util.JsonPathExpectationsHelper.exists(JsonPathExpectationsHelper.java:239)
	at org.springframework.test.web.servlet.result.JsonPathResultMatchers.lambda$exists$3(JsonPathResultMatchers.java:124)
	at org.springframework.test.web.servlet.MockMvc$1.andExpect(MockMvc.java:214)
	at com.ryanlab.contentbase.integration.controller.admin.article.UpdateArticleStatusIntegrationTest.testUpdateStatusReturnAllFields(UpdateArticleStatusIntegrationTest.java:244)
	at java.base/java.lang.reflect.Method.invoke(Method.java:580)
	at java.base/java.util.ArrayList.forEach(ArrayList.java:1596)
	at java.base/java.util.ArrayList.forEach(ArrayList.java:1596)
Caused by: com.jayway.jsonpath.PathNotFoundException: No results for path: $['id']

[ERROR] com.ryanlab.contentbase.integration.controller.admin.article.UpdateArticleStatusIntegrationTest.testUpdateStatusPublishedAtSet -- Time elapsed: 0.046 s <<< FAILURE!
java.lang.AssertionError: No value at JSON path "$.publishedAt"
	at org.springframework.test.util.JsonPathExpectationsHelper.evaluateJsonPath(JsonPathExpectationsHelper.java:351)
	at org.springframework.test.util.JsonPathExpectationsHelper.assertExistsAndReturn(JsonPathExpectationsHelper.java:388)
	at org.springframework.test.util.JsonPathExpectationsHelper.exists(JsonPathExpectationsHelper.java:239)
	at org.springframework.test.web.servlet.result.JsonPathResultMatchers.lambda$exists$3(JsonPathResultMatchers.java:124)
	at org.springframework.test.web.servlet.MockMvc$1.andExpect(MockMvc.java:214)
	at com.ryanlab.contentbase.integration.controller.admin.article.UpdateArticleStatusIntegrationTest.testUpdateStatusPublishedAtSet(UpdateArticleStatusIntegrationTest.java:194)
	at java.base/java.lang.reflect.Method.invoke(Method.java:580)
	at java.base/java.util.ArrayList.forEach(ArrayList.java:1596)
	at java.base/java.util.ArrayList.forEach(ArrayList.java:1596)
Caused by: com.jayway.jsonpath.PathNotFoundException: No results for path: $['publishedAt']

[ERROR] com.ryanlab.contentbase.integration.controller.admin.article.UpdateArticleStatusIntegrationTest.testUpdateStatusArticleNotFound -- Time elapsed: 0.058 s <<< FAILURE!
java.lang.AssertionError: Status expected:<404> but was:<500>
	at org.springframework.test.util.AssertionErrors.fail(AssertionErrors.java:61)
	at org.springframework.test.util.AssertionErrors.assertEquals(AssertionErrors.java:128)
	at org.springframework.test.web.servlet.result.StatusResultMatchers.lambda$matcher$9(StatusResultMatchers.java:640)
	at org.springframework.test.web.servlet.MockMvc$1.andExpect(MockMvc.java:214)
	at com.ryanlab.contentbase.integration.controller.admin.article.UpdateArticleStatusIntegrationTest.testUpdateStatusArticleNotFound(UpdateArticleStatusIntegrationTest.java:155)
	at java.base/java.lang.reflect.Method.invoke(Method.java:580)
	at java.base/java.util.ArrayList.forEach(ArrayList.java:1596)
	at java.base/java.util.ArrayList.forEach(ArrayList.java:1596)

2025-12-01T22:58:12.407+07:00  INFO 18960 --- [ContentBase-Test] [           main] t.c.s.AnnotationConfigContextLoaderUtils : Could not detect default configuration classes for test class [com.ryanlab.contentbase.integration.controller.general.article.CreateCommentIntegrationTest]: CreateCommentIntegrationTest does not declare any static, non-private, non-final, nested classes annotated with @Configuration.
2025-12-01T22:58:12.534+07:00  INFO 18960 --- [ContentBase-Test] [           main] .b.t.c.SpringBootTestContextBootstrapper : Found @SpringBootConfiguration com.ryanlab.contentbase.ContentBaseApplication for test class com.ryanlab.contentbase.integration.controller.general.article.CreateCommentIntegrationTest
2025-12-01T22:58:12.749+07:00  WARN 18960 --- [ContentBase-Test] [           main] o.h.engine.jdbc.spi.SqlExceptionHelper   : SQL Error: 22001, SQLState: 22001
2025-12-01T22:58:12.768+07:00 ERROR 18960 --- [ContentBase-Test] [           main] o.h.engine.jdbc.spi.SqlExceptionHelper   : Value too long for column "CONTENT CHARACTER VARYING(255)": "'AAAAAAAAAAAAAAAAAAAAAAAAAAAAAAAAAAAAAAAAAAAAAAAAAAAAAAAAAAAAAAAAAAAAAAAAAAAAAAA... (1001)"; SQL statement:
insert into private.comment (article_id,created_at,created_by,updated_at,updated_by,content,parents_comment_id,username,version,id) values (?,?,?,?,?,?,?,?,?,?) [22001-232]
2025-12-01T22:58:12.768+07:00 ERROR 18960 --- [ContentBase-Test] [           main] c.r.c.core.api.ResponseMessageId         : Not found ResponseMessageId with name: could not execute batch [Value too long for column "CONTENT CHARACTER VARYING(255)": "'AAAAAAAAAAAAAAAAAAAAAAAAAAAAAAAAAAAAAAAAAAAAAAAAAAAAAAAAAAAAAAAAAAAAAAAAAAAAAAA... (1001)"; SQL statement:
insert into private.comment (article_id,created_at,created_by,updated_at,updated_by,content,parents_comment_id,username,version,id) values (?,?,?,?,?,?,?,?,?,?) [22001-232]] [insert into private.comment (article_id,created_at,created_by,updated_at,updated_by,content,parents_comment_id,username,version,id) values (?,?,?,?,?,?,?,?,?,?)]; SQL [insert into private.comment (article_id,created_at,created_by,updated_at,updated_by,content,parents_comment_id,username,version,id) values (?,?,?,?,?,?,?,?,?,?)]
2025-12-01T22:58:12.781+07:00 ERROR 18960 --- [ContentBase-Test] [           main] c.r.c.c.e.GlobalExceptionHandler         : Not found ResponseMessage with ID = E_NO_CATEGORY_MESSAGE
2025-12-01T22:58:12.781+07:00 ERROR 18960 --- [ContentBase-Test] [           main] c.r.c.c.e.GlobalExceptionHandler         : Not found ResponseMessage with ID = E_NO_CATEGORY_MESSAGE

MockHttpServletRequest:
      HTTP Method = POST
      Request URI = /api/public/articles/a5504b25-cbff-4204-b33f-535c79931362/comments
       Parameters = {}
          Headers = [Content-Type:"application/json;charset=UTF-8", Content-Length:"1066"]
             Body = {"articleId":"a5504b25-cbff-4204-b33f-535c79931362","content":"AAAAAAAAAAAAAAAAAAAAAAAAAAAAAAAAAAAAAAAAAAAAAAAAAAAAAAAAAAAAAAAAAAAAAAAAAAAAAAAAAAAAAAAAAAAAAAAAAAAAAAAAAAAAAAAAAAAAAAAAAAAAAAAAAAAAAAAAAAAAAAAAAAAAAAAAAAAAAAAAAAAAAAAAAAAAAAAAAAAAAAAAAAAAAAAAAAAAAAAAAAAAAAAAAAAAAAAAAAAAAAAAAAAAAAAAAAAAAAAAAAAAAAAAAAAAAAAAAAAAAAAAAAAAAAAAAAAAAAAAAAAAAAAAAAAAAAAAAAAAAAAAAAAAAAAAAAAAAAAAAAAAAAAAAAAAAAAAAAAAAAAAAAAAAAAAAAAAAAAAAAAAAAAAAAAAAAAAAAAAAAAAAAAAAAAAAAAAAAAAAAAAAAAAAAAAAAAAAAAAAAAAAAAAAAAAAAAAAAAAAAAAAAAAAAAAAAAAAAAAAAAAAAAAAAAAAAAAAAAAAAAAAAAAAAAAAAAAAAAAAAAAAAAAAAAAAAAAAAAAAAAAAAAAAAAAAAAAAAAAAAAAAAAAAAAAAAAAAAAAAAAAAAAAAAAAAAAAAAAAAAAAAAAAAAAAAAAAAAAAAAAAAAAAAAAAAAAAAAAAAAAAAAAAAAAAAAAAAAAAAAAAAAAAAAAAAAAAAAAAAAAAAAAAAAAAAAAAAAAAAAAAAAAAAAAAAAAAAAAAAAAAAAAAAAAAAAAAAAAAAAAAAAAAAAAAAAAAAAAAAAAAAAAAAAAAAAAAAAAAAAAAAAAAAAAAAAAAAAAAAAAAAAAAAAAAAAAAAAAAAAAAAAAAAAAAAAAAAAAAAAAAAAAAAAAAAAAAAAAAAAAAAAAAAAAAAAAAAAAAAAAAAAAAAAAAAAAAAAAAAAAAAAAAAAAAAAAAAAAAAAAAAAAAAAAAAAAAAAAAAAAAAAAAAAAAAAAAAAAAAAAAAAAAAAAAAAAAAAAAAAAAAAAAAAAAAAAAAAAAAAAAAAAAAAAAAAAAAAAAA"}
    Session Attrs = {SPRING_SECURITY_CONTEXT=SecurityContextImpl [Authentication=UsernamePasswordAuthenticationToken [Principal=org.springframework.security.core.userdetails.User [Username=testuser, Password=[PROTECTED], Enabled=true, AccountNonExpired=true, CredentialsNonExpired=true, AccountNonLocked=true, Granted Authorities=[ROLE_USER]], Credentials=[PROTECTED], Authenticated=true, Details=null, Granted Authorities=[ROLE_USER]]]}

Handler:
             Type = com.ryanlab.contentbase.controller.general.article.PublicArticleController
           Method = com.ryanlab.contentbase.controller.general.article.PublicArticleController#createComment(String, CommentCreationRequest, Authentication)

Async:
    Async started = false
     Async result = null

Resolved Exception:
             Type = org.springframework.dao.DataIntegrityViolationException

ModelAndView:
        View name = null
             View = null
            Model = null

FlashMap:
       Attributes = null

MockHttpServletResponse:
           Status = 500
    Error message = null
          Headers = [Content-Type:"application/json", X-Content-Type-Options:"nosniff", X-XSS-Protection:"0", Cache-Control:"no-cache, no-store, max-age=0, must-revalidate", Pragma:"no-cache", Expires:"0", X-Frame-Options:"DENY"]
     Content type = application/json
             Body = {"code":500,"body":{"responseType":"UNKNOW","statusCode":500,"messageSummary":"Internal Server Error","messageDetail":"Internal Server Error"}}
    Forwarded URL = null
   Redirected URL = null
          Cookies = []
2025-12-01T22:58:12.934+07:00 ERROR 18960 --- [ContentBase-Test] [           main] c.r.c.core.api.ResponseMessageId         : Not found ResponseMessageId with name: Validation failed for argument [1] in public org.springframework.http.ResponseEntity<com.ryanlab.contentbase.model.dto.response.comment.CommentResponse> com.ryanlab.contentbase.controller.general.article.PublicArticleController.createComment(java.lang.String,com.ryanlab.contentbase.model.dto.request.comment.CommentCreationRequest,org.springframework.security.core.Authentication): [Field error in object 'commentCreationRequest' on field 'content': rejected value []; codes [NotBlank.commentCreationRequest.content,NotBlank.content,NotBlank.java.lang.String,NotBlank]; arguments [org.springframework.context.support.DefaultMessageSourceResolvable: codes [commentCreationRequest.content,content]; arguments []; default message [content]]; default message [must not be blank]] 
2025-12-01T22:58:12.934+07:00 ERROR 18960 --- [ContentBase-Test] [           main] c.r.c.c.e.GlobalExceptionHandler         : Not found ResponseMessage with ID = E_NO_CATEGORY_MESSAGE
2025-12-01T22:58:12.951+07:00 ERROR 18960 --- [ContentBase-Test] [           main] c.r.c.c.e.GlobalExceptionHandler         : Not found ResponseMessage with ID = E_NO_CATEGORY_MESSAGE

MockHttpServletRequest:
      HTTP Method = POST
      Request URI = /api/public/articles/3a73c4cb-275a-40c3-90d0-fa15ab7e119f/comments
       Parameters = {}
          Headers = [Content-Type:"application/json;charset=UTF-8", Content-Length:"65"]
             Body = {"articleId":"3a73c4cb-275a-40c3-90d0-fa15ab7e119f","content":""}
    Session Attrs = {SPRING_SECURITY_CONTEXT=SecurityContextImpl [Authentication=UsernamePasswordAuthenticationToken [Principal=org.springframework.security.core.userdetails.User [Username=testuser, Password=[PROTECTED], Enabled=true, AccountNonExpired=true, CredentialsNonExpired=true, AccountNonLocked=true, Granted Authorities=[ROLE_USER]], Credentials=[PROTECTED], Authenticated=true, Details=null, Granted Authorities=[ROLE_USER]]]}

Handler:
             Type = com.ryanlab.contentbase.controller.general.article.PublicArticleController
           Method = com.ryanlab.contentbase.controller.general.article.PublicArticleController#createComment(String, CommentCreationRequest, Authentication)

Async:
    Async started = false
     Async result = null

Resolved Exception:
             Type = org.springframework.web.bind.MethodArgumentNotValidException

ModelAndView:
        View name = null
             View = null
            Model = null

FlashMap:
       Attributes = null

MockHttpServletResponse:
           Status = 500
    Error message = null
          Headers = [Content-Type:"application/json", X-Content-Type-Options:"nosniff", X-XSS-Protection:"0", Cache-Control:"no-cache, no-store, max-age=0, must-revalidate", Pragma:"no-cache", Expires:"0", X-Frame-Options:"DENY"]
     Content type = application/json
             Body = {"code":500,"body":{"responseType":"UNKNOW","statusCode":500,"messageSummary":"Internal Server Error","messageDetail":"Internal Server Error"}}
    Forwarded URL = null
   Redirected URL = null
          Cookies = []
2025-12-01T22:58:13.881+07:00 ERROR 18960 --- [ContentBase-Test] [           main] c.r.c.core.api.ResponseMessageId         : Not found ResponseMessageId with name: Article Statistic Not Found: de3aa42f-db72-459e-a44a-5a6c7385f56c
2025-12-01T22:58:13.881+07:00 ERROR 18960 --- [ContentBase-Test] [           main] c.r.c.c.e.GlobalExceptionHandler         : Not found ResponseMessage with ID = E_NO_CATEGORY_MESSAGE
2025-12-01T22:58:13.881+07:00 ERROR 18960 --- [ContentBase-Test] [           main] c.r.c.c.e.GlobalExceptionHandler         : Not found ResponseMessage with ID = E_NO_CATEGORY_MESSAGE

MockHttpServletRequest:
      HTTP Method = POST
      Request URI = /api/public/articles/de3aa42f-db72-459e-a44a-5a6c7385f56c/comments
       Parameters = {}
          Headers = [Content-Type:"application/json;charset=UTF-8", Content-Length:"109"]
             Body = {"articleId":"de3aa42f-db72-459e-a44a-5a6c7385f56c","content":"Great article! @#$% & \"quoted\" text's here"}
    Session Attrs = {SPRING_SECURITY_CONTEXT=SecurityContextImpl [Authentication=UsernamePasswordAuthenticationToken [Principal=org.springframework.security.core.userdetails.User [Username=testuser, Password=[PROTECTED], Enabled=true, AccountNonExpired=true, CredentialsNonExpired=true, AccountNonLocked=true, Granted Authorities=[ROLE_USER]], Credentials=[PROTECTED], Authenticated=true, Details=null, Granted Authorities=[ROLE_USER]]]}

Handler:
             Type = com.ryanlab.contentbase.controller.general.article.PublicArticleController
           Method = com.ryanlab.contentbase.controller.general.article.PublicArticleController#createComment(String, CommentCreationRequest, Authentication)

Async:
    Async started = false
     Async result = null

Resolved Exception:
             Type = com.ryanlab.contentbase.core.exception.ResourceNotFoundException

ModelAndView:
        View name = null
             View = null
            Model = null

FlashMap:
       Attributes = null

MockHttpServletResponse:
           Status = 500
    Error message = null
          Headers = [Content-Type:"application/json", X-Content-Type-Options:"nosniff", X-XSS-Protection:"0", Cache-Control:"no-cache, no-store, max-age=0, must-revalidate", Pragma:"no-cache", Expires:"0", X-Frame-Options:"DENY"]
     Content type = application/json
             Body = {"code":500,"body":{"responseType":"UNKNOW","statusCode":500,"messageSummary":"Internal Server Error","messageDetail":"Internal Server Error"}}
    Forwarded URL = null
   Redirected URL = null
          Cookies = []
2025-12-01T22:58:14.115+07:00 ERROR 18960 --- [ContentBase-Test] [           main] c.r.c.core.api.ResponseMessageId         : Not found ResponseMessageId with name: Article Statistic Not Found: 2e1b84b0-b516-4bb9-81ed-993562c14a7b
2025-12-01T22:58:14.115+07:00 ERROR 18960 --- [ContentBase-Test] [           main] c.r.c.c.e.GlobalExceptionHandler         : Not found ResponseMessage with ID = E_NO_CATEGORY_MESSAGE
2025-12-01T22:58:14.115+07:00 ERROR 18960 --- [ContentBase-Test] [           main] c.r.c.c.e.GlobalExceptionHandler         : Not found ResponseMessage with ID = E_NO_CATEGORY_MESSAGE

MockHttpServletRequest:
      HTTP Method = POST
      Request URI = /api/public/articles/2e1b84b0-b516-4bb9-81ed-993562c14a7b/comments
       Parameters = {}
          Headers = [Content-Type:"application/json;charset=UTF-8", Content-Length:"74"]
             Body = {"articleId":"2e1b84b0-b516-4bb9-81ed-993562c14a7b","content":"Comment 0"}
    Session Attrs = {SPRING_SECURITY_CONTEXT=SecurityContextImpl [Authentication=UsernamePasswordAuthenticationToken [Principal=org.springframework.security.core.userdetails.User [Username=testuser, Password=[PROTECTED], Enabled=true, AccountNonExpired=true, CredentialsNonExpired=true, AccountNonLocked=true, Granted Authorities=[ROLE_USER]], Credentials=[PROTECTED], Authenticated=true, Details=null, Granted Authorities=[ROLE_USER]]]}

Handler:
             Type = com.ryanlab.contentbase.controller.general.article.PublicArticleController
           Method = com.ryanlab.contentbase.controller.general.article.PublicArticleController#createComment(String, CommentCreationRequest, Authentication)

Async:
    Async started = false
     Async result = null

Resolved Exception:
             Type = com.ryanlab.contentbase.core.exception.ResourceNotFoundException

ModelAndView:
        View name = null
             View = null
            Model = null

FlashMap:
       Attributes = null

MockHttpServletResponse:
           Status = 500
    Error message = null
          Headers = [Content-Type:"application/json", X-Content-Type-Options:"nosniff", X-XSS-Protection:"0", Cache-Control:"no-cache, no-store, max-age=0, must-revalidate", Pragma:"no-cache", Expires:"0", X-Frame-Options:"DENY"]
     Content type = application/json
             Body = {"code":500,"body":{"responseType":"UNKNOW","statusCode":500,"messageSummary":"Internal Server Error","messageDetail":"Internal Server Error"}}
    Forwarded URL = null
   Redirected URL = null
          Cookies = []
2025-12-01T22:58:14.232+07:00 ERROR 18960 --- [ContentBase-Test] [           main] c.r.c.core.api.ResponseMessageId         : Not found ResponseMessageId with name: Article Statistic Not Found: 54e828b9-b58d-468a-98db-3e3cd02d6411
2025-12-01T22:58:14.248+07:00 ERROR 18960 --- [ContentBase-Test] [           main] c.r.c.c.e.GlobalExceptionHandler         : Not found ResponseMessage with ID = E_NO_CATEGORY_MESSAGE
2025-12-01T22:58:14.248+07:00 ERROR 18960 --- [ContentBase-Test] [           main] c.r.c.c.e.GlobalExceptionHandler         : Not found ResponseMessage with ID = E_NO_CATEGORY_MESSAGE

MockHttpServletRequest:
      HTTP Method = POST
      Request URI = /api/public/articles/54e828b9-b58d-468a-98db-3e3cd02d6411/comments
       Parameters = {}
          Headers = [Content-Type:"application/json;charset=UTF-8", Content-Length:"89"]
             Body = {"articleId":"54e828b9-b58d-468a-98db-3e3cd02d6411","content":"This is a great article!"}
    Session Attrs = {SPRING_SECURITY_CONTEXT=SecurityContextImpl [Authentication=UsernamePasswordAuthenticationToken [Principal=org.springframework.security.core.userdetails.User [Username=testuser, Password=[PROTECTED], Enabled=true, AccountNonExpired=true, CredentialsNonExpired=true, AccountNonLocked=true, Granted Authorities=[ROLE_USER]], Credentials=[PROTECTED], Authenticated=true, Details=null, Granted Authorities=[ROLE_USER]]]}

Handler:
             Type = com.ryanlab.contentbase.controller.general.article.PublicArticleController
           Method = com.ryanlab.contentbase.controller.general.article.PublicArticleController#createComment(String, CommentCreationRequest, Authentication)

Async:
    Async started = false
     Async result = null

Resolved Exception:
             Type = com.ryanlab.contentbase.core.exception.ResourceNotFoundException

ModelAndView:
        View name = null
             View = null
            Model = null

FlashMap:
       Attributes = null

MockHttpServletResponse:
           Status = 500
    Error message = null
          Headers = [Content-Type:"application/json", X-Content-Type-Options:"nosniff", X-XSS-Protection:"0", Cache-Control:"no-cache, no-store, max-age=0, must-revalidate", Pragma:"no-cache", Expires:"0", X-Frame-Options:"DENY"]
     Content type = application/json
             Body = {"code":500,"body":{"responseType":"UNKNOW","statusCode":500,"messageSummary":"Internal Server Error","messageDetail":"Internal Server Error"}}
    Forwarded URL = null
   Redirected URL = null
          Cookies = []
2025-12-01T22:58:14.295+07:00 ERROR 18960 --- [ContentBase-Test] [           main] c.r.c.core.api.ResponseMessageId         : Not found ResponseMessageId with name: Article Statistic Not Found: ede7eb27-b245-445d-b48c-767eb60cc9f2
2025-12-01T22:58:14.295+07:00 ERROR 18960 --- [ContentBase-Test] [           main] c.r.c.c.e.GlobalExceptionHandler         : Not found ResponseMessage with ID = E_NO_CATEGORY_MESSAGE
2025-12-01T22:58:14.310+07:00 ERROR 18960 --- [ContentBase-Test] [           main] c.r.c.c.e.GlobalExceptionHandler         : Not found ResponseMessage with ID = E_NO_CATEGORY_MESSAGE

MockHttpServletRequest:
      HTTP Method = POST
      Request URI = /api/public/articles/ede7eb27-b245-445d-b48c-767eb60cc9f2/comments
       Parameters = {}
          Headers = [Content-Type:"application/json;charset=UTF-8", Content-Length:"77"]
             Body = {"articleId":"ede7eb27-b245-445d-b48c-767eb60cc9f2","content":"Test comment"}
    Session Attrs = {SPRING_SECURITY_CONTEXT=SecurityContextImpl [Authentication=UsernamePasswordAuthenticationToken [Principal=org.springframework.security.core.userdetails.User [Username=testuser, Password=[PROTECTED], Enabled=true, AccountNonExpired=true, CredentialsNonExpired=true, AccountNonLocked=true, Granted Authorities=[ROLE_USER]], Credentials=[PROTECTED], Authenticated=true, Details=null, Granted Authorities=[ROLE_USER]]]}

Handler:
             Type = com.ryanlab.contentbase.controller.general.article.PublicArticleController
           Method = com.ryanlab.contentbase.controller.general.article.PublicArticleController#createComment(String, CommentCreationRequest, Authentication)

Async:
    Async started = false
     Async result = null

Resolved Exception:
             Type = com.ryanlab.contentbase.core.exception.ResourceNotFoundException

ModelAndView:
        View name = null
             View = null
            Model = null

FlashMap:
       Attributes = null

MockHttpServletResponse:
           Status = 500
    Error message = null
          Headers = [Content-Type:"application/json", X-Content-Type-Options:"nosniff", X-XSS-Protection:"0", Cache-Control:"no-cache, no-store, max-age=0, must-revalidate", Pragma:"no-cache", Expires:"0", X-Frame-Options:"DENY"]
     Content type = application/json
             Body = {"code":500,"body":{"responseType":"UNKNOW","statusCode":500,"messageSummary":"Internal Server Error","messageDetail":"Internal Server Error"}}
    Forwarded URL = null
   Redirected URL = null
          Cookies = []
2025-12-01T22:58:14.376+07:00 ERROR 18960 --- [ContentBase-Test] [           main] c.r.c.core.api.ResponseMessageId         : Not found ResponseMessageId with name: Validation failed for argument [1] in public org.springframework.http.ResponseEntity<com.ryanlab.contentbase.model.dto.response.comment.CommentResponse> com.ryanlab.contentbase.controller.general.article.PublicArticleController.createComment(java.lang.String,com.ryanlab.contentbase.model.dto.request.comment.CommentCreationRequest,org.springframework.security.core.Authentication): [Field error in object 'commentCreationRequest' on field 'content': rejected value [null]; codes [NotBlank.commentCreationRequest.content,NotBlank.content,NotBlank.java.lang.String,NotBlank]; arguments [org.springframework.context.support.DefaultMessageSourceResolvable: codes [commentCreationRequest.content,content]; arguments []; default message [content]]; default message [must not be blank]] 
2025-12-01T22:58:14.376+07:00 ERROR 18960 --- [ContentBase-Test] [           main] c.r.c.c.e.GlobalExceptionHandler         : Not found ResponseMessage with ID = E_NO_CATEGORY_MESSAGE
2025-12-01T22:58:14.376+07:00 ERROR 18960 --- [ContentBase-Test] [           main] c.r.c.c.e.GlobalExceptionHandler         : Not found ResponseMessage with ID = E_NO_CATEGORY_MESSAGE

MockHttpServletRequest:
      HTTP Method = POST
      Request URI = /api/public/articles/e66c23d8-1244-4f22-b242-15900b645406/comments
       Parameters = {}
          Headers = [Content-Type:"application/json;charset=UTF-8", Content-Length:"67"]
             Body = {"articleId":"e66c23d8-1244-4f22-b242-15900b645406","content":null}
    Session Attrs = {SPRING_SECURITY_CONTEXT=SecurityContextImpl [Authentication=UsernamePasswordAuthenticationToken [Principal=org.springframework.security.core.userdetails.User [Username=testuser, Password=[PROTECTED], Enabled=true, AccountNonExpired=true, CredentialsNonExpired=true, AccountNonLocked=true, Granted Authorities=[ROLE_USER]], Credentials=[PROTECTED], Authenticated=true, Details=null, Granted Authorities=[ROLE_USER]]]}

Handler:
             Type = com.ryanlab.contentbase.controller.general.article.PublicArticleController
           Method = com.ryanlab.contentbase.controller.general.article.PublicArticleController#createComment(String, CommentCreationRequest, Authentication)

Async:
    Async started = false
     Async result = null

Resolved Exception:
             Type = org.springframework.web.bind.MethodArgumentNotValidException

ModelAndView:
        View name = null
             View = null
            Model = null

FlashMap:
       Attributes = null

MockHttpServletResponse:
           Status = 500
    Error message = null
          Headers = [Content-Type:"application/json", X-Content-Type-Options:"nosniff", X-XSS-Protection:"0", Cache-Control:"no-cache, no-store, max-age=0, must-revalidate", Pragma:"no-cache", Expires:"0", X-Frame-Options:"DENY"]
     Content type = application/json
             Body = {"code":500,"body":{"responseType":"UNKNOW","statusCode":500,"messageSummary":"Internal Server Error","messageDetail":"Internal Server Error"}}
    Forwarded URL = null
   Redirected URL = null
          Cookies = []
2025-12-01T22:58:14.439+07:00 ERROR 18960 --- [ContentBase-Test] [           main] c.r.c.core.api.ResponseMessageId         : Not found ResponseMessageId with name: Article Not Found: non-existent-id
2025-12-01T22:58:14.439+07:00 ERROR 18960 --- [ContentBase-Test] [           main] c.r.c.c.e.GlobalExceptionHandler         : Not found ResponseMessage with ID = E_NO_CATEGORY_MESSAGE
2025-12-01T22:58:14.439+07:00 ERROR 18960 --- [ContentBase-Test] [           main] c.r.c.c.e.GlobalExceptionHandler         : Not found ResponseMessage with ID = E_NO_CATEGORY_MESSAGE

MockHttpServletRequest:
      HTTP Method = POST
      Request URI = /api/public/articles/non-existent-id/comments
       Parameters = {}
          Headers = [Content-Type:"application/json;charset=UTF-8", Content-Length:"75"]
             Body = {"articleId":"non-existent-id","content":"Comment on non-existent article"}
    Session Attrs = {SPRING_SECURITY_CONTEXT=SecurityContextImpl [Authentication=UsernamePasswordAuthenticationToken [Principal=org.springframework.security.core.userdetails.User [Username=testuser, Password=[PROTECTED], Enabled=true, AccountNonExpired=true, CredentialsNonExpired=true, AccountNonLocked=true, Granted Authorities=[ROLE_USER]], Credentials=[PROTECTED], Authenticated=true, Details=null, Granted Authorities=[ROLE_USER]]]}

Handler:
             Type = com.ryanlab.contentbase.controller.general.article.PublicArticleController
           Method = com.ryanlab.contentbase.controller.general.article.PublicArticleController#createComment(String, CommentCreationRequest, Authentication)

Async:
    Async started = false
     Async result = null

Resolved Exception:
             Type = com.ryanlab.contentbase.core.exception.ResourceNotFoundException

ModelAndView:
        View name = null
             View = null
            Model = null

FlashMap:
       Attributes = null

MockHttpServletResponse:
           Status = 500
    Error message = null
          Headers = [Content-Type:"application/json", X-Content-Type-Options:"nosniff", X-XSS-Protection:"0", Cache-Control:"no-cache, no-store, max-age=0, must-revalidate", Pragma:"no-cache", Expires:"0", X-Frame-Options:"DENY"]
     Content type = application/json
             Body = {"code":500,"body":{"responseType":"UNKNOW","statusCode":500,"messageSummary":"Internal Server Error","messageDetail":"Internal Server Error"}}
    Forwarded URL = null
   Redirected URL = null
          Cookies = []
2025-12-01T22:58:14.482+07:00 ERROR 18960 --- [ContentBase-Test] [           main] c.r.c.core.api.ResponseMessageId         : Not found ResponseMessageId with name: Article Statistic Not Found: 19f4400a-645b-482a-91d0-066859ed744f
2025-12-01T22:58:14.482+07:00 ERROR 18960 --- [ContentBase-Test] [           main] c.r.c.c.e.GlobalExceptionHandler         : Not found ResponseMessage with ID = E_NO_CATEGORY_MESSAGE
2025-12-01T22:58:14.498+07:00 ERROR 18960 --- [ContentBase-Test] [           main] c.r.c.c.e.GlobalExceptionHandler         : Not found ResponseMessage with ID = E_NO_CATEGORY_MESSAGE

MockHttpServletRequest:
      HTTP Method = POST
      Request URI = /api/public/articles/19f4400a-645b-482a-91d0-066859ed744f/comments
       Parameters = {}
          Headers = [Content-Type:"application/json;charset=UTF-8", Content-Length:"82"]
             Body = {"articleId":"19f4400a-645b-482a-91d0-066859ed744f","content":"Anonymous comment"}
    Session Attrs = {SPRING_SECURITY_CONTEXT=SecurityContextImpl [Authentication=UsernamePasswordAuthenticationToken [Principal=org.springframework.security.core.userdetails.User [Username=anonymoususer, Password=[PROTECTED], Enabled=true, AccountNonExpired=true, CredentialsNonExpired=true, AccountNonLocked=true, Granted Authorities=[ROLE_USER]], Credentials=[PROTECTED], Authenticated=true, Details=null, Granted Authorities=[ROLE_USER]]]}

Handler:
             Type = com.ryanlab.contentbase.controller.general.article.PublicArticleController
           Method = com.ryanlab.contentbase.controller.general.article.PublicArticleController#createComment(String, CommentCreationRequest, Authentication)

Async:
    Async started = false
     Async result = null

Resolved Exception:
             Type = com.ryanlab.contentbase.core.exception.ResourceNotFoundException

ModelAndView:
        View name = null
             View = null
            Model = null

FlashMap:
       Attributes = null

MockHttpServletResponse:
           Status = 500
    Error message = null
          Headers = [Content-Type:"application/json", X-Content-Type-Options:"nosniff", X-XSS-Protection:"0", Cache-Control:"no-cache, no-store, max-age=0, must-revalidate", Pragma:"no-cache", Expires:"0", X-Frame-Options:"DENY"]
     Content type = application/json
             Body = {"code":500,"body":{"responseType":"UNKNOW","statusCode":500,"messageSummary":"Internal Server Error","messageDetail":"Internal Server Error"}}
    Forwarded URL = null
   Redirected URL = null
          Cookies = []
2025-12-01T22:58:14.546+07:00  WARN 18960 --- [ContentBase-Test] [           main] o.h.engine.jdbc.spi.SqlExceptionHelper   : SQL Error: 22001, SQLState: 22001
2025-12-01T22:58:14.546+07:00 ERROR 18960 --- [ContentBase-Test] [           main] o.h.engine.jdbc.spi.SqlExceptionHelper   : Value too long for column "CONTENT CHARACTER VARYING(255)": "'AAAAAAAAAAAAAAAAAAAAAAAAAAAAAAAAAAAAAAAAAAAAAAAAAAAAAAAAAAAAAAAAAAAAAAAAAAAAAAA... (1000)"; SQL statement:
insert into private.comment (article_id,created_at,created_by,updated_at,updated_by,content,parents_comment_id,username,version,id) values (?,?,?,?,?,?,?,?,?,?) [22001-232]
2025-12-01T22:58:14.548+07:00 ERROR 18960 --- [ContentBase-Test] [           main] c.r.c.core.api.ResponseMessageId         : Not found ResponseMessageId with name: could not execute batch [Value too long for column "CONTENT CHARACTER VARYING(255)": "'AAAAAAAAAAAAAAAAAAAAAAAAAAAAAAAAAAAAAAAAAAAAAAAAAAAAAAAAAAAAAAAAAAAAAAAAAAAAAAA... (1000)"; SQL statement:
insert into private.comment (article_id,created_at,created_by,updated_at,updated_by,content,parents_comment_id,username,version,id) values (?,?,?,?,?,?,?,?,?,?) [22001-232]] [insert into private.comment (article_id,created_at,created_by,updated_at,updated_by,content,parents_comment_id,username,version,id) values (?,?,?,?,?,?,?,?,?,?)]; SQL [insert into private.comment (article_id,created_at,created_by,updated_at,updated_by,content,parents_comment_id,username,version,id) values (?,?,?,?,?,?,?,?,?,?)]
2025-12-01T22:58:14.548+07:00 ERROR 18960 --- [ContentBase-Test] [           main] c.r.c.c.e.GlobalExceptionHandler         : Not found ResponseMessage with ID = E_NO_CATEGORY_MESSAGE
2025-12-01T22:58:14.548+07:00 ERROR 18960 --- [ContentBase-Test] [           main] c.r.c.c.e.GlobalExceptionHandler         : Not found ResponseMessage with ID = E_NO_CATEGORY_MESSAGE

MockHttpServletRequest:
      HTTP Method = POST
      Request URI = /api/public/articles/5996ace6-f64e-4a04-a67e-456b9543a0f7/comments
       Parameters = {}
          Headers = [Content-Type:"application/json;charset=UTF-8", Content-Length:"1065"]
             Body = {"articleId":"5996ace6-f64e-4a04-a67e-456b9543a0f7","content":"AAAAAAAAAAAAAAAAAAAAAAAAAAAAAAAAAAAAAAAAAAAAAAAAAAAAAAAAAAAAAAAAAAAAAAAAAAAAAAAAAAAAAAAAAAAAAAAAAAAAAAAAAAAAAAAAAAAAAAAAAAAAAAAAAAAAAAAAAAAAAAAAAAAAAAAAAAAAAAAAAAAAAAAAAAAAAAAAAAAAAAAAAAAAAAAAAAAAAAAAAAAAAAAAAAAAAAAAAAAAAAAAAAAAAAAAAAAAAAAAAAAAAAAAAAAAAAAAAAAAAAAAAAAAAAAAAAAAAAAAAAAAAAAAAAAAAAAAAAAAAAAAAAAAAAAAAAAAAAAAAAAAAAAAAAAAAAAAAAAAAAAAAAAAAAAAAAAAAAAAAAAAAAAAAAAAAAAAAAAAAAAAAAAAAAAAAAAAAAAAAAAAAAAAAAAAAAAAAAAAAAAAAAAAAAAAAAAAAAAAAAAAAAAAAAAAAAAAAAAAAAAAAAAAAAAAAAAAAAAAAAAAAAAAAAAAAAAAAAAAAAAAAAAAAAAAAAAAAAAAAAAAAAAAAAAAAAAAAAAAAAAAAAAAAAAAAAAAAAAAAAAAAAAAAAAAAAAAAAAAAAAAAAAAAAAAAAAAAAAAAAAAAAAAAAAAAAAAAAAAAAAAAAAAAAAAAAAAAAAAAAAAAAAAAAAAAAAAAAAAAAAAAAAAAAAAAAAAAAAAAAAAAAAAAAAAAAAAAAAAAAAAAAAAAAAAAAAAAAAAAAAAAAAAAAAAAAAAAAAAAAAAAAAAAAAAAAAAAAAAAAAAAAAAAAAAAAAAAAAAAAAAAAAAAAAAAAAAAAAAAAAAAAAAAAAAAAAAAAAAAAAAAAAAAAAAAAAAAAAAAAAAAAAAAAAAAAAAAAAAAAAAAAAAAAAAAAAAAAAAAAAAAAAAAAAAAAAAAAAAAAAAAAAAAAAAAAAAAAAAAAAAAAAAAAAAAAAAAAAAAAAAAAAAAAAAAAAAAAAAAAAAAAAAAAAAAAAAAAAAAAAAAAAAAAAAAAAAAAAA"}
    Session Attrs = {SPRING_SECURITY_CONTEXT=SecurityContextImpl [Authentication=UsernamePasswordAuthenticationToken [Principal=org.springframework.security.core.userdetails.User [Username=testuser, Password=[PROTECTED], Enabled=true, AccountNonExpired=true, CredentialsNonExpired=true, AccountNonLocked=true, Granted Authorities=[ROLE_USER]], Credentials=[PROTECTED], Authenticated=true, Details=null, Granted Authorities=[ROLE_USER]]]}

Handler:
             Type = com.ryanlab.contentbase.controller.general.article.PublicArticleController
           Method = com.ryanlab.contentbase.controller.general.article.PublicArticleController#createComment(String, CommentCreationRequest, Authentication)

Async:
    Async started = false
     Async result = null

Resolved Exception:
             Type = org.springframework.dao.DataIntegrityViolationException

ModelAndView:
        View name = null
             View = null
            Model = null

FlashMap:
       Attributes = null

MockHttpServletResponse:
           Status = 500
    Error message = null
          Headers = [Content-Type:"application/json", X-Content-Type-Options:"nosniff", X-XSS-Protection:"0", Cache-Control:"no-cache, no-store, max-age=0, must-revalidate", Pragma:"no-cache", Expires:"0", X-Frame-Options:"DENY"]
     Content type = application/json
             Body = {"code":500,"body":{"responseType":"UNKNOW","statusCode":500,"messageSummary":"Internal Server Error","messageDetail":"Internal Server Error"}}
    Forwarded URL = null
   Redirected URL = null
          Cookies = []
[ERROR] Tests run: 10, Failures: 10, Errors: 0, Skipped: 0, Time elapsed: 2.141 s <<< FAILURE! -- in com.ryanlab.contentbase.integration.controller.general.article.CreateCommentIntegrationTest
[ERROR] com.ryanlab.contentbase.integration.controller.general.article.CreateCommentIntegrationTest.testCreateCommentExceedsMaxLength -- Time elapsed: 0.265 s <<< FAILURE!
java.lang.AssertionError: Status expected:<400> but was:<500>
	at org.springframework.test.util.AssertionErrors.fail(AssertionErrors.java:61)
	at org.springframework.test.util.AssertionErrors.assertEquals(AssertionErrors.java:128)
	at org.springframework.test.web.servlet.result.StatusResultMatchers.lambda$matcher$9(StatusResultMatchers.java:640)
	at org.springframework.test.web.servlet.MockMvc$1.andExpect(MockMvc.java:214)
	at com.ryanlab.contentbase.integration.controller.general.article.CreateCommentIntegrationTest.testCreateCommentExceedsMaxLength(CreateCommentIntegrationTest.java:167)
	at java.base/java.lang.reflect.Method.invoke(Method.java:580)
	at java.base/java.util.ArrayList.forEach(ArrayList.java:1596)
	at java.base/java.util.ArrayList.forEach(ArrayList.java:1596)

[ERROR] com.ryanlab.contentbase.integration.controller.general.article.CreateCommentIntegrationTest.testCreateCommentEmptyContent -- Time elapsed: 0.157 s <<< FAILURE!
java.lang.AssertionError: Status expected:<400> but was:<500>
	at org.springframework.test.util.AssertionErrors.fail(AssertionErrors.java:61)
	at org.springframework.test.util.AssertionErrors.assertEquals(AssertionErrors.java:128)
	at org.springframework.test.web.servlet.result.StatusResultMatchers.lambda$matcher$9(StatusResultMatchers.java:640)
	at org.springframework.test.web.servlet.MockMvc$1.andExpect(MockMvc.java:214)
	at com.ryanlab.contentbase.integration.controller.general.article.CreateCommentIntegrationTest.testCreateCommentEmptyContent(CreateCommentIntegrationTest.java:122)
	at java.base/java.lang.reflect.Method.invoke(Method.java:580)
	at java.base/java.util.ArrayList.forEach(ArrayList.java:1596)
	at java.base/java.util.ArrayList.forEach(ArrayList.java:1596)

[ERROR] com.ryanlab.contentbase.integration.controller.general.article.CreateCommentIntegrationTest.testCreateCommentSpecialCharacters -- Time elapsed: 0.925 s <<< FAILURE!
java.lang.AssertionError: Status expected:<200> but was:<500>
	at org.springframework.test.util.AssertionErrors.fail(AssertionErrors.java:61)
	at org.springframework.test.util.AssertionErrors.assertEquals(AssertionErrors.java:128)
	at org.springframework.test.web.servlet.result.StatusResultMatchers.lambda$matcher$9(StatusResultMatchers.java:640)
	at org.springframework.test.web.servlet.MockMvc$1.andExpect(MockMvc.java:214)
	at com.ryanlab.contentbase.integration.controller.general.article.CreateCommentIntegrationTest.testCreateCommentSpecialCharacters(CreateCommentIntegrationTest.java:200)
	at java.base/java.lang.reflect.Method.invoke(Method.java:580)
	at java.base/java.util.ArrayList.forEach(ArrayList.java:1596)
	at java.base/java.util.ArrayList.forEach(ArrayList.java:1596)

[ERROR] com.ryanlab.contentbase.integration.controller.general.article.CreateCommentIntegrationTest.testCreateMultipleComments -- Time elapsed: 0.197 s <<< FAILURE!
java.lang.AssertionError: Status expected:<200> but was:<500>
	at org.springframework.test.util.AssertionErrors.fail(AssertionErrors.java:61)
	at org.springframework.test.util.AssertionErrors.assertEquals(AssertionErrors.java:128)
	at org.springframework.test.web.servlet.result.StatusResultMatchers.lambda$matcher$9(StatusResultMatchers.java:640)
	at org.springframework.test.web.servlet.MockMvc$1.andExpect(MockMvc.java:214)
	at com.ryanlab.contentbase.integration.controller.general.article.CreateCommentIntegrationTest.testCreateMultipleComments(CreateCommentIntegrationTest.java:216)
	at java.base/java.lang.reflect.Method.invoke(Method.java:580)
	at java.base/java.util.ArrayList.forEach(ArrayList.java:1596)
	at java.base/java.util.ArrayList.forEach(ArrayList.java:1596)

[ERROR] com.ryanlab.contentbase.integration.controller.general.article.CreateCommentIntegrationTest.testCreateCommentSuccess -- Time elapsed: 0.117 s <<< FAILURE!
java.lang.AssertionError: Status expected:<200> but was:<500>
	at org.springframework.test.util.AssertionErrors.fail(AssertionErrors.java:61)
	at org.springframework.test.util.AssertionErrors.assertEquals(AssertionErrors.java:128)
	at org.springframework.test.web.servlet.result.StatusResultMatchers.lambda$matcher$9(StatusResultMatchers.java:640)
	at org.springframework.test.web.servlet.MockMvc$1.andExpect(MockMvc.java:214)
	at com.ryanlab.contentbase.integration.controller.general.article.CreateCommentIntegrationTest.testCreateCommentSuccess(CreateCommentIntegrationTest.java:76)
	at java.base/java.lang.reflect.Method.invoke(Method.java:580)
	at java.base/java.util.ArrayList.forEach(ArrayList.java:1596)
	at java.base/java.util.ArrayList.forEach(ArrayList.java:1596)

[ERROR] com.ryanlab.contentbase.integration.controller.general.article.CreateCommentIntegrationTest.testCreateCommentIncrementsStats -- Time elapsed: 0.069 s <<< FAILURE!
java.lang.AssertionError: Status expected:<200> but was:<500>
	at org.springframework.test.util.AssertionErrors.fail(AssertionErrors.java:61)
	at org.springframework.test.util.AssertionErrors.assertEquals(AssertionErrors.java:128)
	at org.springframework.test.web.servlet.result.StatusResultMatchers.lambda$matcher$9(StatusResultMatchers.java:640)
	at org.springframework.test.web.servlet.MockMvc$1.andExpect(MockMvc.java:214)
	at com.ryanlab.contentbase.integration.controller.general.article.CreateCommentIntegrationTest.testCreateCommentIncrementsStats(CreateCommentIntegrationTest.java:181)
	at java.base/java.lang.reflect.Method.invoke(Method.java:580)
	at java.base/java.util.ArrayList.forEach(ArrayList.java:1596)
	at java.base/java.util.ArrayList.forEach(ArrayList.java:1596)

[ERROR] com.ryanlab.contentbase.integration.controller.general.article.CreateCommentIntegrationTest.testCreateCommentNullContent -- Time elapsed: 0.075 s <<< FAILURE!
java.lang.AssertionError: Status expected:<400> but was:<500>
	at org.springframework.test.util.AssertionErrors.fail(AssertionErrors.java:61)
	at org.springframework.test.util.AssertionErrors.assertEquals(AssertionErrors.java:128)
	at org.springframework.test.web.servlet.result.StatusResultMatchers.lambda$matcher$9(StatusResultMatchers.java:640)
	at org.springframework.test.web.servlet.MockMvc$1.andExpect(MockMvc.java:214)
	at com.ryanlab.contentbase.integration.controller.general.article.CreateCommentIntegrationTest.testCreateCommentNullContent(CreateCommentIntegrationTest.java:136)
	at java.base/java.lang.reflect.Method.invoke(Method.java:580)
	at java.base/java.util.ArrayList.forEach(ArrayList.java:1596)
	at java.base/java.util.ArrayList.forEach(ArrayList.java:1596)

[ERROR] com.ryanlab.contentbase.integration.controller.general.article.CreateCommentIntegrationTest.testCreateCommentArticleNotFound -- Time elapsed: 0.031 s <<< FAILURE!
java.lang.AssertionError: Status expected:<404> but was:<500>
	at org.springframework.test.util.AssertionErrors.fail(AssertionErrors.java:61)
	at org.springframework.test.util.AssertionErrors.assertEquals(AssertionErrors.java:128)
	at org.springframework.test.web.servlet.result.StatusResultMatchers.lambda$matcher$9(StatusResultMatchers.java:640)
	at org.springframework.test.web.servlet.MockMvc$1.andExpect(MockMvc.java:214)
	at com.ryanlab.contentbase.integration.controller.general.article.CreateCommentIntegrationTest.testCreateCommentArticleNotFound(CreateCommentIntegrationTest.java:108)
	at java.base/java.lang.reflect.Method.invoke(Method.java:580)
	at java.base/java.util.ArrayList.forEach(ArrayList.java:1596)
	at java.base/java.util.ArrayList.forEach(ArrayList.java:1596)

[ERROR] com.ryanlab.contentbase.integration.controller.general.article.CreateCommentIntegrationTest.testCreateCommentAnonymous -- Time elapsed: 0.044 s <<< FAILURE!
java.lang.AssertionError: Status expected:<200> but was:<500>
	at org.springframework.test.util.AssertionErrors.fail(AssertionErrors.java:61)
	at org.springframework.test.util.AssertionErrors.assertEquals(AssertionErrors.java:128)
	at org.springframework.test.web.servlet.result.StatusResultMatchers.lambda$matcher$9(StatusResultMatchers.java:640)
	at org.springframework.test.web.servlet.MockMvc$1.andExpect(MockMvc.java:214)
	at com.ryanlab.contentbase.integration.controller.general.article.CreateCommentIntegrationTest.testCreateCommentAnonymous(CreateCommentIntegrationTest.java:93)
	at java.base/java.lang.reflect.Method.invoke(Method.java:580)
	at java.base/java.util.ArrayList.forEach(ArrayList.java:1596)
	at java.base/java.util.ArrayList.forEach(ArrayList.java:1596)

[ERROR] com.ryanlab.contentbase.integration.controller.general.article.CreateCommentIntegrationTest.testCreateCommentLongContent -- Time elapsed: 0.050 s <<< FAILURE!
java.lang.AssertionError: Status expected:<200> but was:<500>
	at org.springframework.test.util.AssertionErrors.fail(AssertionErrors.java:61)
	at org.springframework.test.util.AssertionErrors.assertEquals(AssertionErrors.java:128)
	at org.springframework.test.web.servlet.result.StatusResultMatchers.lambda$matcher$9(StatusResultMatchers.java:640)
	at org.springframework.test.web.servlet.MockMvc$1.andExpect(MockMvc.java:214)
	at com.ryanlab.contentbase.integration.controller.general.article.CreateCommentIntegrationTest.testCreateCommentLongContent(CreateCommentIntegrationTest.java:151)
	at java.base/java.lang.reflect.Method.invoke(Method.java:580)
	at java.base/java.util.ArrayList.forEach(ArrayList.java:1596)
	at java.base/java.util.ArrayList.forEach(ArrayList.java:1596)

2025-12-01T22:58:14.583+07:00  INFO 18960 --- [ContentBase-Test] [           main] t.c.s.AnnotationConfigContextLoaderUtils : Could not detect default configuration classes for test class [com.ryanlab.contentbase.integration.controller.general.article.GetArticleBySlugIntegrationTest]: GetArticleBySlugIntegrationTest does not declare any static, non-private, non-final, nested classes annotated with @Configuration.
2025-12-01T22:58:14.598+07:00  INFO 18960 --- [ContentBase-Test] [           main] .b.t.c.SpringBootTestContextBootstrapper : Found @SpringBootConfiguration com.ryanlab.contentbase.ContentBaseApplication for test class com.ryanlab.contentbase.integration.controller.general.article.GetArticleBySlugIntegrationTest
2025-12-01T22:58:14.661+07:00 ERROR 18960 --- [ContentBase-Test] [           main] c.r.c.core.api.ResponseMessageId         : Not found ResponseMessageId with name: Article Not Found: non-existent-slug
2025-12-01T22:58:14.661+07:00 ERROR 18960 --- [ContentBase-Test] [           main] c.r.c.c.e.GlobalExceptionHandler         : Not found ResponseMessage with ID = E_NO_CATEGORY_MESSAGE
2025-12-01T22:58:14.676+07:00 ERROR 18960 --- [ContentBase-Test] [           main] c.r.c.c.e.GlobalExceptionHandler         : Not found ResponseMessage with ID = E_NO_CATEGORY_MESSAGE

MockHttpServletRequest:
      HTTP Method = GET
      Request URI = /api/public/articles/slug/non-existent-slug
       Parameters = {}
          Headers = []
             Body = null
    Session Attrs = {}

Handler:
             Type = com.ryanlab.contentbase.controller.general.article.PublicArticleController
           Method = com.ryanlab.contentbase.controller.general.article.PublicArticleController#getArticleBySlug(String)

Async:
    Async started = false
     Async result = null

Resolved Exception:
             Type = com.ryanlab.contentbase.core.exception.ResourceNotFoundException

ModelAndView:
        View name = null
             View = null
            Model = null

FlashMap:
       Attributes = null

MockHttpServletResponse:
           Status = 500
    Error message = null
          Headers = [Content-Type:"application/json", X-Content-Type-Options:"nosniff", X-XSS-Protection:"0", Cache-Control:"no-cache, no-store, max-age=0, must-revalidate", Pragma:"no-cache", Expires:"0", X-Frame-Options:"DENY"]
     Content type = application/json
             Body = {"code":500,"body":{"responseType":"UNKNOW","statusCode":500,"messageSummary":"Internal Server Error","messageDetail":"Internal Server Error"}}
    Forwarded URL = null
   Redirected URL = null
          Cookies = []
2025-12-01T22:58:14.708+07:00 ERROR 18960 --- [ContentBase-Test] [           main] c.r.c.core.api.ResponseMessageId         : Not found ResponseMessageId with name: Article Not Found: hidden-test-article
2025-12-01T22:58:14.708+07:00 ERROR 18960 --- [ContentBase-Test] [           main] c.r.c.c.e.GlobalExceptionHandler         : Not found ResponseMessage with ID = E_NO_CATEGORY_MESSAGE
2025-12-01T22:58:14.708+07:00 ERROR 18960 --- [ContentBase-Test] [           main] c.r.c.c.e.GlobalExceptionHandler         : Not found ResponseMessage with ID = E_NO_CATEGORY_MESSAGE

MockHttpServletRequest:
      HTTP Method = GET
      Request URI = /api/public/articles/slug/hidden-test-article
       Parameters = {}
          Headers = []
             Body = null
    Session Attrs = {}

Handler:
             Type = com.ryanlab.contentbase.controller.general.article.PublicArticleController
           Method = com.ryanlab.contentbase.controller.general.article.PublicArticleController#getArticleBySlug(String)

Async:
    Async started = false
     Async result = null

Resolved Exception:
             Type = com.ryanlab.contentbase.core.exception.ResourceNotFoundException

ModelAndView:
        View name = null
             View = null
            Model = null

FlashMap:
       Attributes = null

MockHttpServletResponse:
           Status = 500
    Error message = null
          Headers = [Content-Type:"application/json", X-Content-Type-Options:"nosniff", X-XSS-Protection:"0", Cache-Control:"no-cache, no-store, max-age=0, must-revalidate", Pragma:"no-cache", Expires:"0", X-Frame-Options:"DENY"]
     Content type = application/json
             Body = {"code":500,"body":{"responseType":"UNKNOW","statusCode":500,"messageSummary":"Internal Server Error","messageDetail":"Internal Server Error"}}
    Forwarded URL = null
   Redirected URL = null
          Cookies = []
2025-12-01T22:58:14.739+07:00 ERROR 18960 --- [ContentBase-Test] [           main] c.r.c.core.api.ResponseMessageId         : Not found ResponseMessageId with name: Article Not Found: BEST-JAVA-PRACTICES
2025-12-01T22:58:14.739+07:00 ERROR 18960 --- [ContentBase-Test] [           main] c.r.c.c.e.GlobalExceptionHandler         : Not found ResponseMessage with ID = E_NO_CATEGORY_MESSAGE
2025-12-01T22:58:14.739+07:00 ERROR 18960 --- [ContentBase-Test] [           main] c.r.c.c.e.GlobalExceptionHandler         : Not found ResponseMessage with ID = E_NO_CATEGORY_MESSAGE

MockHttpServletRequest:
      HTTP Method = GET
      Request URI = /api/public/articles/slug/BEST-JAVA-PRACTICES
       Parameters = {}
          Headers = []
             Body = null
    Session Attrs = {}

Handler:
             Type = com.ryanlab.contentbase.controller.general.article.PublicArticleController
           Method = com.ryanlab.contentbase.controller.general.article.PublicArticleController#getArticleBySlug(String)

Async:
    Async started = false
     Async result = null

Resolved Exception:
             Type = com.ryanlab.contentbase.core.exception.ResourceNotFoundException

ModelAndView:
        View name = null
             View = null
            Model = null

FlashMap:
       Attributes = null

MockHttpServletResponse:
           Status = 500
    Error message = null
          Headers = [Content-Type:"application/json", X-Content-Type-Options:"nosniff", X-XSS-Protection:"0", Cache-Control:"no-cache, no-store, max-age=0, must-revalidate", Pragma:"no-cache", Expires:"0", X-Frame-Options:"DENY"]
     Content type = application/json
             Body = {"code":500,"body":{"responseType":"UNKNOW","statusCode":500,"messageSummary":"Internal Server Error","messageDetail":"Internal Server Error"}}
    Forwarded URL = null
   Redirected URL = null
          Cookies = []

MockHttpServletRequest:
      HTTP Method = GET
      Request URI = /api/public/articles/slug/best-java-practices
       Parameters = {}
          Headers = []
             Body = null
    Session Attrs = {}

Handler:
             Type = com.ryanlab.contentbase.controller.general.article.PublicArticleController
           Method = com.ryanlab.contentbase.controller.general.article.PublicArticleController#getArticleBySlug(String)

Async:
    Async started = false
     Async result = null

Resolved Exception:
             Type = null

ModelAndView:
        View name = null
             View = null
            Model = null

FlashMap:
       Attributes = null

MockHttpServletResponse:
           Status = 200
    Error message = null
          Headers = [Content-Type:"application/json", X-Content-Type-Options:"nosniff", X-XSS-Protection:"0", Cache-Control:"no-cache, no-store, max-age=0, must-revalidate", Pragma:"no-cache", Expires:"0", X-Frame-Options:"DENY"]
     Content type = application/json
             Body = {"contentId":"5b10c4e3-346f-4e19-9ac3-90c0b34b6e18","title":"Best Java Practices","dateCreated":null,"content":"Test article content","categoryId":null,"categoryName":null}
    Forwarded URL = null
   Redirected URL = null
          Cookies = []

MockHttpServletRequest:
      HTTP Method = GET
      Request URI = /api/public/articles/slug/best-java-practices
       Parameters = {}
          Headers = []
             Body = null
    Session Attrs = {}

Handler:
             Type = com.ryanlab.contentbase.controller.general.article.PublicArticleController
           Method = com.ryanlab.contentbase.controller.general.article.PublicArticleController#getArticleBySlug(String)

Async:
    Async started = false
     Async result = null

Resolved Exception:
             Type = null

ModelAndView:
        View name = null
             View = null
            Model = null

FlashMap:
       Attributes = null

MockHttpServletResponse:
           Status = 200
    Error message = null
          Headers = [Content-Type:"application/json", X-Content-Type-Options:"nosniff", X-XSS-Protection:"0", Cache-Control:"no-cache, no-store, max-age=0, must-revalidate", Pragma:"no-cache", Expires:"0", X-Frame-Options:"DENY"]
     Content type = application/json
             Body = {"contentId":"e56fa1dc-45b6-415e-8161-c99dcaed68d3","title":"Best Java Practices","dateCreated":null,"content":"Test article content","categoryId":null,"categoryName":null}
    Forwarded URL = null
   Redirected URL = null
          Cookies = []
2025-12-01T22:58:14.958+07:00 ERROR 18960 --- [ContentBase-Test] [           main] c.r.c.core.api.ResponseMessageId         : Not found ResponseMessageId with name: Article Not Found: draft-test-article
2025-12-01T22:58:14.958+07:00 ERROR 18960 --- [ContentBase-Test] [           main] c.r.c.c.e.GlobalExceptionHandler         : Not found ResponseMessage with ID = E_NO_CATEGORY_MESSAGE
2025-12-01T22:58:14.958+07:00 ERROR 18960 --- [ContentBase-Test] [           main] c.r.c.c.e.GlobalExceptionHandler         : Not found ResponseMessage with ID = E_NO_CATEGORY_MESSAGE

MockHttpServletRequest:
      HTTP Method = GET
      Request URI = /api/public/articles/slug/draft-test-article
       Parameters = {}
          Headers = []
             Body = null
    Session Attrs = {}

Handler:
             Type = com.ryanlab.contentbase.controller.general.article.PublicArticleController
           Method = com.ryanlab.contentbase.controller.general.article.PublicArticleController#getArticleBySlug(String)

Async:
    Async started = false
     Async result = null

Resolved Exception:
             Type = com.ryanlab.contentbase.core.exception.ResourceNotFoundException

ModelAndView:
        View name = null
             View = null
            Model = null

FlashMap:
       Attributes = null

MockHttpServletResponse:
           Status = 500
    Error message = null
          Headers = [Content-Type:"application/json", X-Content-Type-Options:"nosniff", X-XSS-Protection:"0", Cache-Control:"no-cache, no-store, max-age=0, must-revalidate", Pragma:"no-cache", Expires:"0", X-Frame-Options:"DENY"]
     Content type = application/json
             Body = {"code":500,"body":{"responseType":"UNKNOW","statusCode":500,"messageSummary":"Internal Server Error","messageDetail":"Internal Server Error"}}
    Forwarded URL = null
   Redirected URL = null
          Cookies = []
[ERROR] Tests run: 8, Failures: 6, Errors: 0, Skipped: 0, Time elapsed: 0.403 s <<< FAILURE! -- in com.ryanlab.contentbase.integration.controller.general.article.GetArticleBySlugIntegrationTest
[ERROR] com.ryanlab.contentbase.integration.controller.general.article.GetArticleBySlugIntegrationTest.testGetArticleBySlugNotFound -- Time elapsed: 0.078 s <<< FAILURE!
java.lang.AssertionError: Status expected:<404> but was:<500>
	at org.springframework.test.util.AssertionErrors.fail(AssertionErrors.java:61)
	at org.springframework.test.util.AssertionErrors.assertEquals(AssertionErrors.java:128)
	at org.springframework.test.web.servlet.result.StatusResultMatchers.lambda$matcher$9(StatusResultMatchers.java:640)
	at org.springframework.test.web.servlet.MockMvc$1.andExpect(MockMvc.java:214)
	at com.ryanlab.contentbase.integration.controller.general.article.GetArticleBySlugIntegrationTest.testGetArticleBySlugNotFound(GetArticleBySlugIntegrationTest.java:56)
	at java.base/java.lang.reflect.Method.invoke(Method.java:580)
	at java.base/java.util.ArrayList.forEach(ArrayList.java:1596)
	at java.base/java.util.ArrayList.forEach(ArrayList.java:1596)

[ERROR] com.ryanlab.contentbase.integration.controller.general.article.GetArticleBySlugIntegrationTest.testGetArticleBySlugHiddenNotReturned -- Time elapsed: 0.032 s <<< FAILURE!
java.lang.AssertionError: Status expected:<404> but was:<500>
	at org.springframework.test.util.AssertionErrors.fail(AssertionErrors.java:61)
	at org.springframework.test.util.AssertionErrors.assertEquals(AssertionErrors.java:128)
	at org.springframework.test.web.servlet.result.StatusResultMatchers.lambda$matcher$9(StatusResultMatchers.java:640)
	at org.springframework.test.web.servlet.MockMvc$1.andExpect(MockMvc.java:214)
	at com.ryanlab.contentbase.integration.controller.general.article.GetArticleBySlugIntegrationTest.testGetArticleBySlugHiddenNotReturned(GetArticleBySlugIntegrationTest.java:80)
	at java.base/java.lang.reflect.Method.invoke(Method.java:580)
	at java.base/java.util.ArrayList.forEach(ArrayList.java:1596)
	at java.base/java.util.ArrayList.forEach(ArrayList.java:1596)

[ERROR] com.ryanlab.contentbase.integration.controller.general.article.GetArticleBySlugIntegrationTest.testGetArticleBySlugCaseSensitive -- Time elapsed: 0.031 s <<< FAILURE!
java.lang.AssertionError: Status expected:<404> but was:<500>
	at org.springframework.test.util.AssertionErrors.fail(AssertionErrors.java:61)
	at org.springframework.test.util.AssertionErrors.assertEquals(AssertionErrors.java:128)
	at org.springframework.test.web.servlet.result.StatusResultMatchers.lambda$matcher$9(StatusResultMatchers.java:640)
	at org.springframework.test.web.servlet.MockMvc$1.andExpect(MockMvc.java:214)
	at com.ryanlab.contentbase.integration.controller.general.article.GetArticleBySlugIntegrationTest.testGetArticleBySlugCaseSensitive(GetArticleBySlugIntegrationTest.java:107)
	at java.base/java.lang.reflect.Method.invoke(Method.java:580)
	at java.base/java.util.ArrayList.forEach(ArrayList.java:1596)
	at java.base/java.util.ArrayList.forEach(ArrayList.java:1596)

[ERROR] com.ryanlab.contentbase.integration.controller.general.article.GetArticleBySlugIntegrationTest.testGetArticleBySlugReturnAllFields -- Time elapsed: 0.047 s <<< FAILURE!
java.lang.AssertionError: No value at JSON path "$.dateCreated"
	at org.springframework.test.util.AssertionErrors.fail(AssertionErrors.java:39)
	at org.springframework.test.util.AssertionErrors.assertTrue(AssertionErrors.java:73)
	at org.springframework.test.util.JsonPathExpectationsHelper.assertExistsAndReturn(JsonPathExpectationsHelper.java:390)
	at org.springframework.test.util.JsonPathExpectationsHelper.exists(JsonPathExpectationsHelper.java:239)
	at org.springframework.test.web.servlet.result.JsonPathResultMatchers.lambda$exists$3(JsonPathResultMatchers.java:124)
	at org.springframework.test.web.servlet.MockMvc$1.andExpect(MockMvc.java:214)
	at com.ryanlab.contentbase.integration.controller.general.article.GetArticleBySlugIntegrationTest.testGetArticleBySlugReturnAllFields(GetArticleBySlugIntegrationTest.java:117)
	at java.base/java.lang.reflect.Method.invoke(Method.java:580)
	at java.base/java.util.ArrayList.forEach(ArrayList.java:1596)
	at java.base/java.util.ArrayList.forEach(ArrayList.java:1596)

[ERROR] com.ryanlab.contentbase.integration.controller.general.article.GetArticleBySlugIntegrationTest.testGetArticleBySlugSuccess -- Time elapsed: 0.015 s <<< FAILURE!
java.lang.AssertionError: JSON path "$.contentId" expected:<07e6aa51-5d41-430b-ad9b-69491d9752e7> but was:<e56fa1dc-45b6-415e-8161-c99dcaed68d3>
	at org.springframework.test.util.AssertionErrors.fail(AssertionErrors.java:61)
	at org.springframework.test.util.AssertionErrors.assertEquals(AssertionErrors.java:128)
	at org.springframework.test.util.JsonPathExpectationsHelper.assertValue(JsonPathExpectationsHelper.java:172)
	at org.springframework.test.web.servlet.result.JsonPathResultMatchers.lambda$value$2(JsonPathResultMatchers.java:112)
	at org.springframework.test.web.servlet.MockMvc$1.andExpect(MockMvc.java:214)
	at com.ryanlab.contentbase.integration.controller.general.article.GetArticleBySlugIntegrationTest.testGetArticleBySlugSuccess(GetArticleBySlugIntegrationTest.java:47)
	at java.base/java.lang.reflect.Method.invoke(Method.java:580)
	at java.base/java.util.ArrayList.forEach(ArrayList.java:1596)
	at java.base/java.util.ArrayList.forEach(ArrayList.java:1596)

[ERROR] com.ryanlab.contentbase.integration.controller.general.article.GetArticleBySlugIntegrationTest.testGetArticleBySlugDraftNotReturned -- Time elapsed: 0.041 s <<< FAILURE!
java.lang.AssertionError: Status expected:<404> but was:<500>
	at org.springframework.test.util.AssertionErrors.fail(AssertionErrors.java:61)
	at org.springframework.test.util.AssertionErrors.assertEquals(AssertionErrors.java:128)
	at org.springframework.test.web.servlet.result.StatusResultMatchers.lambda$matcher$9(StatusResultMatchers.java:640)
	at org.springframework.test.web.servlet.MockMvc$1.andExpect(MockMvc.java:214)
	at com.ryanlab.contentbase.integration.controller.general.article.GetArticleBySlugIntegrationTest.testGetArticleBySlugDraftNotReturned(GetArticleBySlugIntegrationTest.java:68)
	at java.base/java.lang.reflect.Method.invoke(Method.java:580)
	at java.base/java.util.ArrayList.forEach(ArrayList.java:1596)
	at java.base/java.util.ArrayList.forEach(ArrayList.java:1596)

2025-12-01T22:58:14.972+07:00  INFO 18960 --- [ContentBase-Test] [           main] t.c.s.AnnotationConfigContextLoaderUtils : Could not detect default configuration classes for test class [com.ryanlab.contentbase.integration.controller.general.article.ToggleArticleLikeIntegrationTest]: ToggleArticleLikeIntegrationTest does not declare any static, non-private, non-final, nested classes annotated with @Configuration.
2025-12-01T22:58:14.988+07:00  INFO 18960 --- [ContentBase-Test] [           main] .b.t.c.SpringBootTestContextBootstrapper : Found @SpringBootConfiguration com.ryanlab.contentbase.ContentBaseApplication for test class com.ryanlab.contentbase.integration.controller.general.article.ToggleArticleLikeIntegrationTest
2025-12-01T22:58:15.015+07:00 ERROR 18960 --- [ContentBase-Test] [           main] c.r.c.core.api.ResponseMessageId         : Not found ResponseMessageId with name: Article Statistic Not Found: 265887bb-0ff0-4fcd-8a35-aa627fe1bac8
2025-12-01T22:58:15.015+07:00 ERROR 18960 --- [ContentBase-Test] [           main] c.r.c.c.e.GlobalExceptionHandler         : Not found ResponseMessage with ID = E_NO_CATEGORY_MESSAGE
2025-12-01T22:58:15.015+07:00 ERROR 18960 --- [ContentBase-Test] [           main] c.r.c.c.e.GlobalExceptionHandler         : Not found ResponseMessage with ID = E_NO_CATEGORY_MESSAGE

MockHttpServletRequest:
      HTTP Method = POST
      Request URI = /api/public/articles/265887bb-0ff0-4fcd-8a35-aa627fe1bac8/like
       Parameters = {}
          Headers = []
             Body = null
    Session Attrs = {SPRING_SECURITY_CONTEXT=SecurityContextImpl [Authentication=UsernamePasswordAuthenticationToken [Principal=org.springframework.security.core.userdetails.User [Username=testuser, Password=[PROTECTED], Enabled=true, AccountNonExpired=true, CredentialsNonExpired=true, AccountNonLocked=true, Granted Authorities=[ROLE_USER]], Credentials=[PROTECTED], Authenticated=true, Details=null, Granted Authorities=[ROLE_USER]]]}

Handler:
             Type = com.ryanlab.contentbase.controller.general.article.PublicArticleController
           Method = com.ryanlab.contentbase.controller.general.article.PublicArticleController#toggleLike(String, Authentication)

Async:
    Async started = false
     Async result = null

Resolved Exception:
             Type = com.ryanlab.contentbase.core.exception.ResourceNotFoundException

ModelAndView:
        View name = null
             View = null
            Model = null

FlashMap:
       Attributes = null

MockHttpServletResponse:
           Status = 500
    Error message = null
          Headers = [Content-Type:"application/json", X-Content-Type-Options:"nosniff", X-XSS-Protection:"0", Cache-Control:"no-cache, no-store, max-age=0, must-revalidate", Pragma:"no-cache", Expires:"0", X-Frame-Options:"DENY"]
     Content type = application/json
             Body = {"code":500,"body":{"responseType":"UNKNOW","statusCode":500,"messageSummary":"Internal Server Error","messageDetail":"Internal Server Error"}}
    Forwarded URL = null
   Redirected URL = null
          Cookies = []
2025-12-01T22:58:15.078+07:00 ERROR 18960 --- [ContentBase-Test] [           main] c.r.c.core.api.ResponseMessageId         : Not found ResponseMessageId with name: Article Statistic Not Found: 6bd00cd6-934e-42fe-8e9d-ed102e346840
2025-12-01T22:58:15.078+07:00 ERROR 18960 --- [ContentBase-Test] [           main] c.r.c.c.e.GlobalExceptionHandler         : Not found ResponseMessage with ID = E_NO_CATEGORY_MESSAGE
2025-12-01T22:58:15.078+07:00 ERROR 18960 --- [ContentBase-Test] [           main] c.r.c.c.e.GlobalExceptionHandler         : Not found ResponseMessage with ID = E_NO_CATEGORY_MESSAGE

MockHttpServletRequest:
      HTTP Method = POST
      Request URI = /api/public/articles/6bd00cd6-934e-42fe-8e9d-ed102e346840/like
       Parameters = {}
          Headers = []
             Body = null
    Session Attrs = {SPRING_SECURITY_CONTEXT=SecurityContextImpl [Authentication=UsernamePasswordAuthenticationToken [Principal=org.springframework.security.core.userdetails.User [Username=user1, Password=[PROTECTED], Enabled=true, AccountNonExpired=true, CredentialsNonExpired=true, AccountNonLocked=true, Granted Authorities=[ROLE_USER]], Credentials=[PROTECTED], Authenticated=true, Details=null, Granted Authorities=[ROLE_USER]]]}

Handler:
             Type = com.ryanlab.contentbase.controller.general.article.PublicArticleController
           Method = com.ryanlab.contentbase.controller.general.article.PublicArticleController#toggleLike(String, Authentication)

Async:
    Async started = false
     Async result = null

Resolved Exception:
             Type = com.ryanlab.contentbase.core.exception.ResourceNotFoundException

ModelAndView:
        View name = null
             View = null
            Model = null

FlashMap:
       Attributes = null

MockHttpServletResponse:
           Status = 500
    Error message = null
          Headers = [Content-Type:"application/json", X-Content-Type-Options:"nosniff", X-XSS-Protection:"0", Cache-Control:"no-cache, no-store, max-age=0, must-revalidate", Pragma:"no-cache", Expires:"0", X-Frame-Options:"DENY"]
     Content type = application/json
             Body = {"code":500,"body":{"responseType":"UNKNOW","statusCode":500,"messageSummary":"Internal Server Error","messageDetail":"Internal Server Error"}}
    Forwarded URL = null
   Redirected URL = null
          Cookies = []
2025-12-01T22:58:15.109+07:00 ERROR 18960 --- [ContentBase-Test] [           main] c.r.c.core.api.ResponseMessageId         : Not found ResponseMessageId with name: Article Statistic Not Found: 2c2d5cd9-bc4e-4de4-92fc-a8b5fa8dfd3c
2025-12-01T22:58:15.125+07:00 ERROR 18960 --- [ContentBase-Test] [           main] c.r.c.c.e.GlobalExceptionHandler         : Not found ResponseMessage with ID = E_NO_CATEGORY_MESSAGE
2025-12-01T22:58:15.125+07:00 ERROR 18960 --- [ContentBase-Test] [           main] c.r.c.c.e.GlobalExceptionHandler         : Not found ResponseMessage with ID = E_NO_CATEGORY_MESSAGE

MockHttpServletRequest:
      HTTP Method = POST
      Request URI = /api/public/articles/2c2d5cd9-bc4e-4de4-92fc-a8b5fa8dfd3c/like
       Parameters = {}
          Headers = []
             Body = null
    Session Attrs = {SPRING_SECURITY_CONTEXT=SecurityContextImpl [Authentication=UsernamePasswordAuthenticationToken [Principal=org.springframework.security.core.userdetails.User [Username=testuser, Password=[PROTECTED], Enabled=true, AccountNonExpired=true, CredentialsNonExpired=true, AccountNonLocked=true, Granted Authorities=[ROLE_USER]], Credentials=[PROTECTED], Authenticated=true, Details=null, Granted Authorities=[ROLE_USER]]]}

Handler:
             Type = com.ryanlab.contentbase.controller.general.article.PublicArticleController
           Method = com.ryanlab.contentbase.controller.general.article.PublicArticleController#toggleLike(String, Authentication)

Async:
    Async started = false
     Async result = null

Resolved Exception:
             Type = com.ryanlab.contentbase.core.exception.ResourceNotFoundException

ModelAndView:
        View name = null
             View = null
            Model = null

FlashMap:
       Attributes = null

MockHttpServletResponse:
           Status = 500
    Error message = null
          Headers = [Content-Type:"application/json", X-Content-Type-Options:"nosniff", X-XSS-Protection:"0", Cache-Control:"no-cache, no-store, max-age=0, must-revalidate", Pragma:"no-cache", Expires:"0", X-Frame-Options:"DENY"]
     Content type = application/json
             Body = {"code":500,"body":{"responseType":"UNKNOW","statusCode":500,"messageSummary":"Internal Server Error","messageDetail":"Internal Server Error"}}
    Forwarded URL = null
   Redirected URL = null
          Cookies = []
2025-12-01T22:58:15.156+07:00 ERROR 18960 --- [ContentBase-Test] [           main] c.r.c.core.api.ResponseMessageId         : Not found ResponseMessageId with name: Article Not Found: non-existent-id
2025-12-01T22:58:15.156+07:00 ERROR 18960 --- [ContentBase-Test] [           main] c.r.c.c.e.GlobalExceptionHandler         : Not found ResponseMessage with ID = E_NO_CATEGORY_MESSAGE
2025-12-01T22:58:15.156+07:00 ERROR 18960 --- [ContentBase-Test] [           main] c.r.c.c.e.GlobalExceptionHandler         : Not found ResponseMessage with ID = E_NO_CATEGORY_MESSAGE

MockHttpServletRequest:
      HTTP Method = POST
      Request URI = /api/public/articles/non-existent-id/like
       Parameters = {}
          Headers = []
             Body = null
    Session Attrs = {SPRING_SECURITY_CONTEXT=SecurityContextImpl [Authentication=UsernamePasswordAuthenticationToken [Principal=org.springframework.security.core.userdetails.User [Username=testuser, Password=[PROTECTED], Enabled=true, AccountNonExpired=true, CredentialsNonExpired=true, AccountNonLocked=true, Granted Authorities=[ROLE_USER]], Credentials=[PROTECTED], Authenticated=true, Details=null, Granted Authorities=[ROLE_USER]]]}

Handler:
             Type = com.ryanlab.contentbase.controller.general.article.PublicArticleController
           Method = com.ryanlab.contentbase.controller.general.article.PublicArticleController#toggleLike(String, Authentication)

Async:
    Async started = false
     Async result = null

Resolved Exception:
             Type = com.ryanlab.contentbase.core.exception.ResourceNotFoundException

ModelAndView:
        View name = null
             View = null
            Model = null

FlashMap:
       Attributes = null

MockHttpServletResponse:
           Status = 500
    Error message = null
          Headers = [Content-Type:"application/json", X-Content-Type-Options:"nosniff", X-XSS-Protection:"0", Cache-Control:"no-cache, no-store, max-age=0, must-revalidate", Pragma:"no-cache", Expires:"0", X-Frame-Options:"DENY"]
     Content type = application/json
             Body = {"code":500,"body":{"responseType":"UNKNOW","statusCode":500,"messageSummary":"Internal Server Error","messageDetail":"Internal Server Error"}}
    Forwarded URL = null
   Redirected URL = null
          Cookies = []
2025-12-01T22:58:15.187+07:00 ERROR 18960 --- [ContentBase-Test] [           main] c.r.c.core.api.ResponseMessageId         : Not found ResponseMessageId with name: Article Statistic Not Found: b8b87e2b-ca1c-43e0-9311-2ca758b34647
2025-12-01T22:58:15.187+07:00 ERROR 18960 --- [ContentBase-Test] [           main] c.r.c.c.e.GlobalExceptionHandler         : Not found ResponseMessage with ID = E_NO_CATEGORY_MESSAGE
2025-12-01T22:58:15.187+07:00 ERROR 18960 --- [ContentBase-Test] [           main] c.r.c.c.e.GlobalExceptionHandler         : Not found ResponseMessage with ID = E_NO_CATEGORY_MESSAGE

MockHttpServletRequest:
      HTTP Method = POST
      Request URI = /api/public/articles/b8b87e2b-ca1c-43e0-9311-2ca758b34647/like
       Parameters = {}
          Headers = []
             Body = null
    Session Attrs = {SPRING_SECURITY_CONTEXT=SecurityContextImpl [Authentication=UsernamePasswordAuthenticationToken [Principal=org.springframework.security.core.userdetails.User [Username=testuser, Password=[PROTECTED], Enabled=true, AccountNonExpired=true, CredentialsNonExpired=true, AccountNonLocked=true, Granted Authorities=[ROLE_USER]], Credentials=[PROTECTED], Authenticated=true, Details=null, Granted Authorities=[ROLE_USER]]]}

Handler:
             Type = com.ryanlab.contentbase.controller.general.article.PublicArticleController
           Method = com.ryanlab.contentbase.controller.general.article.PublicArticleController#toggleLike(String, Authentication)

Async:
    Async started = false
     Async result = null

Resolved Exception:
             Type = com.ryanlab.contentbase.core.exception.ResourceNotFoundException

ModelAndView:
        View name = null
             View = null
            Model = null

FlashMap:
       Attributes = null

MockHttpServletResponse:
           Status = 500
    Error message = null
          Headers = [Content-Type:"application/json", X-Content-Type-Options:"nosniff", X-XSS-Protection:"0", Cache-Control:"no-cache, no-store, max-age=0, must-revalidate", Pragma:"no-cache", Expires:"0", X-Frame-Options:"DENY"]
     Content type = application/json
             Body = {"code":500,"body":{"responseType":"UNKNOW","statusCode":500,"messageSummary":"Internal Server Error","messageDetail":"Internal Server Error"}}
    Forwarded URL = null
   Redirected URL = null
          Cookies = []
2025-12-01T22:58:15.234+07:00 ERROR 18960 --- [ContentBase-Test] [           main] c.r.c.core.api.ResponseMessageId         : Not found ResponseMessageId with name: Article Statistic Not Found: e61ef0fe-fbed-47eb-9d6c-bf0de2db443b
2025-12-01T22:58:15.234+07:00 ERROR 18960 --- [ContentBase-Test] [           main] c.r.c.c.e.GlobalExceptionHandler         : Not found ResponseMessage with ID = E_NO_CATEGORY_MESSAGE
2025-12-01T22:58:15.250+07:00 ERROR 18960 --- [ContentBase-Test] [           main] c.r.c.c.e.GlobalExceptionHandler         : Not found ResponseMessage with ID = E_NO_CATEGORY_MESSAGE

MockHttpServletRequest:
      HTTP Method = POST
      Request URI = /api/public/articles/e61ef0fe-fbed-47eb-9d6c-bf0de2db443b/like
       Parameters = {}
          Headers = []
             Body = null
    Session Attrs = {SPRING_SECURITY_CONTEXT=SecurityContextImpl [Authentication=UsernamePasswordAuthenticationToken [Principal=org.springframework.security.core.userdetails.User [Username=testuser, Password=[PROTECTED], Enabled=true, AccountNonExpired=true, CredentialsNonExpired=true, AccountNonLocked=true, Granted Authorities=[ROLE_USER]], Credentials=[PROTECTED], Authenticated=true, Details=null, Granted Authorities=[ROLE_USER]]]}

Handler:
             Type = com.ryanlab.contentbase.controller.general.article.PublicArticleController
           Method = com.ryanlab.contentbase.controller.general.article.PublicArticleController#toggleLike(String, Authentication)

Async:
    Async started = false
     Async result = null

Resolved Exception:
             Type = com.ryanlab.contentbase.core.exception.ResourceNotFoundException

ModelAndView:
        View name = null
             View = null
            Model = null

FlashMap:
       Attributes = null

MockHttpServletResponse:
           Status = 500
    Error message = null
          Headers = [Content-Type:"application/json", X-Content-Type-Options:"nosniff", X-XSS-Protection:"0", Cache-Control:"no-cache, no-store, max-age=0, must-revalidate", Pragma:"no-cache", Expires:"0", X-Frame-Options:"DENY"]
     Content type = application/json
             Body = {"code":500,"body":{"responseType":"UNKNOW","statusCode":500,"messageSummary":"Internal Server Error","messageDetail":"Internal Server Error"}}
    Forwarded URL = null
   Redirected URL = null
          Cookies = []
2025-12-01T22:58:15.281+07:00 ERROR 18960 --- [ContentBase-Test] [           main] c.r.c.core.api.ResponseMessageId         : Not found ResponseMessageId with name: Article Statistic Not Found: 3a0c77ef-de24-4eda-a7c6-f0b512d105d2
2025-12-01T22:58:15.281+07:00 ERROR 18960 --- [ContentBase-Test] [           main] c.r.c.c.e.GlobalExceptionHandler         : Not found ResponseMessage with ID = E_NO_CATEGORY_MESSAGE
2025-12-01T22:58:15.281+07:00 ERROR 18960 --- [ContentBase-Test] [           main] c.r.c.c.e.GlobalExceptionHandler         : Not found ResponseMessage with ID = E_NO_CATEGORY_MESSAGE

MockHttpServletRequest:
      HTTP Method = POST
      Request URI = /api/public/articles/3a0c77ef-de24-4eda-a7c6-f0b512d105d2/like
       Parameters = {}
          Headers = []
             Body = null
    Session Attrs = {SPRING_SECURITY_CONTEXT=SecurityContextImpl [Authentication=UsernamePasswordAuthenticationToken [Principal=org.springframework.security.core.userdetails.User [Username=testuser, Password=[PROTECTED], Enabled=true, AccountNonExpired=true, CredentialsNonExpired=true, AccountNonLocked=true, Granted Authorities=[ROLE_USER]], Credentials=[PROTECTED], Authenticated=true, Details=null, Granted Authorities=[ROLE_USER]]]}

Handler:
             Type = com.ryanlab.contentbase.controller.general.article.PublicArticleController
           Method = com.ryanlab.contentbase.controller.general.article.PublicArticleController#toggleLike(String, Authentication)

Async:
    Async started = false
     Async result = null

Resolved Exception:
             Type = com.ryanlab.contentbase.core.exception.ResourceNotFoundException

ModelAndView:
        View name = null
             View = null
            Model = null

FlashMap:
       Attributes = null

MockHttpServletResponse:
           Status = 500
    Error message = null
          Headers = [Content-Type:"application/json", X-Content-Type-Options:"nosniff", X-XSS-Protection:"0", Cache-Control:"no-cache, no-store, max-age=0, must-revalidate", Pragma:"no-cache", Expires:"0", X-Frame-Options:"DENY"]
     Content type = application/json
             Body = {"code":500,"body":{"responseType":"UNKNOW","statusCode":500,"messageSummary":"Internal Server Error","messageDetail":"Internal Server Error"}}
    Forwarded URL = null
   Redirected URL = null
          Cookies = []
2025-12-01T22:58:15.328+07:00 ERROR 18960 --- [ContentBase-Test] [           main] c.r.c.core.api.ResponseMessageId         : Not found ResponseMessageId with name: Article Statistic Not Found: cddc8ce7-0977-4e0c-b3a9-dd40ec14dd9e
2025-12-01T22:58:15.328+07:00 ERROR 18960 --- [ContentBase-Test] [           main] c.r.c.c.e.GlobalExceptionHandler         : Not found ResponseMessage with ID = E_NO_CATEGORY_MESSAGE
2025-12-01T22:58:15.328+07:00 ERROR 18960 --- [ContentBase-Test] [           main] c.r.c.c.e.GlobalExceptionHandler         : Not found ResponseMessage with ID = E_NO_CATEGORY_MESSAGE

MockHttpServletRequest:
      HTTP Method = POST
      Request URI = /api/public/articles/cddc8ce7-0977-4e0c-b3a9-dd40ec14dd9e/like
       Parameters = {}
          Headers = []
             Body = null
    Session Attrs = {SPRING_SECURITY_CONTEXT=SecurityContextImpl [Authentication=UsernamePasswordAuthenticationToken [Principal=org.springframework.security.core.userdetails.User [Username=testuser, Password=[PROTECTED], Enabled=true, AccountNonExpired=true, CredentialsNonExpired=true, AccountNonLocked=true, Granted Authorities=[ROLE_USER]], Credentials=[PROTECTED], Authenticated=true, Details=null, Granted Authorities=[ROLE_USER]]]}

Handler:
             Type = com.ryanlab.contentbase.controller.general.article.PublicArticleController
           Method = com.ryanlab.contentbase.controller.general.article.PublicArticleController#toggleLike(String, Authentication)

Async:
    Async started = false
     Async result = null

Resolved Exception:
             Type = com.ryanlab.contentbase.core.exception.ResourceNotFoundException

ModelAndView:
        View name = null
             View = null
            Model = null

FlashMap:
       Attributes = null

MockHttpServletResponse:
           Status = 500
    Error message = null
          Headers = [Content-Type:"application/json", X-Content-Type-Options:"nosniff", X-XSS-Protection:"0", Cache-Control:"no-cache, no-store, max-age=0, must-revalidate", Pragma:"no-cache", Expires:"0", X-Frame-Options:"DENY"]
     Content type = application/json
             Body = {"code":500,"body":{"responseType":"UNKNOW","statusCode":500,"messageSummary":"Internal Server Error","messageDetail":"Internal Server Error"}}
    Forwarded URL = null
   Redirected URL = null
          Cookies = []
2025-12-01T22:58:15.359+07:00 ERROR 18960 --- [ContentBase-Test] [           main] c.r.c.core.api.ResponseMessageId         : Not found ResponseMessageId with name: Article Statistic Not Found: 5caf8cf4-d463-42d9-878e-9279d763f7c5
2025-12-01T22:58:15.375+07:00 ERROR 18960 --- [ContentBase-Test] [           main] c.r.c.c.e.GlobalExceptionHandler         : Not found ResponseMessage with ID = E_NO_CATEGORY_MESSAGE
2025-12-01T22:58:15.375+07:00 ERROR 18960 --- [ContentBase-Test] [           main] c.r.c.c.e.GlobalExceptionHandler         : Not found ResponseMessage with ID = E_NO_CATEGORY_MESSAGE

MockHttpServletRequest:
      HTTP Method = POST
      Request URI = /api/public/articles/5caf8cf4-d463-42d9-878e-9279d763f7c5/like
       Parameters = {}
          Headers = []
             Body = null
    Session Attrs = {SPRING_SECURITY_CONTEXT=SecurityContextImpl [Authentication=UsernamePasswordAuthenticationToken [Principal=org.springframework.security.core.userdetails.User [Username=testuser, Password=[PROTECTED], Enabled=true, AccountNonExpired=true, CredentialsNonExpired=true, AccountNonLocked=true, Granted Authorities=[ROLE_USER]], Credentials=[PROTECTED], Authenticated=true, Details=null, Granted Authorities=[ROLE_USER]]]}

Handler:
             Type = com.ryanlab.contentbase.controller.general.article.PublicArticleController
           Method = com.ryanlab.contentbase.controller.general.article.PublicArticleController#toggleLike(String, Authentication)

Async:
    Async started = false
     Async result = null

Resolved Exception:
             Type = com.ryanlab.contentbase.core.exception.ResourceNotFoundException

ModelAndView:
        View name = null
             View = null
            Model = null

FlashMap:
       Attributes = null

MockHttpServletResponse:
           Status = 500
    Error message = null
          Headers = [Content-Type:"application/json", X-Content-Type-Options:"nosniff", X-XSS-Protection:"0", Cache-Control:"no-cache, no-store, max-age=0, must-revalidate", Pragma:"no-cache", Expires:"0", X-Frame-Options:"DENY"]
     Content type = application/json
             Body = {"code":500,"body":{"responseType":"UNKNOW","statusCode":500,"messageSummary":"Internal Server Error","messageDetail":"Internal Server Error"}}
    Forwarded URL = null
   Redirected URL = null
          Cookies = []
2025-12-01T22:58:15.406+07:00 ERROR 18960 --- [ContentBase-Test] [           main] c.r.c.core.api.ResponseMessageId         : Not found ResponseMessageId with name: Article Statistic Not Found: c955cd34-2091-4aa3-8f84-8abc03237669
2025-12-01T22:58:15.406+07:00 ERROR 18960 --- [ContentBase-Test] [           main] c.r.c.c.e.GlobalExceptionHandler         : Not found ResponseMessage with ID = E_NO_CATEGORY_MESSAGE
2025-12-01T22:58:15.406+07:00 ERROR 18960 --- [ContentBase-Test] [           main] c.r.c.c.e.GlobalExceptionHandler         : Not found ResponseMessage with ID = E_NO_CATEGORY_MESSAGE

MockHttpServletRequest:
      HTTP Method = POST
      Request URI = /api/public/articles/c955cd34-2091-4aa3-8f84-8abc03237669/like
       Parameters = {}
          Headers = []
             Body = null
    Session Attrs = {SPRING_SECURITY_CONTEXT=SecurityContextImpl [Authentication=UsernamePasswordAuthenticationToken [Principal=org.springframework.security.core.userdetails.User [Username=user2, Password=[PROTECTED], Enabled=true, AccountNonExpired=true, CredentialsNonExpired=true, AccountNonLocked=true, Granted Authorities=[ROLE_USER]], Credentials=[PROTECTED], Authenticated=true, Details=null, Granted Authorities=[ROLE_USER]]]}

Handler:
             Type = com.ryanlab.contentbase.controller.general.article.PublicArticleController
           Method = com.ryanlab.contentbase.controller.general.article.PublicArticleController#toggleLike(String, Authentication)

Async:
    Async started = false
     Async result = null

Resolved Exception:
             Type = com.ryanlab.contentbase.core.exception.ResourceNotFoundException

ModelAndView:
        View name = null
             View = null
            Model = null

FlashMap:
       Attributes = null

MockHttpServletResponse:
           Status = 500
    Error message = null
          Headers = [Content-Type:"application/json", X-Content-Type-Options:"nosniff", X-XSS-Protection:"0", Cache-Control:"no-cache, no-store, max-age=0, must-revalidate", Pragma:"no-cache", Expires:"0", X-Frame-Options:"DENY"]
     Content type = application/json
             Body = {"code":500,"body":{"responseType":"UNKNOW","statusCode":500,"messageSummary":"Internal Server Error","messageDetail":"Internal Server Error"}}
    Forwarded URL = null
   Redirected URL = null
          Cookies = []
[ERROR] Tests run: 10, Failures: 10, Errors: 0, Skipped: 0, Time elapsed: 0.449 s <<< FAILURE! -- in com.ryanlab.contentbase.integration.controller.general.article.ToggleArticleLikeIntegrationTest
[ERROR] com.ryanlab.contentbase.integration.controller.general.article.ToggleArticleLikeIntegrationTest.testPreventDuplicateLikes -- Time elapsed: 0.043 s <<< FAILURE!
java.lang.AssertionError: Status expected:<200> but was:<500>
	at org.springframework.test.util.AssertionErrors.fail(AssertionErrors.java:61)
	at org.springframework.test.util.AssertionErrors.assertEquals(AssertionErrors.java:128)
	at org.springframework.test.web.servlet.result.StatusResultMatchers.lambda$matcher$9(StatusResultMatchers.java:640)
	at org.springframework.test.web.servlet.MockMvc$1.andExpect(MockMvc.java:214)
	at com.ryanlab.contentbase.integration.controller.general.article.ToggleArticleLikeIntegrationTest.testPreventDuplicateLikes(ToggleArticleLikeIntegrationTest.java:115)
	at java.base/java.lang.reflect.Method.invoke(Method.java:580)
	at java.base/java.util.ArrayList.forEach(ArrayList.java:1596)
	at java.base/java.util.ArrayList.forEach(ArrayList.java:1596)

[ERROR] com.ryanlab.contentbase.integration.controller.general.article.ToggleArticleLikeIntegrationTest.testToggleLikeMultipleUsers -- Time elapsed: 0.047 s <<< FAILURE!
java.lang.AssertionError: Status expected:<200> but was:<500>
	at org.springframework.test.util.AssertionErrors.fail(AssertionErrors.java:61)
	at org.springframework.test.util.AssertionErrors.assertEquals(AssertionErrors.java:128)
	at org.springframework.test.web.servlet.result.StatusResultMatchers.lambda$matcher$9(StatusResultMatchers.java:640)
	at org.springframework.test.web.servlet.MockMvc$1.andExpect(MockMvc.java:214)
	at com.ryanlab.contentbase.integration.controller.general.article.ToggleArticleLikeIntegrationTest.testToggleLikeMultipleUsers(ToggleArticleLikeIntegrationTest.java:94)
	at java.base/java.lang.reflect.Method.invoke(Method.java:580)
	at java.base/java.util.ArrayList.forEach(ArrayList.java:1596)
	at java.base/java.util.ArrayList.forEach(ArrayList.java:1596)

[ERROR] com.ryanlab.contentbase.integration.controller.general.article.ToggleArticleLikeIntegrationTest.testRapidToggleLikes -- Time elapsed: 0.032 s <<< FAILURE!
java.lang.AssertionError: Status expected:<200> but was:<500>
	at org.springframework.test.util.AssertionErrors.fail(AssertionErrors.java:61)
	at org.springframework.test.util.AssertionErrors.assertEquals(AssertionErrors.java:128)
	at org.springframework.test.web.servlet.result.StatusResultMatchers.lambda$matcher$9(StatusResultMatchers.java:640)
	at org.springframework.test.web.servlet.MockMvc$1.andExpect(MockMvc.java:214)
	at com.ryanlab.contentbase.integration.controller.general.article.ToggleArticleLikeIntegrationTest.testRapidToggleLikes(ToggleArticleLikeIntegrationTest.java:131)
	at java.base/java.lang.reflect.Method.invoke(Method.java:580)
	at java.base/java.util.ArrayList.forEach(ArrayList.java:1596)
	at java.base/java.util.ArrayList.forEach(ArrayList.java:1596)

[ERROR] com.ryanlab.contentbase.integration.controller.general.article.ToggleArticleLikeIntegrationTest.testToggleLikeArticleNotFound -- Time elapsed: 0.031 s <<< FAILURE!
java.lang.AssertionError: Status expected:<404> but was:<500>
	at org.springframework.test.util.AssertionErrors.fail(AssertionErrors.java:61)
	at org.springframework.test.util.AssertionErrors.assertEquals(AssertionErrors.java:128)
	at org.springframework.test.web.servlet.result.StatusResultMatchers.lambda$matcher$9(StatusResultMatchers.java:640)
	at org.springframework.test.web.servlet.MockMvc$1.andExpect(MockMvc.java:214)
	at com.ryanlab.contentbase.integration.controller.general.article.ToggleArticleLikeIntegrationTest.testToggleLikeArticleNotFound(ToggleArticleLikeIntegrationTest.java:86)
	at java.base/java.lang.reflect.Method.invoke(Method.java:580)
	at java.base/java.util.ArrayList.forEach(ArrayList.java:1596)
	at java.base/java.util.ArrayList.forEach(ArrayList.java:1596)

[ERROR] com.ryanlab.contentbase.integration.controller.general.article.ToggleArticleLikeIntegrationTest.testToggleLikePersistToDB -- Time elapsed: 0.047 s <<< FAILURE!
java.lang.AssertionError: Status expected:<200> but was:<500>
	at org.springframework.test.util.AssertionErrors.fail(AssertionErrors.java:61)
	at org.springframework.test.util.AssertionErrors.assertEquals(AssertionErrors.java:128)
	at org.springframework.test.web.servlet.result.StatusResultMatchers.lambda$matcher$9(StatusResultMatchers.java:640)
	at org.springframework.test.web.servlet.MockMvc$1.andExpect(MockMvc.java:214)
	at com.ryanlab.contentbase.integration.controller.general.article.ToggleArticleLikeIntegrationTest.testToggleLikePersistToDB(ToggleArticleLikeIntegrationTest.java:176)
	at java.base/java.lang.reflect.Method.invoke(Method.java:580)
	at java.base/java.util.ArrayList.forEach(ArrayList.java:1596)
	at java.base/java.util.ArrayList.forEach(ArrayList.java:1596)

[ERROR] com.ryanlab.contentbase.integration.controller.general.article.ToggleArticleLikeIntegrationTest.testLikeCountAccuracy -- Time elapsed: 0.047 s <<< FAILURE!
java.lang.AssertionError: Status expected:<200> but was:<500>
	at org.springframework.test.util.AssertionErrors.fail(AssertionErrors.java:61)
	at org.springframework.test.util.AssertionErrors.assertEquals(AssertionErrors.java:128)
	at org.springframework.test.web.servlet.result.StatusResultMatchers.lambda$matcher$9(StatusResultMatchers.java:640)
	at org.springframework.test.web.servlet.MockMvc$1.andExpect(MockMvc.java:214)
	at com.ryanlab.contentbase.integration.controller.general.article.ToggleArticleLikeIntegrationTest.testLikeCountAccuracy(ToggleArticleLikeIntegrationTest.java:146)
	at java.base/java.lang.reflect.Method.invoke(Method.java:580)
	at java.base/java.util.ArrayList.forEach(ArrayList.java:1596)
	at java.base/java.util.ArrayList.forEach(ArrayList.java:1596)

[ERROR] com.ryanlab.contentbase.integration.controller.general.article.ToggleArticleLikeIntegrationTest.testToggleLikeResponseFields -- Time elapsed: 0.031 s <<< FAILURE!
java.lang.AssertionError: Status expected:<200> but was:<500>
	at org.springframework.test.util.AssertionErrors.fail(AssertionErrors.java:61)
	at org.springframework.test.util.AssertionErrors.assertEquals(AssertionErrors.java:128)
	at org.springframework.test.web.servlet.result.StatusResultMatchers.lambda$matcher$9(StatusResultMatchers.java:640)
	at org.springframework.test.web.servlet.MockMvc$1.andExpect(MockMvc.java:214)
	at com.ryanlab.contentbase.integration.controller.general.article.ToggleArticleLikeIntegrationTest.testToggleLikeResponseFields(ToggleArticleLikeIntegrationTest.java:165)
	at java.base/java.lang.reflect.Method.invoke(Method.java:580)
	at java.base/java.util.ArrayList.forEach(ArrayList.java:1596)
	at java.base/java.util.ArrayList.forEach(ArrayList.java:1596)

[ERROR] com.ryanlab.contentbase.integration.controller.general.article.ToggleArticleLikeIntegrationTest.testToggleLikeTwice -- Time elapsed: 0.032 s <<< FAILURE!
java.lang.AssertionError: Status expected:<200> but was:<500>
	at org.springframework.test.util.AssertionErrors.fail(AssertionErrors.java:61)
	at org.springframework.test.util.AssertionErrors.assertEquals(AssertionErrors.java:128)
	at org.springframework.test.web.servlet.result.StatusResultMatchers.lambda$matcher$9(StatusResultMatchers.java:640)
	at org.springframework.test.web.servlet.MockMvc$1.andExpect(MockMvc.java:214)
	at com.ryanlab.contentbase.integration.controller.general.article.ToggleArticleLikeIntegrationTest.testToggleLikeTwice(ToggleArticleLikeIntegrationTest.java:71)
	at java.base/java.lang.reflect.Method.invoke(Method.java:580)
	at java.base/java.util.ArrayList.forEach(ArrayList.java:1596)
	at java.base/java.util.ArrayList.forEach(ArrayList.java:1596)

[ERROR] com.ryanlab.contentbase.integration.controller.general.article.ToggleArticleLikeIntegrationTest.testToggleLikeFirstTime -- Time elapsed: 0.032 s <<< FAILURE!
java.lang.AssertionError: Status expected:<200> but was:<500>
	at org.springframework.test.util.AssertionErrors.fail(AssertionErrors.java:61)
	at org.springframework.test.util.AssertionErrors.assertEquals(AssertionErrors.java:128)
	at org.springframework.test.web.servlet.result.StatusResultMatchers.lambda$matcher$9(StatusResultMatchers.java:640)
	at org.springframework.test.web.servlet.MockMvc$1.andExpect(MockMvc.java:214)
	at com.ryanlab.contentbase.integration.controller.general.article.ToggleArticleLikeIntegrationTest.testToggleLikeFirstTime(ToggleArticleLikeIntegrationTest.java:59)
	at java.base/java.lang.reflect.Method.invoke(Method.java:580)
	at java.base/java.util.ArrayList.forEach(ArrayList.java:1596)
	at java.base/java.util.ArrayList.forEach(ArrayList.java:1596)

[ERROR] com.ryanlab.contentbase.integration.controller.general.article.ToggleArticleLikeIntegrationTest.testToggleLikeAnotherUser -- Time elapsed: 0.046 s <<< FAILURE!
java.lang.AssertionError: Status expected:<200> but was:<500>
	at org.springframework.test.util.AssertionErrors.fail(AssertionErrors.java:61)
	at org.springframework.test.util.AssertionErrors.assertEquals(AssertionErrors.java:128)
	at org.springframework.test.web.servlet.result.StatusResultMatchers.lambda$matcher$9(StatusResultMatchers.java:640)
	at org.springframework.test.web.servlet.MockMvc$1.andExpect(MockMvc.java:214)
	at com.ryanlab.contentbase.integration.controller.general.article.ToggleArticleLikeIntegrationTest.testToggleLikeAnotherUser(ToggleArticleLikeIntegrationTest.java:104)
	at java.base/java.lang.reflect.Method.invoke(Method.java:580)
	at java.base/java.util.ArrayList.forEach(ArrayList.java:1596)
	at java.base/java.util.ArrayList.forEach(ArrayList.java:1596)

2025-12-01T22:58:15.453+07:00  INFO 18960 --- [ContentBase-Test] [           main] t.c.s.AnnotationConfigContextLoaderUtils : Could not detect default configuration classes for test class [com.ryanlab.contentbase.integration.controller.general.category.GetCategoriesIntegrationTest]: GetCategoriesIntegrationTest does not declare any static, non-private, non-final, nested classes annotated with @Configuration.
2025-12-01T22:58:15.531+07:00  INFO 18960 --- [ContentBase-Test] [           main] .b.t.c.SpringBootTestContextBootstrapper : Found @SpringBootConfiguration com.ryanlab.contentbase.ContentBaseApplication for test class com.ryanlab.contentbase.integration.controller.general.category.GetCategoriesIntegrationTest
[ERROR] Failures: 
[ERROR]   CreateArticleIntegrationTest.testCreateArticleCountIncrement:323 Status expected:<201> but was:<500>
[ERROR]   CreateArticleIntegrationTest.testCreateArticleDefaultStatusDraft:205 Status expected:<201> but was:<500>
[ERROR]   CreateArticleIntegrationTest.testCreateArticleDuplicateSlug:234 Status expected:<201> but was:<500>
[ERROR]   CreateArticleIntegrationTest.testCreateArticleEmptyContent:147 Status expected:<400> but was:<500>
[ERROR]   CreateArticleIntegrationTest.testCreateArticleEmptySlug:121 Status expected:<400> but was:<500>
[ERROR]   CreateArticleIntegrationTest.testCreateArticleEmptyTitle:95 Status expected:<400> but was:<500>
[ERROR]   CreateArticleIntegrationTest.testCreateArticleForbiddenUser:267 Status expected:<403> but was:<500>
[ERROR]   CreateArticleIntegrationTest.testCreateArticleInvalidStatus:255 Status expected:<400> but was:<500>
[ERROR]   CreateArticleIntegrationTest.testCreateArticleLongContent:160 Status expected:<201> but was:<500>
[ERROR]   CreateArticleIntegrationTest.testCreateArticleMissingContent:134 Status expected:<400> but was:<500>
[ERROR]   CreateArticleIntegrationTest.testCreateArticleMissingSlug:108 Status expected:<400> but was:<500>
[ERROR]   CreateArticleIntegrationTest.testCreateArticleMissingTitle:82 Status expected:<400> but was:<500>
[ERROR]   CreateArticleIntegrationTest.testCreateArticleReturnAllFields:302 Status expected:<201> but was:<500>
[ERROR]   CreateArticleIntegrationTest.testCreateArticleSpecialCharactersSlug:188 Status expected:<201> but was:<500>
[ERROR]   CreateArticleIntegrationTest.testCreateArticleSpecialCharactersTitle:174 Status expected:<201> but was:<500>
[ERROR]   CreateArticleIntegrationTest.testCreateArticleSuccess:64 Status expected:<201> but was:<500>
[ERROR]   CreateArticleIntegrationTest.testCreateArticleTrimTitle:339 Status expected:<201> but was:<500>
[ERROR]   CreateArticleIntegrationTest.testCreateArticleUnauthorized:278 Status expected:<401> but was:<500>
[ERROR]   CreateArticleIntegrationTest.testCreateArticleWithOptionalFields:220 Status expected:<201> but was:<500>
[ERROR]   UpdateArticleStatusIntegrationTest.testUpdateStatusArticleNotFound:155 Status expected:<404> but was:<500>
[ERROR]   UpdateArticleStatusIntegrationTest.testUpdateStatusCaseInsensitive:230 No value at JSON path "$.statusCode"
[ERROR]   UpdateArticleStatusIntegrationTest.testUpdateStatusEmpty:129 Status expected:<400> but was:<500>
[ERROR]   UpdateArticleStatusIntegrationTest.testUpdateStatusForbiddenUser:168 Status expected:<403> but was:<500>
[ERROR]   UpdateArticleStatusIntegrationTest.testUpdateStatusInvalid:116 Status expected:<400> but was:<500>
[ERROR]   UpdateArticleStatusIntegrationTest.testUpdateStatusNull:142 Status expected:<400> but was:<500>
[ERROR]   UpdateArticleStatusIntegrationTest.testUpdateStatusPublishedAtSet:194 No value at JSON path "$.publishedAt"
[ERROR]   UpdateArticleStatusIntegrationTest.testUpdateStatusReturnAllFields:244 No value at JSON path "$.id"
[ERROR]   UpdateArticleStatusIntegrationTest.testUpdateStatusUnauthorized:180 Status expected:<401> but was:<500>
[ERROR]   CreateCommentIntegrationTest.testCreateCommentAnonymous:93 Status expected:<200> but was:<500>
[ERROR]   CreateCommentIntegrationTest.testCreateCommentArticleNotFound:108 Status expected:<404> but was:<500>
[ERROR]   CreateCommentIntegrationTest.testCreateCommentEmptyContent:122 Status expected:<400> but was:<500>
[ERROR]   CreateCommentIntegrationTest.testCreateCommentExceedsMaxLength:167 Status expected:<400> but was:<500>
[ERROR]   CreateCommentIntegrationTest.testCreateCommentIncrementsStats:181 Status expected:<200> but was:<500>
[ERROR]   CreateCommentIntegrationTest.testCreateCommentLongContent:151 Status expected:<200> but was:<500>
[ERROR]   CreateCommentIntegrationTest.testCreateCommentNullContent:136 Status expected:<400> but was:<500>
[ERROR]   CreateCommentIntegrationTest.testCreateCommentSpecialCharacters:200 Status expected:<200> but was:<500>
[ERROR]   CreateCommentIntegrationTest.testCreateCommentSuccess:76 Status expected:<200> but was:<500>
[ERROR]   CreateCommentIntegrationTest.testCreateMultipleComments:216 Status expected:<200> but was:<500>
[ERROR]   GetArticleBySlugIntegrationTest.testGetArticleBySlugCaseSensitive:107 Status expected:<404> but was:<500>
[ERROR]   GetArticleBySlugIntegrationTest.testGetArticleBySlugDraftNotReturned:68 Status expected:<404> but was:<500>
[ERROR]   GetArticleBySlugIntegrationTest.testGetArticleBySlugHiddenNotReturned:80 Status expected:<404> but was:<500>
[ERROR]   GetArticleBySlugIntegrationTest.testGetArticleBySlugNotFound:56 Status expected:<404> but was:<500>
[ERROR]   GetArticleBySlugIntegrationTest.testGetArticleBySlugReturnAllFields:117 No value at JSON path "$.dateCreated"
[ERROR]   GetArticleBySlugIntegrationTest.testGetArticleBySlugSuccess:47 JSON path "$.contentId" expected:<07e6aa51-5d41-430b-ad9b-69491d9752e7> but was:<e56fa1dc-45b6-415e-8161-c99dcaed68d3>
[ERROR]   ToggleArticleLikeIntegrationTest.testLikeCountAccuracy:146 Status expected:<200> but was:<500>
[ERROR]   ToggleArticleLikeIntegrationTest.testPreventDuplicateLikes:115 Status expected:<200> but was:<500>
[ERROR]   ToggleArticleLikeIntegrationTest.testRapidToggleLikes:131 Status expected:<200> but was:<500>
[ERROR]   ToggleArticleLikeIntegrationTest.testToggleLikeAnotherUser:104 Status expected:<200> but was:<500>
[ERROR]   ToggleArticleLikeIntegrationTest.testToggleLikeArticleNotFound:86 Status expected:<404> but was:<500>
[ERROR]   ToggleArticleLikeIntegrationTest.testToggleLikeFirstTime:59 Status expected:<200> but was:<500>
[ERROR]   ToggleArticleLikeIntegrationTest.testToggleLikeMultipleUsers:94 Status expected:<200> but was:<500>
[ERROR]   ToggleArticleLikeIntegrationTest.testToggleLikePersistToDB:176 Status expected:<200> but was:<500>
[ERROR]   ToggleArticleLikeIntegrationTest.testToggleLikeResponseFields:165 Status expected:<200> but was:<500>
[ERROR]   ToggleArticleLikeIntegrationTest.testToggleLikeTwice:71 Status expected:<200> but was:<500>
[ERROR] Tests run: 69, Failures: 54, Errors: 0, Skipped: 0
[ERROR] Failed to execute goal org.apache.maven.plugins:maven-surefire-plugin:3.5.2:test (default-test) on project ContentBase: There are test failures.
[ERROR] 
[ERROR] See E:\SourcesCode\SourcesJava\Projects\CodeBase\ContentBase\target\surefire-reports for the individual test results.
[ERROR] See dump files (if any exist) [date].dump, [date]-jvmRun[N].dump and [date].dumpstream.
[ERROR] -> [Help 1]
[ERROR] 
[ERROR] To see the full stack trace of the errors, re-run Maven with the -e switch.
[ERROR] Re-run Maven using the -X switch to enable full debug logging.
[ERROR] 
[ERROR] For more information about the errors and possible solutions, please read the following articles:
[ERROR] [Help 1] http://cwiki.apache.org/confluence/display/MAVEN/MojoFailureException
